Archive member included to satisfy reference by file (symbol)

app/libapp.a(flashingtest.c.obj)
                              (--whole-archive)
zephyr/libzephyr.a(heap.c.obj)
                              (--whole-archive)
zephyr/libzephyr.a(cbprintf_packaged.c.obj)
                              (--whole-archive)
zephyr/libzephyr.a(printk.c.obj)
                              (--whole-archive)
zephyr/libzephyr.a(sem.c.obj)
                              (--whole-archive)
zephyr/libzephyr.a(thread_entry.c.obj)
                              (--whole-archive)
zephyr/libzephyr.a(cbprintf_complete.c.obj)
                              (--whole-archive)
zephyr/libzephyr.a(cbprintf.c.obj)
                              (--whole-archive)
zephyr/libzephyr.a(assert.c.obj)
                              (--whole-archive)
zephyr/libzephyr.a(mpsc_pbuf.c.obj)
                              (--whole-archive)
zephyr/libzephyr.a(reboot.c.obj)
                              (--whole-archive)
zephyr/libzephyr.a(dec.c.obj)
                              (--whole-archive)
zephyr/libzephyr.a(hex.c.obj)
                              (--whole-archive)
zephyr/libzephyr.a(rb.c.obj)  (--whole-archive)
zephyr/libzephyr.a(timeutil.c.obj)
                              (--whole-archive)
zephyr/libzephyr.a(bitarray.c.obj)
                              (--whole-archive)
zephyr/libzephyr.a(configs.c.obj)
                              (--whole-archive)
zephyr/libzephyr.a(stm32cube_hal.c.obj)
                              (--whole-archive)
zephyr/libzephyr.a(soc_config.c.obj)
                              (--whole-archive)
zephyr/libzephyr.a(soc.c.obj)
                              (--whole-archive)
zephyr/libzephyr.a(log_core.c.obj)
                              (--whole-archive)
zephyr/libzephyr.a(log_mgmt.c.obj)
                              (--whole-archive)
zephyr/libzephyr.a(log_cache.c.obj)
                              (--whole-archive)
zephyr/libzephyr.a(log_msg.c.obj)
                              (--whole-archive)
zephyr/libzephyr.a(log_output.c.obj)
                              (--whole-archive)
zephyr/libzephyr.a(log_backend_uart.c.obj)
                              (--whole-archive)
zephyr/libzephyr.a(mem_attr.c.obj)
                              (--whole-archive)
zephyr/libzephyr.a(tracing_none.c.obj)
                              (--whole-archive)
zephyr/arch/common/libarch__common.a(sw_isr_common.c.obj)
                              (--whole-archive)
zephyr/arch/arch/arm/core/libarch__arm__core.a(fatal.c.obj)
                              (--whole-archive)
zephyr/arch/arch/arm/core/libarch__arm__core.a(nmi.c.obj)
                              (--whole-archive)
zephyr/arch/arch/arm/core/libarch__arm__core.a(nmi_on_reset.S.obj)
                              (--whole-archive)
zephyr/arch/arch/arm/core/cortex_m/libarch__arm__core__cortex_m.a(exc_exit.c.obj)
                              (--whole-archive)
zephyr/arch/arch/arm/core/cortex_m/libarch__arm__core__cortex_m.a(fault.c.obj)
                              (--whole-archive)
zephyr/arch/arch/arm/core/cortex_m/libarch__arm__core__cortex_m.a(fault_s.S.obj)
                              (--whole-archive)
zephyr/arch/arch/arm/core/cortex_m/libarch__arm__core__cortex_m.a(fpu.c.obj)
                              (--whole-archive)
zephyr/arch/arch/arm/core/cortex_m/libarch__arm__core__cortex_m.a(reset.S.obj)
                              (--whole-archive)
zephyr/arch/arch/arm/core/cortex_m/libarch__arm__core__cortex_m.a(scb.c.obj)
                              (--whole-archive)
zephyr/arch/arch/arm/core/cortex_m/libarch__arm__core__cortex_m.a(thread_abort.c.obj)
                              (--whole-archive)
zephyr/arch/arch/arm/core/cortex_m/libarch__arm__core__cortex_m.a(vector_table.S.obj)
                              (--whole-archive)
zephyr/arch/arch/arm/core/cortex_m/libarch__arm__core__cortex_m.a(swap.c.obj)
                              (--whole-archive)
zephyr/arch/arch/arm/core/cortex_m/libarch__arm__core__cortex_m.a(swap_helper.S.obj)
                              (--whole-archive)
zephyr/arch/arch/arm/core/cortex_m/libarch__arm__core__cortex_m.a(irq_manage.c.obj)
                              (--whole-archive)
zephyr/arch/arch/arm/core/cortex_m/libarch__arm__core__cortex_m.a(prep_c.c.obj)
                              (--whole-archive)
zephyr/arch/arch/arm/core/cortex_m/libarch__arm__core__cortex_m.a(thread.c.obj)
                              (--whole-archive)
zephyr/arch/arch/arm/core/cortex_m/libarch__arm__core__cortex_m.a(cpu_idle.c.obj)
                              (--whole-archive)
zephyr/arch/arch/arm/core/cortex_m/libarch__arm__core__cortex_m.a(irq_init.c.obj)
                              (--whole-archive)
zephyr/arch/arch/arm/core/cortex_m/libarch__arm__core__cortex_m.a(isr_wrapper.c.obj)
                              (--whole-archive)
zephyr/arch/arch/arm/core/mpu/libarch__arm__core__mpu.a(arm_core_mpu.c.obj)
                              (--whole-archive)
[...]
Memory Configuration

Name             Origin             Length             Attributes
FLASH            0x0000000008000000 0x0000000000080000 xr
RAM              0x0000000020000000 0x0000000000020000 xw
BACKUP_SRAM      0x0000000040024000 0x0000000000001000
IDT_LIST         0x00000000ffff7fff 0x0000000000008000 xw
*default*        0x0000000000000000 0xffffffffffffffff

Linker script and memory map

LOAD zephyr/CMakeFiles/zephyr_final.dir/misc/empty_file.c.obj
LOAD zephyr/CMakeFiles/zephyr_final.dir/isr_tables.c.obj
LOAD zephyr/CMakeFiles/offsets.dir/./arch/arm/core/offsets/offsets.c.obj
LOAD app/libapp.a
LOAD zephyr/libzephyr.a
LOAD zephyr/arch/common/libarch__common.a
LOAD zephyr/arch/arch/arm/core/libarch__arm__core.a
LOAD zephyr/arch/arch/arm/core/cortex_m/libarch__arm__core__cortex_m.a
LOAD zephyr/arch/arch/arm/core/mpu/libarch__arm__core__mpu.a
LOAD zephyr/lib/libc/newlib/liblib__libc__newlib.a
LOAD zephyr/lib/libc/common/liblib__libc__common.a
LOAD zephyr/drivers/interrupt_controller/libdrivers__interrupt_controller.a
LOAD zephyr/drivers/adc/libdrivers__adc.a
LOAD zephyr/drivers/clock_control/libdrivers__clock_control.a
LOAD zephyr/drivers/console/libdrivers__console.a
LOAD zephyr/drivers/gpio/libdrivers__gpio.a
LOAD zephyr/drivers/pinctrl/libdrivers__pinctrl.a
LOAD zephyr/drivers/pwm/libdrivers__pwm.a
LOAD zephyr/drivers/reset/libdrivers__reset.a
LOAD zephyr/drivers/serial/libdrivers__serial.a
LOAD zephyr/drivers/spi/libdrivers__spi.a
LOAD zephyr/drivers/timer/libdrivers__timer.a
LOAD modules/stm32/stm32cube/lib..__modules__hal__stm32__stm32cube.a
LOAD zephyr/kernel/libkernel.a
LOAD /Users/juliafaubus/zephyr-sdk-0.17.4/arm-zephyr-eabi/bin/../lib/gcc/arm-zephyr-eabi/12.2.0/thumb/v7e-m/nofp/libgcc.a
LOAD zephyr/arch/common/libisr_tables.a
LOAD /Users/juliafaubus/zephyr-sdk-0.17.4/arm-zephyr-eabi/arm-zephyr-eabi/lib/thumb/v7e-m/nofp/libm.a
LOAD /Users/juliafaubus/zephyr-sdk-0.17.4/arm-zephyr-eabi/arm-zephyr-eabi/lib/thumb/v7e-m/nofp/libc.a
LOAD /Users/juliafaubus/zephyr-sdk-0.17.4/arm-zephyr-eabi/bin/../lib/gcc/arm-zephyr-eabi/12.2.0/thumb/v7e-m/nofp/libgcc.a
LOAD /Users/juliafaubus/zephyr-sdk-0.17.4/arm-zephyr-eabi/arm-zephyr-eabi/lib/thumb/v7e-m/nofp/libc.a
                0x0000000000000020                _region_min_align = 0x20

.rel.plt        0x0000000008000000        0x0
 *(SORT_BY_ALIGNMENT(.rel.plt))
                [!provide]                        PROVIDE (__rel_iplt_start = .)
 *(SORT_BY_ALIGNMENT(.rel.iplt))
 .rel.iplt      0x0000000008000000        0x0 zephyr/CMakeFiles/zephyr_final.dir/isr_tables.c.obj
                [!provide]                        PROVIDE (__rel_iplt_end = .)

.rela.plt       0x0000000000000000        0x0
 *(SORT_BY_ALIGNMENT(.rela.plt))
                [!provide]                        PROVIDE (__rela_iplt_start = .)
 *(SORT_BY_ALIGNMENT(.rela.iplt))
                [!provide]                        PROVIDE (__rela_iplt_end = .)

.rel.dyn
 *(SORT_BY_ALIGNMENT(.rel.*))

.rela.dyn
 *(SORT_BY_ALIGNMENT(.rela.*))

/DISCARD/
 *(SORT_BY_ALIGNMENT(.plt))

/DISCARD/
 *(SORT_BY_ALIGNMENT(.iplt))
                0x0000000008000000                __rom_region_start = 0x8000000

rom_start       0x0000000008000000      0x1c4
                0x0000000008000000                __rom_start_address = .
 FILL mask 0x00
                0x0000000008000000                . = (. + (0x0 - (. - __rom_start_address)))
                0x0000000008000000                . = ALIGN (0x4)
                0x0000000008000000                . = ALIGN (0x80)
                0x0000000008000000                . = ALIGN (0x200)
                0x0000000008000000                _vector_start = .
 *(SORT_BY_ALIGNMENT(.exc_vector_table))
 *(SORT_BY_ALIGNMENT(.exc_vector_table.*))
 .exc_vector_table._vector_table_section
                0x0000000008000000       0x40 zephyr/arch/arch/arm/core/cortex_m/libarch__arm__core__cortex_m.a(vector_table.S.obj)
                0x0000000008000000                _vector_table
 *(SORT_BY_ALIGNMENT(.vectors))
                0x00000000080001c4                _vector_end = .
                0x0000000008000040                . = ALIGN (0x4)
 *(SORT_BY_ALIGNMENT(.gnu.linkonce.irq_vector_table*))
 .gnu.linkonce.irq_vector_table
                0x0000000008000040      0x184 zephyr/CMakeFiles/zephyr_final.dir/isr_tables.c.obj
                0x0000000008000040                _irq_vector_table
                0x00000000080001c4                _vector_end = .

text            0x0000000008000200     0x6fdc
                0x0000000008000200                __text_region_start = .
 *(SORT_BY_ALIGNMENT(.text))
 .text          0x0000000008000200       0xdc /Users/juliafaubus/zephyr-sdk-0.17.4/arm-zephyr-eabi/arm-zephyr-eabi/lib/thumb/v7e-m/nofp/libc.a(lib_a-strlen.o)
                0x0000000008000200                strlen
 .text          0x00000000080002dc       0x30 /Users/juliafaubus/zephyr-sdk-0.17.4/arm-zephyr-eabi/bin/../lib/gcc/arm-zephyr-eabi/12.2.0/thumb/v7e-m/nofp/libgcc.a(_aeabi_uldivmod.o)
                0x00000000080002dc                __aeabi_uldivmod
 .text          0x000000000800030c        0x4 /Users/juliafaubus/zephyr-sdk-0.17.4/arm-zephyr-eabi/bin/../lib/gcc/arm-zephyr-eabi/12.2.0/thumb/v7e-m/nofp/libgcc.a(_dvmd_tls.o)
                0x000000000800030c                __aeabi_ldiv0
                0x000000000800030c                __aeabi_idiv0
 .text          0x0000000008000310      0x134 /Users/juliafaubus/zephyr-sdk-0.17.4/arm-zephyr-eabi/arm-zephyr-eabi/lib/thumb/v7e-m/nofp/libc.a(lib_a-memcpy.o)
                0x0000000008000310                memcpy
 .text          0x0000000008000444       0x26 /Users/juliafaubus/zephyr-sdk-0.17.4/arm-zephyr-eabi/bin/../lib/gcc/arm-zephyr-eabi/12.2.0/thumb/v7e-m/nofp/libgcc.a(_popcountsi2.o)
                0x0000000008000444                __popcountsi2
 .text          0x000000000800046a      0x2a0 /Users/juliafaubus/zephyr-sdk-0.17.4/arm-zephyr-eabi/bin/../lib/gcc/arm-zephyr-eabi/12.2.0/thumb/v7e-m/nofp/libgcc.a(_udivmoddi4.o)
                0x000000000800046a                __udivmoddi4
 *(SORT_BY_ALIGNMENT(.text.*))
 *fill*         0x000000000800070a        0x2 
 .text.main     0x000000000800070c       0x88 app/libapp.a(flashingtest.c.obj)
                0x000000000800070c                main
 .text.cbvprintf_package
                0x0000000008000794      0x3a4 zephyr/libzephyr.a(cbprintf_packaged.c.obj)
                0x0000000008000794                cbvprintf_package
 .text.cbprintf_package_convert
                0x0000000008000b38      0x3c0 zephyr/libzephyr.a(cbprintf_packaged.c.obj)
                0x0000000008000b38                cbprintf_package_convert
 .text.__printk_hook_install
                0x0000000008000ef8        0xc zephyr/libzephyr.a(printk.c.obj)
                0x0000000008000ef8                __printk_hook_install
 .text.vsnprintk
                0x0000000008000f04       0x2c zephyr/libzephyr.a(printk.c.obj)
                0x0000000008000f04                vsnprintk
 .text.extract_decimal
                0x0000000008000f30       0x2c zephyr/libzephyr.a(cbprintf_complete.c.obj)
 .text.encode_uint
                0x0000000008000f5c       0x9c zephyr/libzephyr.a(cbprintf_complete.c.obj)
 .text.z_cbvprintf_impl
                0x0000000008000ff8      0x76c zephyr/libzephyr.a(cbprintf_complete.c.obj)
                0x0000000008000ff8                z_cbvprintf_impl
 .text.st_stm32_common_config
                0x0000000008001764       0x14 zephyr/libzephyr.a(soc_config.c.obj)
 .text.st_stm32f4_init
                0x0000000008001778       0x30 zephyr/libzephyr.a(soc.c.obj)
 .text.activate_foreach_backend
                0x00000000080017a8       0x64 zephyr/libzephyr.a(log_core.c.obj)
 .text.enable_logger
                0x000000000800180c       0x5c zephyr/libzephyr.a(log_core.c.obj)
 .text.log_process_thread_timer_expiry_fn
                0x0000000008001868        0xc zephyr/libzephyr.a(log_core.c.obj)
 .text.z_log_init
                0x0000000008001874       0x8c zephyr/libzephyr.a(log_core.c.obj)
 .text.log_format_func_t_get
                0x0000000008001900        0xc zephyr/libzephyr.a(log_core.c.obj)
                0x0000000008001900                log_format_func_t_get
 .text.log_set_timestamp_func
                0x000000000800190c       0x20 zephyr/libzephyr.a(log_core.c.obj)
                0x000000000800190c                log_set_timestamp_func
 .text.z_log_notify_backend_enabled
                0x000000000800192c       0x1c zephyr/libzephyr.a(log_core.c.obj)
                0x000000000800192c                z_log_notify_backend_enabled
 .text.z_log_dropped
                0x0000000008001948       0x30 zephyr/libzephyr.a(log_core.c.obj)
                0x0000000008001948                z_log_dropped
 .text.z_log_dropped_read_and_clear
                0x0000000008001978       0x20 zephyr/libzephyr.a(log_core.c.obj)
                0x0000000008001978                z_log_dropped_read_and_clear
 .text.dropped_notify
                0x0000000008001998       0x30 zephyr/libzephyr.a(log_core.c.obj)
                0x0000000008001998                dropped_notify
 .text.z_log_msg_init
                0x00000000080019c8       0x20 zephyr/libzephyr.a(log_core.c.obj)
                0x00000000080019c8                z_log_msg_init
 .text.log_core_init
                0x00000000080019e8       0x34 zephyr/libzephyr.a(log_core.c.obj)
                0x00000000080019e8                log_core_init
 .text.z_log_msg_alloc
                0x0000000008001a1c       0x10 zephyr/libzephyr.a(log_core.c.obj)
                0x0000000008001a1c                z_log_msg_alloc
 .text.z_log_msg_local_claim
                0x0000000008001a2c        0xc zephyr/libzephyr.a(log_core.c.obj)
                0x0000000008001a2c                z_log_msg_local_claim
 .text.z_log_msg_free
                0x0000000008001a38       0x10 zephyr/libzephyr.a(log_core.c.obj)
                0x0000000008001a38                z_log_msg_free
 .text.z_log_msg_pending
                0x0000000008001a48        0xc zephyr/libzephyr.a(log_core.c.obj)
                0x0000000008001a48                z_log_msg_pending
 .text.z_impl_log_process
                0x0000000008001a54       0xb0 zephyr/libzephyr.a(log_core.c.obj)
                0x0000000008001a54                z_impl_log_process
 .text.z_impl_log_panic
                0x0000000008001b04       0x44 zephyr/libzephyr.a(log_core.c.obj)
                0x0000000008001b04                z_impl_log_panic
 .text.log_process_thread_func
                0x0000000008001b48       0x9c zephyr/libzephyr.a(log_core.c.obj)
 .text.z_log_msg_post_finalize
                0x0000000008001be4       0x78 zephyr/libzephyr.a(log_core.c.obj)
 .text.z_log_msg_commit
                0x0000000008001c5c       0x24 zephyr/libzephyr.a(log_core.c.obj)
                0x0000000008001c5c                z_log_msg_commit
 .text.log_source_name_get
                0x0000000008001c80       0x1c zephyr/libzephyr.a(log_mgmt.c.obj)
                0x0000000008001c80                log_source_name_get
 .text.log_backend_enable
                0x0000000008001c9c       0x28 zephyr/libzephyr.a(log_mgmt.c.obj)
                0x0000000008001c9c                log_backend_enable
 .text.z_impl_z_log_msg_static_create
                0x0000000008001cc4      0x108 zephyr/libzephyr.a(log_msg.c.obj)
                0x0000000008001cc4                z_impl_z_log_msg_static_create
 .text.z_log_msg_runtime_vcreate
                0x0000000008001dcc       0xa0 zephyr/libzephyr.a(log_msg.c.obj)
                0x0000000008001dcc                z_log_msg_runtime_vcreate
 .text.log_msg_get_source_id
                0x0000000008001e6c       0x18 zephyr/libzephyr.a(log_msg.c.obj)
                0x0000000008001e6c                log_msg_get_source_id
 .text.print_formatted
                0x0000000008001e84       0x24 zephyr/libzephyr.a(log_output.c.obj)
 .text.newline_print
                0x0000000008001ea8       0x1c zephyr/libzephyr.a(log_output.c.obj)
 .text.log_output_process
                0x0000000008001ec4      0x2dc zephyr/libzephyr.a(log_output.c.obj)
                0x0000000008001ec4                log_output_process
 .text.log_output_dropped_process
                0x00000000080021a0       0x58 zephyr/libzephyr.a(log_output.c.obj)
                0x00000000080021a0                log_output_dropped_process
 .text.log_output_timestamp_freq_set
                0x00000000080021f8       0x2c zephyr/libzephyr.a(log_output.c.obj)
                0x00000000080021f8                log_output_timestamp_freq_set
 .text.char_out
                0x0000000008002224       0x24 zephyr/libzephyr.a(log_backend_uart.c.obj)
 .text.mem_attr_get_regions
                0x0000000008002248        0xc zephyr/libzephyr.a(mem_attr.c.obj)
                0x0000000008002248                mem_attr_get_regions
 .text.z_arm_fatal_error
                0x0000000008002254       0xb8 zephyr/arch/arch/arm/core/libarch__arm__core.a(fatal.c.obj)
                0x0000000008002254                z_arm_fatal_error
 .text.z_arm_nmi
                0x000000000800230c       0x14 zephyr/arch/arch/arm/core/libarch__arm__core.a(nmi.c.obj)
                0x000000000800230c                z_arm_nmi
 .text.z_SysNmiOnReset
                0x0000000008002320        0x8 zephyr/arch/arch/arm/core/libarch__arm__core.a(nmi_on_reset.S.obj)
                0x0000000008002320                z_SysNmiOnReset
 .text._HandlerModeExit
                0x0000000008002328       0x28 zephyr/arch/arch/arm/core/cortex_m/libarch__arm__core__cortex_m.a(exc_exit.c.obj)
                0x0000000008002328                z_arm_exc_exit
                0x0000000008002328                z_arm_int_exit
 .text.bus_fault.constprop.0
                0x0000000008002350       0xd0 zephyr/arch/arch/arm/core/cortex_m/libarch__arm__core__cortex_m.a(fault.c.obj)
 .text.usage_fault.constprop.0
                0x0000000008002420       0xa8 zephyr/arch/arch/arm/core/cortex_m/libarch__arm__core__cortex_m.a(fault.c.obj)
 .text.mem_manage_fault
                0x00000000080024c8      0x104 zephyr/arch/arch/arm/core/cortex_m/libarch__arm__core__cortex_m.a(fault.c.obj)
 .text.z_arm_fault
                0x00000000080025cc      0x1d4 zephyr/arch/arch/arm/core/cortex_m/libarch__arm__core__cortex_m.a(fault.c.obj)
                0x00000000080025cc                z_arm_fault
 .text.z_arm_fault_init
                0x00000000080027a0       0x10 zephyr/arch/arch/arm/core/cortex_m/libarch__arm__core__cortex_m.a(fault.c.obj)
                0x00000000080027a0                z_arm_fault_init
 .text.__fault  0x00000000080027b0       0x14 zephyr/arch/arch/arm/core/cortex_m/libarch__arm__core__cortex_m.a(fault_s.S.obj)
                0x00000000080027b0                z_arm_bus_fault
                0x00000000080027b0                z_arm_usage_fault
                0x00000000080027b0                z_arm_mpu_fault
                0x00000000080027b0                z_arm_exc_spurious
                0x00000000080027b0                z_arm_debug_monitor
                0x00000000080027b0                z_arm_hard_fault
 .text._reset_section
                0x00000000080027c4       0x2c zephyr/arch/arch/arm/core/cortex_m/libarch__arm__core__cortex_m.a(reset.S.obj)
                0x00000000080027c4                z_arm_reset
                0x00000000080027c4                __start
 .text.z_impl_k_thread_abort
                0x00000000080027f0       0x2c zephyr/arch/arch/arm/core/cortex_m/libarch__arm__core__cortex_m.a(thread_abort.c.obj)
                0x00000000080027f0                z_impl_k_thread_abort
 .text.arch_swap
                0x000000000800281c       0x30 zephyr/arch/arch/arm/core/cortex_m/libarch__arm__core__cortex_m.a(swap.c.obj)
                0x000000000800281c                arch_swap
 .text.z_arm_pendsv_c
                0x000000000800284c       0x40 zephyr/arch/arch/arm/core/cortex_m/libarch__arm__core__cortex_m.a(swap.c.obj)
                0x000000000800284c                z_arm_pendsv_c
 .text.z_arm_pendsv
                0x000000000800288c       0x34 zephyr/arch/arch/arm/core/cortex_m/libarch__arm__core__cortex_m.a(swap_helper.S.obj)
                0x000000000800288c                z_arm_pendsv
 .text.z_arm_svc
                0x00000000080028c0       0x20 zephyr/arch/arch/arm/core/cortex_m/libarch__arm__core__cortex_m.a(swap_helper.S.obj)
                0x00000000080028c0                z_arm_svc
 .text.arch_irq_enable
                0x00000000080028e0       0x1c zephyr/arch/arch/arm/core/cortex_m/libarch__arm__core__cortex_m.a(irq_manage.c.obj)
                0x00000000080028e0                arch_irq_enable
 .text.z_arm_irq_priority_set
                0x00000000080028fc       0x30 zephyr/arch/arch/arm/core/cortex_m/libarch__arm__core__cortex_m.a(irq_manage.c.obj)
                0x00000000080028fc                z_arm_irq_priority_set
 .text.z_prep_c
                0x000000000800292c       0x48 zephyr/arch/arch/arm/core/cortex_m/libarch__arm__core__cortex_m.a(prep_c.c.obj)
                0x000000000800292c                z_prep_c
 .text.arch_new_thread
                0x0000000008002974       0x38 zephyr/arch/arch/arm/core/cortex_m/libarch__arm__core__cortex_m.a(thread.c.obj)
                0x0000000008002974                arch_new_thread
 .text.z_check_thread_stack_fail
                0x00000000080029ac       0x2c zephyr/arch/arch/arm/core/cortex_m/libarch__arm__core__cortex_m.a(thread.c.obj)
                0x00000000080029ac                z_check_thread_stack_fail
 .text.arch_switch_to_main_thread
                0x00000000080029d8       0x3c zephyr/arch/arch/arm/core/cortex_m/libarch__arm__core__cortex_m.a(thread.c.obj)
                0x00000000080029d8                arch_switch_to_main_thread
 .text.z_arm_cpu_idle_init
                0x0000000008002a14        0xc zephyr/arch/arch/arm/core/cortex_m/libarch__arm__core__cortex_m.a(cpu_idle.c.obj)
                0x0000000008002a14                z_arm_cpu_idle_init
 .text.z_arm_interrupt_init
                0x0000000008002a20       0x18 zephyr/arch/arch/arm/core/cortex_m/libarch__arm__core__cortex_m.a(irq_init.c.obj)
                0x0000000008002a20                z_arm_interrupt_init
 .text._isr_wrapper
                0x0000000008002a38       0x24 zephyr/arch/arch/arm/core/cortex_m/libarch__arm__core__cortex_m.a(isr_wrapper.c.obj)
                0x0000000008002a38                _isr_wrapper
 .text.z_arm_configure_static_mpu_regions
                0x0000000008002a5c       0x18 zephyr/arch/arch/arm/core/mpu/libarch__arm__core__mpu.a(arm_core_mpu.c.obj)
                0x0000000008002a5c                z_arm_configure_static_mpu_regions
 .text.z_arm_configure_dynamic_mpu_regions
                0x0000000008002a74       0x20 zephyr/arch/arch/arm/core/mpu/libarch__arm__core__mpu.a(arm_core_mpu.c.obj)
                0x0000000008002a74                z_arm_configure_dynamic_mpu_regions
 .text.region_allocate_and_init
                0x0000000008002a94       0x54 zephyr/arch/arch/arm/core/mpu/libarch__arm__core__mpu.a(arm_mpu.c.obj)
 .text.mpu_configure_regions
                0x0000000008002ae8       0x68 zephyr/arch/arch/arm/core/mpu/libarch__arm__core__mpu.a(arm_mpu.c.obj)
 .text.arm_core_mpu_enable
                0x0000000008002b50       0x18 zephyr/arch/arch/arm/core/mpu/libarch__arm__core__mpu.a(arm_mpu.c.obj)
                0x0000000008002b50                arm_core_mpu_enable
 .text.arm_core_mpu_disable
                0x0000000008002b68       0x14 zephyr/arch/arch/arm/core/mpu/libarch__arm__core__mpu.a(arm_mpu.c.obj)
                0x0000000008002b68                arm_core_mpu_disable
 .text.arm_core_mpu_configure_static_mpu_regions
                0x0000000008002b7c       0x14 zephyr/arch/arch/arm/core/mpu/libarch__arm__core__mpu.a(arm_mpu.c.obj)
                0x0000000008002b7c                arm_core_mpu_configure_static_mpu_regions
 .text.arm_core_mpu_configure_dynamic_mpu_regions
                0x0000000008002b90       0x38 zephyr/arch/arch/arm/core/mpu/libarch__arm__core__mpu.a(arm_mpu.c.obj)
                0x0000000008002b90                arm_core_mpu_configure_dynamic_mpu_regions
 .text.z_arm_mpu_init
                0x0000000008002bc8      0x17c zephyr/arch/arch/arm/core/mpu/libarch__arm__core__mpu.a(arm_mpu.c.obj)
                0x0000000008002bc8                z_arm_mpu_init
 .text.__stdout_hook_install
                0x0000000008002d44        0xc zephyr/lib/libc/newlib/liblib__libc__newlib.a(libc-hooks.c.obj)
                0x0000000008002d44                __stdout_hook_install
 .text.stm32_exti_isr
                0x0000000008002d50       0x4c zephyr/drivers/interrupt_controller/libdrivers__interrupt_controller.a(intc_exti_stm32.c.obj)
 .text.stm32_fill_irq_table
                0x0000000008002d9c       0x18 zephyr/drivers/interrupt_controller/libdrivers__interrupt_controller.a(intc_exti_stm32.c.obj)
 .text.stm32_exti_enable
                0x0000000008002db4       0x24 zephyr/drivers/interrupt_controller/libdrivers__interrupt_controller.a(intc_exti_stm32.c.obj)
                0x0000000008002db4                stm32_exti_enable
 .text.stm32_exti_disable
                0x0000000008002dd8       0x18 zephyr/drivers/interrupt_controller/libdrivers__interrupt_controller.a(intc_exti_stm32.c.obj)
                0x0000000008002dd8                stm32_exti_disable
 .text.stm32_exti_trigger
                0x0000000008002df0       0x60 zephyr/drivers/interrupt_controller/libdrivers__interrupt_controller.a(intc_exti_stm32.c.obj)
                0x0000000008002df0                stm32_exti_trigger
 .text.stm32_exti_set_callback
                0x0000000008002e50       0x30 zephyr/drivers/interrupt_controller/libdrivers__interrupt_controller.a(intc_exti_stm32.c.obj)
                0x0000000008002e50                stm32_exti_set_callback
 .text.stm32_exti_unset_callback
                0x0000000008002e80       0x14 zephyr/drivers/interrupt_controller/libdrivers__interrupt_controller.a(intc_exti_stm32.c.obj)
                0x0000000008002e80                stm32_exti_unset_callback
 .text.adc_stm32_channel_setup
                0x0000000008002e94      0x108 zephyr/drivers/adc/libdrivers__adc.a(adc_stm32.c.obj)
 .text.adc_stm32_read
                0x0000000008002f9c      0x2a8 zephyr/drivers/adc/libdrivers__adc.a(adc_stm32.c.obj)
 .text.adc_stm32_isr_18
                0x0000000008003244       0xc8 zephyr/drivers/adc/libdrivers__adc.a(adc_stm32.c.obj)
 .text.adc_stm32_init
                0x000000000800330c       0xa4 zephyr/drivers/adc/libdrivers__adc.a(adc_stm32.c.obj)
 .text.stm32_clock_control_get_subsys_rate
                0x00000000080033b0       0x80 zephyr/drivers/clock_control/libdrivers__clock_control.a(clock_stm32_ll_common.c.obj)
 .text.stm32_clock_control_init
                0x0000000008003430      0x11c zephyr/drivers/clock_control/libdrivers__clock_control.a(clock_stm32_ll_common.c.obj)
                0x0000000008003430                stm32_clock_control_init
 .text.get_pllsrc_frequency
                0x000000000800354c        0x8 zephyr/drivers/clock_control/libdrivers__clock_control.a(clock_stm32f2_f4_f7.c.obj)
                0x000000000800354c                get_pllsrc_frequency
 .text.config_pll_sysclock
                0x0000000008003554       0x34 zephyr/drivers/clock_control/libdrivers__clock_control.a(clock_stm32f2_f4_f7.c.obj)
                0x0000000008003554                config_pll_sysclock
 .text.config_enable_default_clocks
                0x0000000008003588       0x20 zephyr/drivers/clock_control/libdrivers__clock_control.a(clock_stm32f2_f4_f7.c.obj)
                0x0000000008003588                config_enable_default_clocks
 .text.uart_console_init
                0x00000000080035a8       0x28 zephyr/drivers/console/libdrivers__console.a(uart_console.c.obj)
 .text.console_out
                0x00000000080035d0       0x28 zephyr/drivers/console/libdrivers__console.a(uart_console.c.obj)
 .text.gpio_stm32_init
                0x00000000080035f8       0x30 zephyr/drivers/gpio/libdrivers__gpio.a(gpio_stm32.c.obj)
 .text.gpio_stm32_pin_interrupt_configure
                0x0000000008003628      0x108 zephyr/drivers/gpio/libdrivers__gpio.a(gpio_stm32.c.obj)
 .text.pinctrl_configure_pins
                0x0000000008003730       0x84 zephyr/drivers/pinctrl/libdrivers__pinctrl.a(pinctrl_stm32.c.obj)
                0x0000000008003730                pinctrl_configure_pins
 .text.LL_TIM_OC_GetPolarity
                0x00000000080037b4       0x50 zephyr/drivers/pwm/libdrivers__pwm.a(pwm_stm32.c.obj)
 .text.pwm_stm32_set_cycles
                0x0000000008003804      0x234 zephyr/drivers/pwm/libdrivers__pwm.a(pwm_stm32.c.obj)
 .text.pwm_stm32_init
                0x0000000008003a38      0x124 zephyr/drivers/pwm/libdrivers__pwm.a(pwm_stm32.c.obj)
 .text.uart_stm32_set_baudrate.part.0
                0x0000000008003b5c       0x14 zephyr/drivers/serial/libdrivers__serial.a(uart_stm32.c.obj)
 .text.uart_stm32_parameters_set
                0x0000000008003b70       0xf8 zephyr/drivers/serial/libdrivers__serial.a(uart_stm32.c.obj)
 .text.uart_stm32_init
                0x0000000008003c68       0xd8 zephyr/drivers/serial/libdrivers__serial.a(uart_stm32.c.obj)
 .text.uart_stm32_configure
                0x0000000008003d40      0x154 zephyr/drivers/serial/libdrivers__serial.a(uart_stm32.c.obj)
 .text.spi_stm32_get_err
                0x0000000008003e94       0x68 zephyr/drivers/spi/libdrivers__spi.a(spi_ll_stm32.c.obj)
 .text.spi_stm32_init
                0x0000000008003efc      0x138 zephyr/drivers/spi/libdrivers__spi.a(spi_ll_stm32.c.obj)
 .text.spi_stm32_transceive
                0x0000000008004034      0x2dc zephyr/drivers/spi/libdrivers__spi.a(spi_ll_stm32.c.obj)
 .text.elapsed  0x0000000008004310       0x4c zephyr/drivers/timer/libdrivers__timer.a(cortex_m_systick.c.obj)
 .text.sys_clock_driver_init
                0x000000000800435c       0x38 zephyr/drivers/timer/libdrivers__timer.a(cortex_m_systick.c.obj)
 .text.sys_clock_isr
                0x0000000008004394       0x54 zephyr/drivers/timer/libdrivers__timer.a(cortex_m_systick.c.obj)
                0x0000000008004394                sys_clock_isr
 .text.sys_clock_set_timeout
                0x00000000080043e8       0xf8 zephyr/drivers/timer/libdrivers__timer.a(cortex_m_systick.c.obj)
                0x00000000080043e8                sys_clock_set_timeout
 .text.sys_clock_elapsed
                0x00000000080044e0       0x3c zephyr/drivers/timer/libdrivers__timer.a(cortex_m_systick.c.obj)
                0x00000000080044e0                sys_clock_elapsed
 .text.sys_clock_cycle_get_32
                0x000000000800451c       0x28 zephyr/drivers/timer/libdrivers__timer.a(cortex_m_systick.c.obj)
                0x000000000800451c                sys_clock_cycle_get_32
 .text.HAL_RCC_GetSysClockFreq
                0x0000000008004544       0x90 modules/stm32/stm32cube/lib..__modules__hal__stm32__stm32cube.a(stm32f4xx_hal_rcc_ex.c.obj)
                0x0000000008004544                HAL_RCC_GetSysClockFreq
 .text.RCC_GetHCLKClockFreq
                0x00000000080045d4       0x18 modules/stm32/stm32cube/lib..__modules__hal__stm32__stm32cube.a(stm32f4xx_ll_rcc.c.obj)
                0x00000000080045d4                RCC_GetHCLKClockFreq
 .text.RCC_GetPCLK1ClockFreq
                0x00000000080045ec       0x18 modules/stm32/stm32cube/lib..__modules__hal__stm32__stm32cube.a(stm32f4xx_ll_rcc.c.obj)
                0x00000000080045ec                RCC_GetPCLK1ClockFreq
 .text.RCC_GetPCLK2ClockFreq
                0x0000000008004604       0x18 modules/stm32/stm32cube/lib..__modules__hal__stm32__stm32cube.a(stm32f4xx_ll_rcc.c.obj)
                0x0000000008004604                RCC_GetPCLK2ClockFreq
 .text.RCC_PLL_GetFreqDomain_SYS
                0x000000000800461c       0x48 modules/stm32/stm32cube/lib..__modules__hal__stm32__stm32cube.a(stm32f4xx_ll_rcc.c.obj)
                0x000000000800461c                RCC_PLL_GetFreqDomain_SYS
 .text.RCC_GetSystemClockFreq
                0x0000000008004664       0x30 modules/stm32/stm32cube/lib..__modules__hal__stm32__stm32cube.a(stm32f4xx_ll_rcc.c.obj)
                0x0000000008004664                RCC_GetSystemClockFreq
 .text.LL_TIM_Init
                0x0000000008004694       0xac modules/stm32/stm32cube/lib..__modules__hal__stm32__stm32cube.a(stm32f4xx_ll_tim.c.obj)
                0x0000000008004694                LL_TIM_Init
 .text.LL_TIM_OC_Init
                0x0000000008004740      0x1b0 modules/stm32/stm32cube/lib..__modules__hal__stm32__stm32cube.a(stm32f4xx_ll_tim.c.obj)
                0x0000000008004740                LL_TIM_OC_Init
 .text.LL_SetFlashLatency
                0x00000000080048f0      0x1bc modules/stm32/stm32cube/lib..__modules__hal__stm32__stm32cube.a(stm32f4xx_ll_utils.c.obj)
                0x00000000080048f0                LL_SetFlashLatency
 .text.k_sys_fatal_error_handler
                0x0000000008004aac       0x20 zephyr/kernel/libkernel.a(fatal.c.obj)
                0x0000000008004aac                k_sys_fatal_error_handler
 .text.z_fatal_error
                0x0000000008004acc       0xe8 zephyr/kernel/libkernel.a(fatal.c.obj)
                0x0000000008004acc                z_fatal_error
 .text.z_sys_init_run_level
                0x0000000008004bb4       0x2c zephyr/kernel/libkernel.a(init.c.obj)
 .text.bg_thread_main
                0x0000000008004be0       0xc4 zephyr/kernel/libkernel.a(init.c.obj)
 .text.z_bss_zero
                0x0000000008004ca4       0x18 zephyr/kernel/libkernel.a(init.c.obj)
                0x0000000008004ca4                z_bss_zero
 .text.z_init_cpu
                0x0000000008004cbc       0x70 zephyr/kernel/libkernel.a(init.c.obj)
                0x0000000008004cbc                z_init_cpu
 .text.z_cstart
                0x0000000008004d2c       0xdc zephyr/kernel/libkernel.a(init.c.obj)
                0x0000000008004d2c                z_cstart
 .text.z_impl_k_sem_give
                0x0000000008004e08       0x48 zephyr/kernel/libkernel.a(sem.c.obj)
                0x0000000008004e08                z_impl_k_sem_give
 .text.z_impl_k_sem_take
                0x0000000008004e50       0x4c zephyr/kernel/libkernel.a(sem.c.obj)
                0x0000000008004e50                z_impl_k_sem_take
 .text.z_setup_new_thread
                0x0000000008004e9c       0x7c zephyr/kernel/libkernel.a(thread.c.obj)
                0x0000000008004e9c                z_setup_new_thread
 .text.z_impl_k_thread_create
                0x0000000008004f18       0x58 zephyr/kernel/libkernel.a(thread.c.obj)
                0x0000000008004f18                z_impl_k_thread_create
 .text.update_cache
                0x0000000008004f70       0x3c zephyr/kernel/libkernel.a(sched.c.obj)
 .text.unready_thread
                0x0000000008004fac       0x30 zephyr/kernel/libkernel.a(sched.c.obj)
 .text.ready_thread
                0x0000000008004fdc       0x68 zephyr/kernel/libkernel.a(sched.c.obj)
 .text.z_thread_halt
                0x0000000008005044       0xdc zephyr/kernel/libkernel.a(sched.c.obj)
 .text.move_thread_to_end_of_prio_q
                0x0000000008005120       0x74 zephyr/kernel/libkernel.a(sched.c.obj)
                0x0000000008005120                move_thread_to_end_of_prio_q
 .text.z_pend_curr
                0x0000000008005194       0x58 zephyr/kernel/libkernel.a(sched.c.obj)
                0x0000000008005194                z_pend_curr
 .text.z_reschedule
                0x00000000080051ec       0x24 zephyr/kernel/libkernel.a(sched.c.obj)
                0x00000000080051ec                z_reschedule
 .text.z_sched_start
                0x0000000008005210       0x3c zephyr/kernel/libkernel.a(sched.c.obj)
                0x0000000008005210                z_sched_start
 .text.z_reschedule_irqlock
                0x000000000800524c       0x28 zephyr/kernel/libkernel.a(sched.c.obj)
                0x000000000800524c                z_reschedule_irqlock
 .text.k_sched_lock
                0x0000000008005274       0x28 zephyr/kernel/libkernel.a(sched.c.obj)
                0x0000000008005274                k_sched_lock
 .text.k_sched_unlock
                0x000000000800529c       0x40 zephyr/kernel/libkernel.a(sched.c.obj)
                0x000000000800529c                k_sched_unlock
 .text.z_sched_init
                0x00000000080052dc       0x10 zephyr/kernel/libkernel.a(sched.c.obj)
                0x00000000080052dc                z_sched_init
 .text.z_impl_k_yield
                0x00000000080052ec       0x7c zephyr/kernel/libkernel.a(sched.c.obj)
                0x00000000080052ec                z_impl_k_yield
 .text.z_tick_sleep
                0x0000000008005368       0x88 zephyr/kernel/libkernel.a(sched.c.obj)
 .text.z_impl_k_sleep
                0x00000000080053f0       0x3c zephyr/kernel/libkernel.a(sched.c.obj)
                0x00000000080053f0                z_impl_k_sleep
 .text.z_impl_k_sched_current_thread_query
                0x000000000800542c        0xc zephyr/kernel/libkernel.a(sched.c.obj)
                0x000000000800542c                z_impl_k_sched_current_thread_query
 .text.slice_timeout
                0x0000000008005438       0x20 zephyr/kernel/libkernel.a(timeslicing.c.obj)
 .text.thread_is_sliceable
                0x0000000008005458       0x3c zephyr/kernel/libkernel.a(timeslicing.c.obj)
                0x0000000008005458                thread_is_sliceable
 .text.z_reset_time_slice
                0x0000000008005494       0x50 zephyr/kernel/libkernel.a(timeslicing.c.obj)
                0x0000000008005494                z_reset_time_slice
 .text.z_time_slice
                0x00000000080054e4       0x60 zephyr/kernel/libkernel.a(timeslicing.c.obj)
                0x00000000080054e4                z_time_slice
 .text.z_data_copy
                0x0000000008005544       0x34 zephyr/kernel/libkernel.a(xip.c.obj)
                0x0000000008005544                z_data_copy
 .text.elapsed  0x0000000008005578       0x14 zephyr/kernel/libkernel.a(timeout.c.obj)
 .text.remove_timeout
                0x000000000800558c       0x38 zephyr/kernel/libkernel.a(timeout.c.obj)
 .text.next_timeout
                0x00000000080055c4       0x40 zephyr/kernel/libkernel.a(timeout.c.obj)
 .text.z_add_timeout
                0x0000000008005604       0xf4 zephyr/kernel/libkernel.a(timeout.c.obj)
                0x0000000008005604                z_add_timeout
 .text.sys_clock_announce
                0x00000000080056f8       0xd0 zephyr/kernel/libkernel.a(timeout.c.obj)
                0x00000000080056f8                sys_clock_announce
 .text.sys_clock_tick_get
                0x00000000080057c8       0x30 zephyr/kernel/libkernel.a(timeout.c.obj)
                0x00000000080057c8                sys_clock_tick_get
 .text.z_timer_expiration_handler
                0x00000000080057f8       0xe0 zephyr/kernel/libkernel.a(timer.c.obj)
                0x00000000080057f8                z_timer_expiration_handler
 .text.z_impl_k_timer_start
                0x00000000080058d8       0x74 zephyr/kernel/libkernel.a(timer.c.obj)
                0x00000000080058d8                z_impl_k_timer_start
 .text.boot_banner
                0x000000000800594c        0xc zephyr/kernel/libkernel.a(banner.c.obj)
                0x000000000800594c                boot_banner
 .text.memset   0x0000000008005958       0xa4 /Users/juliafaubus/zephyr-sdk-0.17.4/arm-zephyr-eabi/arm-zephyr-eabi/lib/thumb/v7e-m/nofp/libc.a(lib_a-memset.o)
                0x0000000008005958                memset
 .text.strnlen  0x00000000080059fc       0x24 /Users/juliafaubus/zephyr-sdk-0.17.4/arm-zephyr-eabi/arm-zephyr-eabi/lib/thumb/v7e-m/nofp/libc.a(lib_a-strnlen.o)
                0x00000000080059fc                strnlen
 .text._OffsetAbsSyms
                0x0000000008005a20        0x2 zephyr/CMakeFiles/offsets.dir/./arch/arm/core/offsets/offsets.c.obj
                0x0000000008005a20                _OffsetAbsSyms
 .text.cbpprintf_external
                0x0000000008005a22       0x62 zephyr/libzephyr.a(cbprintf_packaged.c.obj)
                0x0000000008005a22                cbpprintf_external
 .text.is_ptr   0x0000000008005a84       0x4a zephyr/libzephyr.a(cbprintf_packaged.c.obj)
                0x0000000008005a84                is_ptr
 .text.arch_printk_char_out
                0x0000000008005ace        0x4 zephyr/libzephyr.a(printk.c.obj)
                0x0000000008005ace                arch_printk_char_out
 .text.str_out  0x0000000008005ad2       0x24 zephyr/libzephyr.a(printk.c.obj)
 .text.printk   0x0000000008005af6       0x1a zephyr/libzephyr.a(printk.c.obj)
                0x0000000008005af6                printk
 .text.snprintk
                0x0000000008005b10       0x1a zephyr/libzephyr.a(printk.c.obj)
                0x0000000008005b10                snprintk
 .text.z_thread_entry
                0x0000000008005b2a       0x14 zephyr/libzephyr.a(thread_entry.c.obj)
                0x0000000008005b2a                z_thread_entry
 .text.outs     0x0000000008005b3e       0x2e zephyr/libzephyr.a(cbprintf_complete.c.obj)
 .text.free_space
                0x0000000008005b6c       0x26 zephyr/libzephyr.a(mpsc_pbuf.c.obj)
 .text.get_usage
                0x0000000008005b92       0x22 zephyr/libzephyr.a(mpsc_pbuf.c.obj)
 .text.idx_inc  0x0000000008005bb4       0x1c zephyr/libzephyr.a(mpsc_pbuf.c.obj)
 .text.rd_idx_inc
                0x0000000008005bd0       0x18 zephyr/libzephyr.a(mpsc_pbuf.c.obj)
 .text.add_skip_item
                0x0000000008005be8       0x3a zephyr/libzephyr.a(mpsc_pbuf.c.obj)
 .text.drop_item_locked
                0x0000000008005c22       0xee zephyr/libzephyr.a(mpsc_pbuf.c.obj)
 .text.post_drop_action
                0x0000000008005d10       0x36 zephyr/libzephyr.a(mpsc_pbuf.c.obj)
 .text.max_utilization_update
                0x0000000008005d46       0x1a zephyr/libzephyr.a(mpsc_pbuf.c.obj)
 .text.mpsc_pbuf_init
                0x0000000008005d60       0x42 zephyr/libzephyr.a(mpsc_pbuf.c.obj)
                0x0000000008005d60                mpsc_pbuf_init
 .text.mpsc_pbuf_alloc
                0x0000000008005da2       0xf8 zephyr/libzephyr.a(mpsc_pbuf.c.obj)
                0x0000000008005da2                mpsc_pbuf_alloc
 .text.mpsc_pbuf_commit
                0x0000000008005e9a       0x3e zephyr/libzephyr.a(mpsc_pbuf.c.obj)
                0x0000000008005e9a                mpsc_pbuf_commit
 .text.mpsc_pbuf_claim
                0x0000000008005ed8       0xa8 zephyr/libzephyr.a(mpsc_pbuf.c.obj)
                0x0000000008005ed8                mpsc_pbuf_claim
 .text.mpsc_pbuf_free
                0x0000000008005f80       0x76 zephyr/libzephyr.a(mpsc_pbuf.c.obj)
                0x0000000008005f80                mpsc_pbuf_free
 .text.mpsc_pbuf_is_pending
                0x0000000008005ff6       0x1a zephyr/libzephyr.a(mpsc_pbuf.c.obj)
                0x0000000008005ff6                mpsc_pbuf_is_pending
 .text._ConfigAbsSyms
                0x0000000008006010        0x2 zephyr/libzephyr.a(configs.c.obj)
                0x0000000008006010                _ConfigAbsSyms
 .text.log_msg_generic_get_wlen
                0x0000000008006012       0x20 zephyr/libzephyr.a(log_core.c.obj)
 .text.dummy_timestamp
                0x0000000008006032        0x4 zephyr/libzephyr.a(log_core.c.obj)
 .text.atomic_inc
                0x0000000008006036       0x1a zephyr/libzephyr.a(log_core.c.obj)
 .text.default_lf_get_timestamp
                0x0000000008006050       0x10 zephyr/libzephyr.a(log_core.c.obj)
 .text.z_log_vprintk
                0x0000000008006060       0x1c zephyr/libzephyr.a(log_core.c.obj)
                0x0000000008006060                z_log_vprintk
 .text.z_log_notify_drop
                0x000000000800607c        0x6 zephyr/libzephyr.a(log_core.c.obj)
 .text.z_log_get_tag
                0x0000000008006082        0x4 zephyr/libzephyr.a(log_core.c.obj)
                0x0000000008006082                z_log_get_tag
 .text.z_cbprintf_cpy
                0x0000000008006086       0x2c zephyr/libzephyr.a(log_msg.c.obj)
 .text.z_log_msg_finalize
                0x00000000080060b2       0x32 zephyr/libzephyr.a(log_msg.c.obj)
                0x00000000080060b2                z_log_msg_finalize
 .text.z_log_msg_simple_create
                0x00000000080060e4       0x6e zephyr/libzephyr.a(log_msg.c.obj)
 .text.z_impl_z_log_msg_simple_create_0
                0x0000000008006152       0x12 zephyr/libzephyr.a(log_msg.c.obj)
                0x0000000008006152                z_impl_z_log_msg_simple_create_0
 .text.z_impl_z_log_msg_simple_create_1
                0x0000000008006164       0x14 zephyr/libzephyr.a(log_msg.c.obj)
                0x0000000008006164                z_impl_z_log_msg_simple_create_1
 .text.z_impl_z_log_msg_simple_create_2
                0x0000000008006178       0x18 zephyr/libzephyr.a(log_msg.c.obj)
                0x0000000008006178                z_impl_z_log_msg_simple_create_2
 .text.buffer_write
                0x0000000008006190       0x1c zephyr/libzephyr.a(log_output.c.obj)
 .text.cbvprintf
                0x00000000080061ac        0xe zephyr/libzephyr.a(log_output.c.obj)
 .text.log_output_flush
                0x00000000080061ba       0x1a zephyr/libzephyr.a(log_output.c.obj)
                0x00000000080061ba                log_output_flush
 .text.out_func
                0x00000000080061d4       0x36 zephyr/libzephyr.a(log_output.c.obj)
 .text.cr_out_func
                0x000000000800620a       0x1c zephyr/libzephyr.a(log_output.c.obj)
 .text.log_output_msg_process
                0x0000000008006226       0x6a zephyr/libzephyr.a(log_output.c.obj)
                0x0000000008006226                log_output_msg_process
 .text.format_set
                0x0000000008006290        0xc zephyr/libzephyr.a(log_backend_uart.c.obj)
 .text.log_backend_uart_init
                0x000000000800629c        0xc zephyr/libzephyr.a(log_backend_uart.c.obj)
 .text.panic    0x00000000080062a8       0x10 zephyr/libzephyr.a(log_backend_uart.c.obj)
 .text.dropped  0x00000000080062b8        0xa zephyr/libzephyr.a(log_backend_uart.c.obj)
 .text.process  0x00000000080062c2       0x1e zephyr/libzephyr.a(log_backend_uart.c.obj)
 .text.z_do_kernel_oops
                0x00000000080062e0        0x8 zephyr/arch/arch/arm/core/libarch__arm__core.a(fatal.c.obj)
                0x00000000080062e0                z_do_kernel_oops
 .text.z_log_msg_simple_create_0.constprop.0
                0x00000000080062e8        0x8 zephyr/arch/arch/arm/core/cortex_m/libarch__arm__core__cortex_m.a(fault.c.obj)
 .text.z_irq_spurious
                0x00000000080062f0        0x8 zephyr/arch/arch/arm/core/cortex_m/libarch__arm__core__cortex_m.a(irq_manage.c.obj)
                0x00000000080062f0                z_irq_spurious
 .text.arch_irq_unlock_outlined
                0x00000000080062f8        0xe zephyr/arch/arch/arm/core/cortex_m/libarch__arm__core__cortex_m.a(thread.c.obj)
                0x00000000080062f8                arch_irq_unlock_outlined
 .text.arch_cpu_idle
                0x0000000008006306       0x1a zephyr/arch/arch/arm/core/cortex_m/libarch__arm__core__cortex_m.a(cpu_idle.c.obj)
                0x0000000008006306                arch_cpu_idle
 .text.size_to_mpu_rasr_size
                0x0000000008006320       0x20 zephyr/arch/arch/arm/core/mpu/libarch__arm__core__mpu.a(arm_mpu.c.obj)
 .text._stdout_hook_default
                0x0000000008006340        0x6 zephyr/lib/libc/newlib/liblib__libc__newlib.a(libc-hooks.c.obj)
 .text.malloc_prepare
                0x0000000008006346        0x4 zephyr/lib/libc/newlib/liblib__libc__newlib.a(libc-hooks.c.obj)
 .text.stm32_exti_init
                0x000000000800634a       0x92 zephyr/drivers/interrupt_controller/libdrivers__interrupt_controller.a(intc_exti_stm32.c.obj)
 .text.adc_stm32_isr_18_init
                0x00000000080063dc       0x16 zephyr/drivers/adc/libdrivers__adc.a(adc_stm32.c.obj)
 .text.z_log_msg_simple_create_0.constprop.0
                0x00000000080063f2        0x8 zephyr/drivers/adc/libdrivers__adc.a(adc_stm32.c.obj)
 .text.adc_context_start_sampling
                0x00000000080063fa       0x16 zephyr/drivers/adc/libdrivers__adc.a(adc_stm32.c.obj)
 .text.adc_context_on_timer_expired
                0x0000000008006410       0x2e zephyr/drivers/adc/libdrivers__adc.a(adc_stm32.c.obj)
 .text.stm32_clock_control_on
                0x000000000800643e       0x38 zephyr/drivers/clock_control/libdrivers__clock_control.a(clock_stm32_ll_common.c.obj)
 .text.stm32_clock_control_off
                0x0000000008006476       0x24 zephyr/drivers/clock_control/libdrivers__clock_control.a(clock_stm32_ll_common.c.obj)
 .text.stm32_clock_control_get_status
                0x000000000800649a       0x34 zephyr/drivers/clock_control/libdrivers__clock_control.a(clock_stm32_ll_common.c.obj)
 .text.stm32_clock_control_configure
                0x00000000080064ce       0x58 zephyr/drivers/clock_control/libdrivers__clock_control.a(clock_stm32_ll_common.c.obj)
 .text.config_regulator_voltage
                0x0000000008006526        0x2 zephyr/drivers/clock_control/libdrivers__clock_control.a(clock_stm32_ll_common.c.obj)
                0x0000000008006526                config_regulator_voltage
 .text.gpio_stm32_port_get_raw
                0x0000000008006528        0xc zephyr/drivers/gpio/libdrivers__gpio.a(gpio_stm32.c.obj)
 .text.gpio_stm32_port_set_masked_raw
                0x0000000008006534       0x12 zephyr/drivers/gpio/libdrivers__gpio.a(gpio_stm32.c.obj)
 .text.gpio_stm32_port_set_bits_raw
                0x0000000008006546        0xa zephyr/drivers/gpio/libdrivers__gpio.a(gpio_stm32.c.obj)
 .text.gpio_stm32_port_clear_bits_raw
                0x0000000008006550        0xc zephyr/drivers/gpio/libdrivers__gpio.a(gpio_stm32.c.obj)
 .text.gpio_stm32_port_toggle_bits
                0x000000000800655c        0xe zephyr/drivers/gpio/libdrivers__gpio.a(gpio_stm32.c.obj)
 .text.gpio_stm32_manage_callback
                0x000000000800656a       0x52 zephyr/drivers/gpio/libdrivers__gpio.a(gpio_stm32.c.obj)
 .text.gpio_stm32_configure_raw.isra.0
                0x00000000080065bc      0x106 zephyr/drivers/gpio/libdrivers__gpio.a(gpio_stm32.c.obj)
 .text.gpio_stm32_config
                0x00000000080066c2       0x78 zephyr/drivers/gpio/libdrivers__gpio.a(gpio_stm32.c.obj)
 .text.gpio_stm32_isr
                0x000000000800673a       0x2e zephyr/drivers/gpio/libdrivers__gpio.a(gpio_stm32.c.obj)
 .text.gpio_stm32_configure
                0x0000000008006768       0x30 zephyr/drivers/gpio/libdrivers__gpio.a(gpio_stm32.c.obj)
                0x0000000008006768                gpio_stm32_configure
 .text.pinctrl_lookup_state
                0x0000000008006798       0x26 zephyr/drivers/pinctrl/libdrivers__pinctrl.a(common.c.obj)
                0x0000000008006798                pinctrl_lookup_state
 .text.LL_TIM_OC_SetCompareCH1
                0x00000000080067be        0x4 zephyr/drivers/pwm/libdrivers__pwm.a(pwm_stm32.c.obj)
 .text.LL_TIM_OC_SetCompareCH2
                0x00000000080067c2        0x4 zephyr/drivers/pwm/libdrivers__pwm.a(pwm_stm32.c.obj)
 .text.LL_TIM_OC_SetCompareCH3
                0x00000000080067c6        0x4 zephyr/drivers/pwm/libdrivers__pwm.a(pwm_stm32.c.obj)
 .text.LL_TIM_OC_SetCompareCH4
                0x00000000080067ca        0x4 zephyr/drivers/pwm/libdrivers__pwm.a(pwm_stm32.c.obj)
 .text.pwm_stm32_get_cycles_per_sec
                0x00000000080067ce       0x16 zephyr/drivers/pwm/libdrivers__pwm.a(pwm_stm32.c.obj)
 .text.reset_stm32_status
                0x00000000080067e4       0x20 zephyr/drivers/reset/libdrivers__reset.a(reset_stm32.c.obj)
 .text.reset_stm32_line_assert
                0x0000000008006804       0x1c zephyr/drivers/reset/libdrivers__reset.a(reset_stm32.c.obj)
 .text.reset_stm32_line_deassert
                0x0000000008006820       0x1e zephyr/drivers/reset/libdrivers__reset.a(reset_stm32.c.obj)
 .text.reset_stm32_line_toggle
                0x000000000800683e       0x16 zephyr/drivers/reset/libdrivers__reset.a(reset_stm32.c.obj)
 .text.LL_USART_ClearFlag_PE
                0x0000000008006854       0x12 zephyr/drivers/serial/libdrivers__serial.a(uart_stm32.c.obj)
 .text.uart_stm32_err_check
                0x0000000008006866       0x5e zephyr/drivers/serial/libdrivers__serial.a(uart_stm32.c.obj)
 .text.uart_stm32_poll_out
                0x00000000080068c4       0x36 zephyr/drivers/serial/libdrivers__serial.a(uart_stm32.c.obj)
 .text.uart_stm32_poll_in
                0x00000000080068fa       0x22 zephyr/drivers/serial/libdrivers__serial.a(uart_stm32.c.obj)
 .text.uart_stm32_config_get
                0x000000000800691c       0x8e zephyr/drivers/serial/libdrivers__serial.a(uart_stm32.c.obj)
 .text.uart_stm32_set_baudrate
                0x00000000080069aa       0x58 zephyr/drivers/serial/libdrivers__serial.a(uart_stm32.c.obj)
 .text.spi_context_get_next_buf
                0x0000000008006a02       0x2c zephyr/drivers/spi/libdrivers__spi.a(spi_ll_stm32.c.obj)
 .text.spi_context_buffers_setup
                0x0000000008006a2e       0x5e zephyr/drivers/spi/libdrivers__spi.a(spi_ll_stm32.c.obj)
 .text.spi_stm32_send_next_frame
                0x0000000008006a8c       0x90 zephyr/drivers/spi/libdrivers__spi.a(spi_ll_stm32.c.obj)
 .text.spi_stm32_read_next_frame
                0x0000000008006b1c       0x84 zephyr/drivers/spi/libdrivers__spi.a(spi_ll_stm32.c.obj)
 .text.spi_stm32_irq_config_func_0
                0x0000000008006ba0       0x16 zephyr/drivers/spi/libdrivers__spi.a(spi_ll_stm32.c.obj)
 .text.spi_stm32_irq_config_func_1
                0x0000000008006bb6       0x16 zephyr/drivers/spi/libdrivers__spi.a(spi_ll_stm32.c.obj)
 .text.gpio_pin_set_dt.isra.0
                0x0000000008006bcc       0x28 zephyr/drivers/spi/libdrivers__spi.a(spi_ll_stm32.c.obj)
 .text.spi_context_unlock_unconditionally
                0x0000000008006bf4       0x30 zephyr/drivers/spi/libdrivers__spi.a(spi_ll_stm32.c.obj)
 .text.spi_stm32_release
                0x0000000008006c24       0x18 zephyr/drivers/spi/libdrivers__spi.a(spi_ll_stm32.c.obj)
 .text.spi_stm32_complete
                0x0000000008006c3c       0x92 zephyr/drivers/spi/libdrivers__spi.a(spi_ll_stm32.c.obj)
 .text.spi_stm32_isr
                0x0000000008006cce      0x1a4 zephyr/drivers/spi/libdrivers__spi.a(spi_ll_stm32.c.obj)
 .text.LL_RCC_GetSystemClocksFreq
                0x0000000008006e72       0x22 modules/stm32/stm32cube/lib..__modules__hal__stm32__stm32cube.a(stm32f4xx_ll_rcc.c.obj)
                0x0000000008006e72                LL_RCC_GetSystemClocksFreq
 .text.LL_TIM_StructInit
                0x0000000008006e94       0x12 modules/stm32/stm32cube/lib..__modules__hal__stm32__stm32cube.a(stm32f4xx_ll_tim.c.obj)
                0x0000000008006e94                LL_TIM_StructInit
 .text.LL_TIM_OC_StructInit
                0x0000000008006ea6       0x14 modules/stm32/stm32cube/lib..__modules__hal__stm32__stm32cube.a(stm32f4xx_ll_tim.c.obj)
                0x0000000008006ea6                LL_TIM_OC_StructInit
 .text.z_impl_k_busy_wait
                0x0000000008006eba       0x1c zephyr/kernel/libkernel.a(busy_wait.c.obj)
                0x0000000008006eba                z_impl_k_busy_wait
 .text.z_device_state_init
                0x0000000008006ed6        0x2 zephyr/kernel/libkernel.a(device.c.obj)
                0x0000000008006ed6                z_device_state_init
 .text.z_impl_device_is_ready
                0x0000000008006ed8       0x16 zephyr/kernel/libkernel.a(device.c.obj)
                0x0000000008006ed8                z_impl_device_is_ready
 .text.arch_system_halt
                0x0000000008006eee       0x10 zephyr/kernel/libkernel.a(fatal.c.obj)
                0x0000000008006eee                arch_system_halt
 .text.do_device_init
                0x0000000008006efe       0x30 zephyr/kernel/libkernel.a(init.c.obj)
 .text.z_early_memset
                0x0000000008006f2e        0x4 zephyr/kernel/libkernel.a(init.c.obj)
                0x0000000008006f2e                z_early_memset
 .text.z_early_memcpy
                0x0000000008006f32        0x4 zephyr/kernel/libkernel.a(init.c.obj)
                0x0000000008006f32                z_early_memcpy
 .text.z_init_static
                0x0000000008006f36        0x2 zephyr/kernel/libkernel.a(init_static.c.obj)
                0x0000000008006f36                z_init_static
 .text.idle     0x0000000008006f38       0x16 zephyr/kernel/libkernel.a(idle.c.obj)
                0x0000000008006f38                idle
 .text.z_impl_k_sem_init
                0x0000000008006f4e       0x18 zephyr/kernel/libkernel.a(sem.c.obj)
                0x0000000008006f4e                z_impl_k_sem_init
 .text.k_is_in_isr
                0x0000000008006f66        0xc zephyr/kernel/libkernel.a(thread.c.obj)
                0x0000000008006f66                k_is_in_isr
 .text.z_impl_k_thread_name_set
                0x0000000008006f72        0x6 zephyr/kernel/libkernel.a(thread.c.obj)
                0x0000000008006f72                z_impl_k_thread_name_set
 .text.k_thread_name_get
                0x0000000008006f78        0x4 zephyr/kernel/libkernel.a(thread.c.obj)
                0x0000000008006f78                k_thread_name_get
 .text.z_impl_k_thread_start
                0x0000000008006f7c        0x4 zephyr/kernel/libkernel.a(thread.c.obj)
                0x0000000008006f7c                z_impl_k_thread_start
 .text.sys_dlist_remove
                0x0000000008006f80       0x10 zephyr/kernel/libkernel.a(sched.c.obj)
 .text.unpend_thread_no_timeout
                0x0000000008006f90       0x14 zephyr/kernel/libkernel.a(sched.c.obj)
 .text.add_to_waitq_locked
                0x0000000008006fa4       0x50 zephyr/kernel/libkernel.a(sched.c.obj)
 .text.z_ready_thread
                0x0000000008006ff4       0x1e zephyr/kernel/libkernel.a(sched.c.obj)
                0x0000000008006ff4                z_ready_thread
 .text.z_impl_k_thread_suspend
                0x0000000008007012       0x32 zephyr/kernel/libkernel.a(sched.c.obj)
                0x0000000008007012                z_impl_k_thread_suspend
 .text.z_unpend_thread_no_timeout
                0x0000000008007044       0x22 zephyr/kernel/libkernel.a(sched.c.obj)
                0x0000000008007044                z_unpend_thread_no_timeout
 .text.z_sched_wake_thread
                0x0000000008007066       0x42 zephyr/kernel/libkernel.a(sched.c.obj)
                0x0000000008007066                z_sched_wake_thread
 .text.z_thread_timeout
                0x00000000080070a8        0x8 zephyr/kernel/libkernel.a(sched.c.obj)
                0x00000000080070a8                z_thread_timeout
 .text.z_unpend1_no_timeout
                0x00000000080070b0       0x2c zephyr/kernel/libkernel.a(sched.c.obj)
                0x00000000080070b0                z_unpend1_no_timeout
 .text.z_unpend_first_thread
                0x00000000080070dc       0x36 zephyr/kernel/libkernel.a(sched.c.obj)
                0x00000000080070dc                z_unpend_first_thread
 .text.z_thread_abort
                0x0000000008007112       0x44 zephyr/kernel/libkernel.a(sched.c.obj)
                0x0000000008007112                z_thread_abort
 .text.z_abort_timeout
                0x0000000008007156       0x2a zephyr/kernel/libkernel.a(timeout.c.obj)
                0x0000000008007156                z_abort_timeout
 .text.sys_clock_tick_get_32
                0x0000000008007180        0x8 zephyr/kernel/libkernel.a(timeout.c.obj)
                0x0000000008007180                sys_clock_tick_get_32
 .text.z_impl_k_uptime_ticks
                0x0000000008007188        0x4 zephyr/kernel/libkernel.a(timeout.c.obj)
                0x0000000008007188                z_impl_k_uptime_ticks
 .text.k_timer_init
                0x000000000800718c       0x18 zephyr/kernel/libkernel.a(timer.c.obj)
                0x000000000800718c                k_timer_init
 .text.z_impl_k_timer_stop
                0x00000000080071a4       0x38 zephyr/kernel/libkernel.a(timer.c.obj)
                0x00000000080071a4                z_impl_k_timer_stop
 *(SORT_BY_ALIGNMENT(.TEXT.*))
 *(SORT_BY_ALIGNMENT(.gnu.linkonce.t.*))
 *(SORT_BY_ALIGNMENT(.glue_7t))
 .glue_7t       0x00000000080071dc        0x0 linker stubs
 *(SORT_BY_ALIGNMENT(.glue_7))
 .glue_7        0x00000000080071dc        0x0 linker stubs
 *(SORT_BY_ALIGNMENT(.vfp11_veneer))
 .vfp11_veneer  0x00000000080071dc        0x0 linker stubs
 *(SORT_BY_ALIGNMENT(.v4_bx))
 .v4_bx         0x00000000080071dc        0x0 linker stubs
                0x00000000080071dc                . = ALIGN (0x4)
                0x00000000080071dc                __text_region_end = .

.ARM.exidx      0x00000000080071dc        0x8
                0x00000000080071dc                __exidx_start = .
 *(SORT_BY_ALIGNMENT(.ARM.exidx*) SORT_BY_ALIGNMENT(gnu.linkonce.armexidx.*))
 .ARM.exidx     0x00000000080071dc        0x8 /Users/juliafaubus/zephyr-sdk-0.17.4/arm-zephyr-eabi/bin/../lib/gcc/arm-zephyr-eabi/12.2.0/thumb/v7e-m/nofp/libgcc.a(_udivmoddi4.o)
                0x00000000080071e4                __exidx_end = .
                0x00000000080071e4                __rodata_region_start = .

initlevel       0x00000000080071e4       0xc8
                0x00000000080071e4                __init_start = .
                0x00000000080071e4                __init_EARLY_start = .
 *(SORT_BY_NAME(SORT_BY_ALIGNMENT(.z_init_EARLY?_*)))
 *(SORT_BY_NAME(SORT_BY_ALIGNMENT(.z_init_EARLY??_*)))
                0x00000000080071e4                __init_PRE_KERNEL_1_start = .
 *(SORT_BY_NAME(SORT_BY_ALIGNMENT(.z_init_PRE_KERNEL_1?_*)))
 .z_init_PRE_KERNEL_10_0_
                0x00000000080071e4        0x8 zephyr/libzephyr.a(soc.c.obj)
 .z_init_PRE_KERNEL_11_00009_
                0x00000000080071ec        0x8 zephyr/drivers/clock_control/libdrivers__clock_control.a(clock_stm32_ll_common.c.obj)
 .z_init_PRE_KERNEL_11_0_
                0x00000000080071f4        0x8 zephyr/libzephyr.a(soc_config.c.obj)
 *(SORT_BY_NAME(SORT_BY_ALIGNMENT(.z_init_PRE_KERNEL_1??_*)))
 .z_init_PRE_KERNEL_135_00056_
                0x00000000080071fc        0x8 zephyr/drivers/reset/libdrivers__reset.a(reset_stm32.c.obj)
 .z_init_PRE_KERNEL_140_00039_
                0x0000000008007204        0x8 zephyr/drivers/gpio/libdrivers__gpio.a(gpio_stm32.c.obj)
 .z_init_PRE_KERNEL_140_00040_
                0x000000000800720c        0x8 zephyr/drivers/gpio/libdrivers__gpio.a(gpio_stm32.c.obj)
 .z_init_PRE_KERNEL_140_00041_
                0x0000000008007214        0x8 zephyr/drivers/gpio/libdrivers__gpio.a(gpio_stm32.c.obj)
 .z_init_PRE_KERNEL_140_00089_
                0x000000000800721c        0x8 zephyr/drivers/interrupt_controller/libdrivers__interrupt_controller.a(intc_exti_stm32.c.obj)
 .z_init_PRE_KERNEL_140_00127_
                0x0000000008007224        0x8 zephyr/drivers/gpio/libdrivers__gpio.a(gpio_stm32.c.obj)
 .z_init_PRE_KERNEL_140_00128_
                0x000000000800722c        0x8 zephyr/drivers/gpio/libdrivers__gpio.a(gpio_stm32.c.obj)
 .z_init_PRE_KERNEL_140_00129_
                0x0000000008007234        0x8 zephyr/drivers/gpio/libdrivers__gpio.a(gpio_stm32.c.obj)
 .z_init_PRE_KERNEL_140_00130_
                0x000000000800723c        0x8 zephyr/drivers/gpio/libdrivers__gpio.a(gpio_stm32.c.obj)
 .z_init_PRE_KERNEL_140_00131_
                0x0000000008007244        0x8 zephyr/drivers/gpio/libdrivers__gpio.a(gpio_stm32.c.obj)
 .z_init_PRE_KERNEL_150_00094_
                0x000000000800724c        0x8 zephyr/drivers/serial/libdrivers__serial.a(uart_stm32.c.obj)
 .z_init_PRE_KERNEL_150_00100_
                0x0000000008007254        0x8 zephyr/drivers/serial/libdrivers__serial.a(uart_stm32.c.obj)
 .z_init_PRE_KERNEL_160_0_
                0x000000000800725c        0x8 zephyr/drivers/console/libdrivers__console.a(uart_console.c.obj)
                0x0000000008007264                __init_PRE_KERNEL_2_start = .
 *(SORT_BY_NAME(SORT_BY_ALIGNMENT(.z_init_PRE_KERNEL_2?_*)))
 .z_init_PRE_KERNEL_20_0_
                0x0000000008007264        0x8 zephyr/drivers/timer/libdrivers__timer.a(cortex_m_systick.c.obj)
 *(SORT_BY_NAME(SORT_BY_ALIGNMENT(.z_init_PRE_KERNEL_2??_*)))
                0x000000000800726c                __init_POST_KERNEL_start = .
 *(SORT_BY_NAME(SORT_BY_ALIGNMENT(.z_init_POST_KERNEL?_*)))
 .z_init_POST_KERNEL0_0_
                0x000000000800726c        0x8 zephyr/libzephyr.a(log_core.c.obj)
 *(SORT_BY_NAME(SORT_BY_ALIGNMENT(.z_init_POST_KERNEL??_*)))
 .z_init_POST_KERNEL35_0_
                0x0000000008007274        0x8 zephyr/lib/libc/newlib/liblib__libc__newlib.a(libc-hooks.c.obj)
 .z_init_POST_KERNEL50_00012_
                0x000000000800727c        0x8 zephyr/drivers/adc/libdrivers__adc.a(adc_stm32.c.obj)
 .z_init_POST_KERNEL50_00060_
                0x0000000008007284        0x8 zephyr/drivers/pwm/libdrivers__pwm.a(pwm_stm32.c.obj)
 .z_init_POST_KERNEL50_00064_
                0x000000000800728c        0x8 zephyr/drivers/pwm/libdrivers__pwm.a(pwm_stm32.c.obj)
 .z_init_POST_KERNEL50_00072_
                0x0000000008007294        0x8 zephyr/drivers/pwm/libdrivers__pwm.a(pwm_stm32.c.obj)
 .z_init_POST_KERNEL50_00107_
                0x000000000800729c        0x8 zephyr/drivers/spi/libdrivers__spi.a(spi_ll_stm32.c.obj)
 .z_init_POST_KERNEL50_00137_
                0x00000000080072a4        0x8 zephyr/drivers/spi/libdrivers__spi.a(spi_ll_stm32.c.obj)
                0x00000000080072ac                __init_APPLICATION_start = .
 *(SORT_BY_NAME(SORT_BY_ALIGNMENT(.z_init_APPLICATION?_*)))
 *(SORT_BY_NAME(SORT_BY_ALIGNMENT(.z_init_APPLICATION??_*)))
                0x00000000080072ac                __init_SMP_start = .
 *(SORT_BY_NAME(SORT_BY_ALIGNMENT(.z_init_SMP?_*)))
 *(SORT_BY_NAME(SORT_BY_ALIGNMENT(.z_init_SMP??_*)))
                0x00000000080072ac                __init_end = .
                0x00000000080072ac                __deferred_init_list_start = .
 *(SORT_BY_ALIGNMENT(.z_deferred_init*))
                0x00000000080072ac                __deferred_init_list_end = .

device_area     0x00000000080072ac      0x17c
                0x00000000080072ac                _device_list_start = .
 *(SORT_BY_NAME(SORT_BY_ALIGNMENT(._device.static.*_?_*)))
 ._device.static.1_1_
                0x00000000080072ac       0x14 zephyr/drivers/clock_control/libdrivers__clock_control.a(clock_stm32_ll_common.c.obj)
                0x00000000080072ac                __device_dts_ord_9
 *(SORT_BY_NAME(SORT_BY_ALIGNMENT(._device.static.*_??_*)))
 ._device.static.1_35_
                0x00000000080072c0       0x14 zephyr/drivers/reset/libdrivers__reset.a(reset_stm32.c.obj)
                0x00000000080072c0                __device_dts_ord_56
 ._device.static.1_40_
                0x00000000080072d4       0x14 zephyr/drivers/interrupt_controller/libdrivers__interrupt_controller.a(intc_exti_stm32.c.obj)
                0x00000000080072d4                __device_dts_ord_89
 ._device.static.1_40_
                0x00000000080072e8       0xa0 zephyr/drivers/gpio/libdrivers__gpio.a(gpio_stm32.c.obj)
                0x00000000080072e8                __device_dts_ord_131
                0x00000000080072fc                __device_dts_ord_130
                0x0000000008007310                __device_dts_ord_129
                0x0000000008007324                __device_dts_ord_128
                0x0000000008007338                __device_dts_ord_127
                0x000000000800734c                __device_dts_ord_41
                0x0000000008007360                __device_dts_ord_40
                0x0000000008007374                __device_dts_ord_39
 ._device.static.1_50_
                0x0000000008007388       0x28 zephyr/drivers/serial/libdrivers__serial.a(uart_stm32.c.obj)
                0x0000000008007388                __device_dts_ord_94
                0x000000000800739c                __device_dts_ord_100
 ._device.static.3_50_
                0x00000000080073b0       0x14 zephyr/drivers/adc/libdrivers__adc.a(adc_stm32.c.obj)
                0x00000000080073b0                __device_dts_ord_12
 ._device.static.3_50_
                0x00000000080073c4       0x3c zephyr/drivers/pwm/libdrivers__pwm.a(pwm_stm32.c.obj)
                0x00000000080073c4                __device_dts_ord_60
                0x00000000080073d8                __device_dts_ord_72
                0x00000000080073ec                __device_dts_ord_64
 ._device.static.3_50_
                0x0000000008007400       0x28 zephyr/drivers/spi/libdrivers__spi.a(spi_ll_stm32.c.obj)
                0x0000000008007400                __device_dts_ord_137
                0x0000000008007414                __device_dts_ord_107
                0x0000000008007428                _device_list_end = .

sw_isr_table    0x0000000008007428      0x308
                0x0000000008007428                . = ALIGN (0x4)
 *(SORT_BY_ALIGNMENT(.gnu.linkonce.sw_isr_table*))
 .gnu.linkonce.sw_isr_table
                0x0000000008007428      0x308 zephyr/CMakeFiles/zephyr_final.dir/isr_tables.c.obj
                0x0000000008007428                _sw_isr_table

initlevel_error
                0x00000000080071e4        0x0
 *(SORT_BY_NAME(SORT_BY_ALIGNMENT(.z_init_[_A-Z0-9]*)))
                0x0000000000000001                ASSERT ((SIZEOF (initlevel_error) == 0x0), Undefined initialization levels used.)

app_shmem_regions
                0x0000000008007730        0x0
                0x0000000008007730                __app_shmem_regions_start = .
 *(SORT_BY_NAME(SORT_BY_ALIGNMENT(.app_regions.*)))
                0x0000000008007730                __app_shmem_regions_end = .

k_p4wq_initparam_area
                0x0000000008007730        0x0
                0x0000000008007730                _k_p4wq_initparam_list_start = .
 *(SORT_BY_NAME(SORT_BY_ALIGNMENT(._k_p4wq_initparam.static.*)))
                0x0000000008007730                _k_p4wq_initparam_list_end = .

_static_thread_data_area
                0x0000000008007730        0x0
                0x0000000008007730                __static_thread_data_list_start = .
 *(SORT_BY_NAME(SORT_BY_ALIGNMENT(.__static_thread_data.static.*)))
                0x0000000008007730                __static_thread_data_list_end = .

device_deps     0x0000000008007730        0x0
                0x0000000008007730                __device_deps_start = .
 *(SORT_BY_NAME(SORT_BY_ALIGNMENT(.__device_deps_pass2*)))
                0x0000000008007730                __device_deps_end = .

ztest           0x0000000008007730        0x0
                0x0000000008007730                _ztest_expected_result_entry_list_start = .
 *(SORT_BY_NAME(SORT_BY_ALIGNMENT(._ztest_expected_result_entry.static.*)))
                0x0000000008007730                _ztest_expected_result_entry_list_end = .
                0x0000000008007730                _ztest_suite_node_list_start = .
 *(SORT_BY_NAME(SORT_BY_ALIGNMENT(._ztest_suite_node.static.*)))
                0x0000000008007730                _ztest_suite_node_list_end = .
                0x0000000008007730                _ztest_unit_test_list_start = .
 *(SORT_BY_NAME(SORT_BY_ALIGNMENT(._ztest_unit_test.static.*)))
                0x0000000008007730                _ztest_unit_test_list_end = .
                0x0000000008007730                _ztest_test_rule_list_start = .
 *(SORT_BY_NAME(SORT_BY_ALIGNMENT(._ztest_test_rule.static.*)))
                0x0000000008007730                _ztest_test_rule_list_end = .

init_array      0x0000000008007730        0x0
 *(SORT_BY_NAME(SORT_BY_ALIGNMENT(.ctors*)))
 *(SORT_BY_NAME(SORT_BY_ALIGNMENT(.init_array*)))
                0x0000000000000001                ASSERT ((SIZEOF (init_array) == 0x0), GNU-style constructors required but STATIC_INIT_GNU not enabled)

bt_l2cap_fixed_chan_area
                0x0000000008007730        0x0
                0x0000000008007730                _bt_l2cap_fixed_chan_list_start = .
 *(SORT_BY_NAME(SORT_BY_ALIGNMENT(._bt_l2cap_fixed_chan.static.*)))
                0x0000000008007730                _bt_l2cap_fixed_chan_list_end = .

bt_gatt_service_static_area
                0x0000000008007730        0x0
                0x0000000008007730                _bt_gatt_service_static_list_start = .
 *(SORT_BY_NAME(SORT_BY_ALIGNMENT(._bt_gatt_service_static.static.*)))
                0x0000000008007730                _bt_gatt_service_static_list_end = .

log_strings_area
                0x0000000008007730        0x0
                0x0000000008007730                _log_strings_list_start = .
 *(SORT_BY_NAME(SORT_BY_ALIGNMENT(._log_strings.static.*)))
                0x0000000008007730                _log_strings_list_end = .

log_const_area  0x0000000008007730       0x58
                0x0000000008007730                _log_const_list_start = .
 *(SORT_BY_NAME(SORT_BY_ALIGNMENT(._log_const.static.*)))
 ._log_const.static.log_const_adc_stm32_
                0x0000000008007730        0x8 zephyr/drivers/adc/libdrivers__adc.a(adc_stm32.c.obj)
                0x0000000008007730                log_const_adc_stm32
 ._log_const.static.log_const_cbprintf_package_
                0x0000000008007738        0x8 zephyr/libzephyr.a(cbprintf_packaged.c.obj)
                0x0000000008007738                log_const_cbprintf_package
 ._log_const.static.log_const_log_
                0x0000000008007740        0x8 zephyr/libzephyr.a(log_core.c.obj)
                0x0000000008007740                log_const_log
 ._log_const.static.log_const_log_mgmt_
                0x0000000008007748        0x8 zephyr/libzephyr.a(log_mgmt.c.obj)
                0x0000000008007748                log_const_log_mgmt
 ._log_const.static.log_const_log_uart_
                0x0000000008007750        0x8 zephyr/libzephyr.a(log_backend_uart.c.obj)
                0x0000000008007750                log_const_log_uart
 ._log_const.static.log_const_mpu_
                0x0000000008007758        0x8 zephyr/arch/arch/arm/core/mpu/libarch__arm__core__mpu.a(arm_core_mpu.c.obj)
                0x0000000008007758                log_const_mpu
 ._log_const.static.log_const_os_
                0x0000000008007760        0x8 zephyr/kernel/libkernel.a(init.c.obj)
                0x0000000008007760                log_const_os
 ._log_const.static.log_const_pwm_stm32_
                0x0000000008007768        0x8 zephyr/drivers/pwm/libdrivers__pwm.a(pwm_stm32.c.obj)
                0x0000000008007768                log_const_pwm_stm32
 ._log_const.static.log_const_spi_ll_stm32_
                0x0000000008007770        0x8 zephyr/drivers/spi/libdrivers__spi.a(spi_ll_stm32.c.obj)
                0x0000000008007770                log_const_spi_ll_stm32
 ._log_const.static.log_const_stm32_
                0x0000000008007778        0x8 zephyr/drivers/gpio/libdrivers__gpio.a(gpio_stm32.c.obj)
                0x0000000008007778                log_const_stm32
 ._log_const.static.log_const_uart_stm32_
                0x0000000008007780        0x8 zephyr/drivers/serial/libdrivers__serial.a(uart_stm32.c.obj)
                0x0000000008007780                log_const_uart_stm32
                0x0000000008007788                _log_const_list_end = .

log_backend_area
                0x0000000008007788       0x10
                0x0000000008007788                _log_backend_list_start = .
 *(SORT_BY_NAME(SORT_BY_ALIGNMENT(._log_backend.static.*)))
 ._log_backend.static.log_backend_uart_
                0x0000000008007788       0x10 zephyr/libzephyr.a(log_backend_uart.c.obj)
                0x0000000008007798                _log_backend_list_end = .

log_link_area   0x0000000008007798        0x0
                0x0000000008007798                _log_link_list_start = .
 *(SORT_BY_NAME(SORT_BY_ALIGNMENT(._log_link.static.*)))
                0x0000000008007798                _log_link_list_end = .

tracing_backend_area
                0x0000000008007798        0x0
                0x0000000008007798                _tracing_backend_list_start = .
 *(SORT_BY_NAME(SORT_BY_ALIGNMENT(._tracing_backend.static.*)))
                0x0000000008007798                _tracing_backend_list_end = .

zephyr_dbg_info
 *(SORT_BY_ALIGNMENT(.dbg_thread_info))

intc_table_area
                0x0000000008007798        0x0
                0x0000000008007798                _intc_table_list_start = .
 *(SORT_BY_NAME(SORT_BY_ALIGNMENT(._intc_table.static.*)))
                0x0000000008007798                _intc_table_list_end = .

symbol_to_keep  0x0000000008007798        0x0
                0x0000000008007798                __symbol_to_keep_start = .
 *(SORT_BY_NAME(SORT_BY_ALIGNMENT(.symbol_to_keep*)))
                0x0000000008007798                __symbol_to_keep_end = .

shell_area      0x0000000008007798        0x0
                0x0000000008007798                _shell_list_start = .
 *(SORT_BY_NAME(SORT_BY_ALIGNMENT(._shell.static.*)))
                0x0000000008007798                _shell_list_end = .

shell_root_cmds_area
                0x0000000008007798        0x0
                0x0000000008007798                _shell_root_cmds_list_start = .
 *(SORT_BY_NAME(SORT_BY_ALIGNMENT(._shell_root_cmds.static.*)))
                0x0000000008007798                _shell_root_cmds_list_end = .

shell_subcmds_area
                0x0000000008007798        0x0
                0x0000000008007798                _shell_subcmds_list_start = .
 *(SORT_BY_NAME(SORT_BY_ALIGNMENT(._shell_subcmds.static.*)))
                0x0000000008007798                _shell_subcmds_list_end = .

shell_dynamic_subcmds_area
                0x0000000008007798        0x0
                0x0000000008007798                _shell_dynamic_subcmds_list_start = .
 *(SORT_BY_NAME(SORT_BY_ALIGNMENT(._shell_dynamic_subcmds.static.*)))
                0x0000000008007798                _shell_dynamic_subcmds_list_end = .

cfb_font_area   0x0000000008007798        0x0
                0x0000000008007798                _cfb_font_list_start = .
 *(SORT_BY_NAME(SORT_BY_ALIGNMENT(._cfb_font.static.*)))
                0x0000000008007798                _cfb_font_list_end = .

rodata          0x0000000008007798     0x1390
 *(SORT_BY_ALIGNMENT(.rodata))
 .rodata        0x0000000008007798        0x8 zephyr/drivers/gpio/libdrivers__gpio.a(gpio_stm32.c.obj)
 .rodata        0x00000000080077a0       0x20 zephyr/drivers/spi/libdrivers__spi.a(spi_ll_stm32.c.obj)
 *(SORT_BY_ALIGNMENT(.rodata.*))
 .rodata.mpsc_config
                0x00000000080077c0       0x14 zephyr/libzephyr.a(log_core.c.obj)
 .rodata.format_table
                0x00000000080077d4       0x10 zephyr/libzephyr.a(log_core.c.obj)
 .rodata.colors
                0x00000000080077e4       0x14 zephyr/libzephyr.a(log_output.c.obj)
 .rodata.severity
                0x00000000080077f8       0x14 zephyr/libzephyr.a(log_output.c.obj)
 .rodata.lbu_cb_ctx
                0x000000000800780c        0x8 zephyr/libzephyr.a(log_backend_uart.c.obj)
 .rodata.lbu_output
                0x0000000008007814       0x10 zephyr/libzephyr.a(log_backend_uart.c.obj)
 .rodata.log_backend_uart_api
                0x0000000008007824       0x1c zephyr/libzephyr.a(log_backend_uart.c.obj)
                0x0000000008007824                log_backend_uart_api
 .rodata.mem_attr_region
                0x0000000008007840        0x0 zephyr/libzephyr.a(mem_attr.c.obj)
 .rodata.static_regions
                0x0000000008007840        0xc zephyr/arch/arch/arm/core/mpu/libarch__arm__core__mpu.a(arm_core_mpu.c.obj)
 .rodata.mpu_config
                0x000000000800784c        0x8 zephyr/arch/arch/arm/core/mpu/libarch__arm__core__mpu.a(arm_mpu_regions.c.obj)
                0x000000000800784c                mpu_config
 .rodata.mpu_regions
                0x0000000008007854       0x18 zephyr/arch/arch/arm/core/mpu/libarch__arm__core__mpu.a(arm_mpu_regions.c.obj)
 .rodata.adc_stm32_cfg_0
                0x000000000800786c       0x3c zephyr/drivers/adc/libdrivers__adc.a(adc_stm32.c.obj)
 .rodata.pclken_0
                0x00000000080078a8        0x8 zephyr/drivers/adc/libdrivers__adc.a(adc_stm32.c.obj)
 .rodata.__pinctrl_dev_config__device_dts_ord_12
                0x00000000080078b0        0x8 zephyr/drivers/adc/libdrivers__adc.a(adc_stm32.c.obj)
 .rodata.__pinctrl_states__device_dts_ord_12
                0x00000000080078b8        0x8 zephyr/drivers/adc/libdrivers__adc.a(adc_stm32.c.obj)
 .rodata.__pinctrl_state_pins_0__device_dts_ord_12
                0x00000000080078c0        0x8 zephyr/drivers/adc/libdrivers__adc.a(adc_stm32.c.obj)
 .rodata.api_stm32_driver_api
                0x00000000080078c8        0xc zephyr/drivers/adc/libdrivers__adc.a(adc_stm32.c.obj)
 .rodata.table_seq_len
                0x00000000080078d4       0x40 zephyr/drivers/adc/libdrivers__adc.a(adc_stm32.c.obj)
 .rodata.table_rank
                0x0000000008007914       0x40 zephyr/drivers/adc/libdrivers__adc.a(adc_stm32.c.obj)
 .rodata.stm32_clock_control_api
                0x0000000008007954       0x1c zephyr/drivers/clock_control/libdrivers__clock_control.a(clock_stm32_ll_common.c.obj)
 .rodata.gpio_stm32_cfg_h
                0x0000000008007970       0x14 zephyr/drivers/gpio/libdrivers__gpio.a(gpio_stm32.c.obj)
 .rodata.gpio_stm32_cfg_g
                0x0000000008007984       0x14 zephyr/drivers/gpio/libdrivers__gpio.a(gpio_stm32.c.obj)
 .rodata.gpio_stm32_cfg_f
                0x0000000008007998       0x14 zephyr/drivers/gpio/libdrivers__gpio.a(gpio_stm32.c.obj)
 .rodata.gpio_stm32_cfg_e
                0x00000000080079ac       0x14 zephyr/drivers/gpio/libdrivers__gpio.a(gpio_stm32.c.obj)
 .rodata.gpio_stm32_cfg_d
                0x00000000080079c0       0x14 zephyr/drivers/gpio/libdrivers__gpio.a(gpio_stm32.c.obj)
 .rodata.gpio_stm32_cfg_c
                0x00000000080079d4       0x14 zephyr/drivers/gpio/libdrivers__gpio.a(gpio_stm32.c.obj)
 .rodata.gpio_stm32_cfg_b
                0x00000000080079e8       0x14 zephyr/drivers/gpio/libdrivers__gpio.a(gpio_stm32.c.obj)
 .rodata.gpio_stm32_cfg_a
                0x00000000080079fc       0x14 zephyr/drivers/gpio/libdrivers__gpio.a(gpio_stm32.c.obj)
 .rodata.gpio_stm32_driver
                0x0000000008007a10       0x24 zephyr/drivers/gpio/libdrivers__gpio.a(gpio_stm32.c.obj)
 .rodata.gpio_ports
                0x0000000008007a34       0x40 zephyr/drivers/pinctrl/libdrivers__pinctrl.a(pinctrl_stm32.c.obj)
 .rodata.pwm_stm32_config_2
                0x0000000008007a74       0x18 zephyr/drivers/pwm/libdrivers__pwm.a(pwm_stm32.c.obj)
 .rodata.__pinctrl_dev_config__device_dts_ord_60
                0x0000000008007a8c        0x8 zephyr/drivers/pwm/libdrivers__pwm.a(pwm_stm32.c.obj)
 .rodata.__pinctrl_states__device_dts_ord_60
                0x0000000008007a94        0x8 zephyr/drivers/pwm/libdrivers__pwm.a(pwm_stm32.c.obj)
 .rodata.__pinctrl_state_pins_0__device_dts_ord_60
                0x0000000008007a9c       0x10 zephyr/drivers/pwm/libdrivers__pwm.a(pwm_stm32.c.obj)
 .rodata.pwm_stm32_config_1
                0x0000000008007aac       0x18 zephyr/drivers/pwm/libdrivers__pwm.a(pwm_stm32.c.obj)
 .rodata.__pinctrl_dev_config__device_dts_ord_72
                0x0000000008007ac4        0x8 zephyr/drivers/pwm/libdrivers__pwm.a(pwm_stm32.c.obj)
 .rodata.__pinctrl_states__device_dts_ord_72
                0x0000000008007acc        0x8 zephyr/drivers/pwm/libdrivers__pwm.a(pwm_stm32.c.obj)
 .rodata.__pinctrl_state_pins_0__device_dts_ord_72
                0x0000000008007ad4        0x8 zephyr/drivers/pwm/libdrivers__pwm.a(pwm_stm32.c.obj)
 .rodata.pwm_stm32_config_0
                0x0000000008007adc       0x18 zephyr/drivers/pwm/libdrivers__pwm.a(pwm_stm32.c.obj)
 .rodata.__pinctrl_dev_config__device_dts_ord_64
                0x0000000008007af4        0x8 zephyr/drivers/pwm/libdrivers__pwm.a(pwm_stm32.c.obj)
 .rodata.__pinctrl_states__device_dts_ord_64
                0x0000000008007afc        0x8 zephyr/drivers/pwm/libdrivers__pwm.a(pwm_stm32.c.obj)
 .rodata.__pinctrl_state_pins_0__device_dts_ord_64
                0x0000000008007b04       0x10 zephyr/drivers/pwm/libdrivers__pwm.a(pwm_stm32.c.obj)
 .rodata.pwm_stm32_driver_api
                0x0000000008007b14        0x8 zephyr/drivers/pwm/libdrivers__pwm.a(pwm_stm32.c.obj)
 .rodata.set_timer_compare
                0x0000000008007b1c       0x10 zephyr/drivers/pwm/libdrivers__pwm.a(pwm_stm32.c.obj)
 .rodata.ch2ll_n
                0x0000000008007b2c        0xc zephyr/drivers/pwm/libdrivers__pwm.a(pwm_stm32.c.obj)
 .rodata.ch2ll  0x0000000008007b38       0x10 zephyr/drivers/pwm/libdrivers__pwm.a(pwm_stm32.c.obj)
 .rodata.reset_stm32_config
                0x0000000008007b48        0x4 zephyr/drivers/reset/libdrivers__reset.a(reset_stm32.c.obj)
 .rodata.reset_stm32_driver_api
                0x0000000008007b4c       0x10 zephyr/drivers/reset/libdrivers__reset.a(reset_stm32.c.obj)
 .rodata.uart_stm32_cfg_1
                0x0000000008007b5c       0x24 zephyr/drivers/serial/libdrivers__serial.a(uart_stm32.c.obj)
 .rodata.pclken_1
                0x0000000008007b80        0x8 zephyr/drivers/serial/libdrivers__serial.a(uart_stm32.c.obj)
 .rodata.__pinctrl_dev_config__device_dts_ord_94
                0x0000000008007b88        0x8 zephyr/drivers/serial/libdrivers__serial.a(uart_stm32.c.obj)
 .rodata.__pinctrl_states__device_dts_ord_94
                0x0000000008007b90        0x8 zephyr/drivers/serial/libdrivers__serial.a(uart_stm32.c.obj)
 .rodata.__pinctrl_state_pins_0__device_dts_ord_94
                0x0000000008007b98       0x10 zephyr/drivers/serial/libdrivers__serial.a(uart_stm32.c.obj)
 .rodata.uart_stm32_cfg_0
                0x0000000008007ba8       0x24 zephyr/drivers/serial/libdrivers__serial.a(uart_stm32.c.obj)
 .rodata.pclken_0
                0x0000000008007bcc        0x8 zephyr/drivers/serial/libdrivers__serial.a(uart_stm32.c.obj)
 .rodata.__pinctrl_dev_config__device_dts_ord_100
                0x0000000008007bd4        0x8 zephyr/drivers/serial/libdrivers__serial.a(uart_stm32.c.obj)
 .rodata.__pinctrl_states__device_dts_ord_100
                0x0000000008007bdc        0x8 zephyr/drivers/serial/libdrivers__serial.a(uart_stm32.c.obj)
 .rodata.__pinctrl_state_pins_0__device_dts_ord_100
                0x0000000008007be4       0x10 zephyr/drivers/serial/libdrivers__serial.a(uart_stm32.c.obj)
 .rodata.uart_stm32_driver_api
                0x0000000008007bf4       0x14 zephyr/drivers/serial/libdrivers__serial.a(uart_stm32.c.obj)
 .rodata.__compound_literal.1
                0x0000000008007c08       0x20 zephyr/drivers/spi/libdrivers__spi.a(spi_ll_stm32.c.obj)
 .rodata.spi_stm32_cfg_1
                0x0000000008007c28       0x18 zephyr/drivers/spi/libdrivers__spi.a(spi_ll_stm32.c.obj)
 .rodata.pclken_1
                0x0000000008007c40        0x8 zephyr/drivers/spi/libdrivers__spi.a(spi_ll_stm32.c.obj)
 .rodata.__pinctrl_dev_config__device_dts_ord_137
                0x0000000008007c48        0x8 zephyr/drivers/spi/libdrivers__spi.a(spi_ll_stm32.c.obj)
 .rodata.__pinctrl_states__device_dts_ord_137
                0x0000000008007c50        0x8 zephyr/drivers/spi/libdrivers__spi.a(spi_ll_stm32.c.obj)
 .rodata.__pinctrl_state_pins_0__device_dts_ord_137
                0x0000000008007c58       0x18 zephyr/drivers/spi/libdrivers__spi.a(spi_ll_stm32.c.obj)
 .rodata.__compound_literal.0
                0x0000000008007c70        0x8 zephyr/drivers/spi/libdrivers__spi.a(spi_ll_stm32.c.obj)
 .rodata.spi_stm32_cfg_0
                0x0000000008007c78       0x18 zephyr/drivers/spi/libdrivers__spi.a(spi_ll_stm32.c.obj)
 .rodata.pclken_0
                0x0000000008007c90        0x8 zephyr/drivers/spi/libdrivers__spi.a(spi_ll_stm32.c.obj)
 .rodata.__pinctrl_dev_config__device_dts_ord_107
                0x0000000008007c98        0x8 zephyr/drivers/spi/libdrivers__spi.a(spi_ll_stm32.c.obj)
 .rodata.__pinctrl_states__device_dts_ord_107
                0x0000000008007ca0        0x8 zephyr/drivers/spi/libdrivers__spi.a(spi_ll_stm32.c.obj)
 .rodata.__pinctrl_state_pins_0__device_dts_ord_107
                0x0000000008007ca8       0x20 zephyr/drivers/spi/libdrivers__spi.a(spi_ll_stm32.c.obj)
 .rodata.api_funcs
                0x0000000008007cc8        0x8 zephyr/drivers/spi/libdrivers__spi.a(spi_ll_stm32.c.obj)
 .rodata.CSWTCH.486
                0x0000000008007cd0       0x14 zephyr/kernel/libkernel.a(fatal.c.obj)
 .rodata.levels.0
                0x0000000008007ce4       0x18 zephyr/kernel/libkernel.a(init.c.obj)
 .rodata._ctype_
                0x0000000008007cfc      0x101 /Users/juliafaubus/zephyr-sdk-0.17.4/arm-zephyr-eabi/arm-zephyr-eabi/lib/thumb/v7e-m/nofp/libc.a(lib_a-ctype_.o)
                0x0000000008007cfc                _ctype_
 *fill*         0x0000000008007dfd        0x1 
 .rodata.CSWTCH.527
                0x0000000008007dfe        0x6 zephyr/drivers/serial/libdrivers__serial.a(uart_stm32.c.obj)
 .rodata.main.str1.1
                0x0000000008007e04       0x89 app/libapp.a(flashingtest.c.obj)
 .rodata.cbprintf_package_convert.str1.1
                0x0000000008007e8d       0xa3 zephyr/libzephyr.a(cbprintf_packaged.c.obj)
 .rodata.str1.1
                0x0000000008007f30       0x11 zephyr/libzephyr.a(cbprintf_packaged.c.obj)
 .rodata.z_cbvprintf_impl.str1.1
                0x0000000008007f41        0x6 zephyr/libzephyr.a(cbprintf_complete.c.obj)
 .rodata.enable_logger.str1.1
                0x0000000008007f47        0x8 zephyr/libzephyr.a(log_core.c.obj)
 .rodata.str1.1
                0x0000000008007f4f        0x4 zephyr/libzephyr.a(log_core.c.obj)
 .rodata.str1.1
                0x0000000008007f53        0x9 zephyr/libzephyr.a(log_mgmt.c.obj)
 .rodata.z_impl_z_log_msg_static_create.str1.1
                0x0000000008007f5c       0x3f zephyr/libzephyr.a(log_msg.c.obj)
 .rodata.z_log_msg_runtime_vcreate.str1.1
                0x0000000008007f9b       0x38 zephyr/libzephyr.a(log_msg.c.obj)
 .rodata.newline_print.str1.1
                0x0000000008007fd3        0x3 zephyr/libzephyr.a(log_output.c.obj)
                                          0x5 (size before relaxing)
 .rodata.log_output_process.str1.1
                0x0000000008007fd6       0x4f zephyr/libzephyr.a(log_output.c.obj)
                                         0x51 (size before relaxing)
 .rodata.log_output_dropped_process.str1.1
                0x0000000008008025       0x4f zephyr/libzephyr.a(log_output.c.obj)
                                          0x3 (size before relaxing)
 .rodata.postfix.0
                0x0000000008008025       0x1c zephyr/libzephyr.a(log_output.c.obj)
 .rodata.prefix.1
                0x0000000008008041        0xc zephyr/libzephyr.a(log_output.c.obj)
 .rodata.str1.1
                0x000000000800804d       0x20 zephyr/libzephyr.a(log_output.c.obj)
 .rodata.str1.1
                0x000000000800806d       0x1a zephyr/libzephyr.a(log_backend_uart.c.obj)
 .rodata.z_arm_fatal_error.str1.1
                0x0000000008008087       0xae zephyr/arch/arch/arm/core/libarch__arm__core.a(fatal.c.obj)
 .rodata.bus_fault.constprop.0.str1.1
                0x0000000008008135       0xca zephyr/arch/arch/arm/core/cortex_m/libarch__arm__core__cortex_m.a(fault.c.obj)
 .rodata.usage_fault.constprop.0.str1.1
                0x00000000080081ff       0xcd zephyr/arch/arch/arm/core/cortex_m/libarch__arm__core__cortex_m.a(fault.c.obj)
 .rodata.mem_manage_fault.str1.1
                0x00000000080082cc       0x96 zephyr/arch/arch/arm/core/cortex_m/libarch__arm__core__cortex_m.a(fault.c.obj)
 .rodata.z_arm_fault.str1.1
                0x0000000008008362      0x111 zephyr/arch/arch/arm/core/cortex_m/libarch__arm__core__cortex_m.a(fault.c.obj)
 .rodata.str1.1
                0x0000000008008473        0x4 zephyr/arch/arch/arm/core/mpu/libarch__arm__core__mpu.a(arm_core_mpu.c.obj)
 .rodata.region_allocate_and_init.str1.1
                0x0000000008008477       0x26 zephyr/arch/arch/arm/core/mpu/libarch__arm__core__mpu.a(arm_mpu.c.obj)
 .rodata.mpu_configure_regions.str1.1
                0x000000000800849d       0x23 zephyr/arch/arch/arm/core/mpu/libarch__arm__core__mpu.a(arm_mpu.c.obj)
 .rodata.str1.1
                0x00000000080084c0        0xf zephyr/arch/arch/arm/core/mpu/libarch__arm__core__mpu.a(arm_mpu_regions.c.obj)
 .rodata.line_range_6.0
                0x00000000080084cf        0x2 zephyr/drivers/interrupt_controller/libdrivers__interrupt_controller.a(intc_exti_stm32.c.obj)
 .rodata.line_range_5.1
                0x00000000080084d1        0x2 zephyr/drivers/interrupt_controller/libdrivers__interrupt_controller.a(intc_exti_stm32.c.obj)
 .rodata.line_range_4.2
                0x00000000080084d3        0x2 zephyr/drivers/interrupt_controller/libdrivers__interrupt_controller.a(intc_exti_stm32.c.obj)
 .rodata.line_range_3.3
                0x00000000080084d5        0x2 zephyr/drivers/interrupt_controller/libdrivers__interrupt_controller.a(intc_exti_stm32.c.obj)
 .rodata.line_range_2.4
                0x00000000080084d7        0x2 zephyr/drivers/interrupt_controller/libdrivers__interrupt_controller.a(intc_exti_stm32.c.obj)
 .rodata.line_range_1.5
                0x00000000080084d9        0x2 zephyr/drivers/interrupt_controller/libdrivers__interrupt_controller.a(intc_exti_stm32.c.obj)
 .rodata.line_range_0.6
                0x00000000080084db        0x2 zephyr/drivers/interrupt_controller/libdrivers__interrupt_controller.a(intc_exti_stm32.c.obj)
 .rodata.str1.1
                0x00000000080084dd       0x1e zephyr/drivers/interrupt_controller/libdrivers__interrupt_controller.a(intc_exti_stm32.c.obj)
 .rodata.adc_stm32_channel_setup.str1.1
                0x00000000080084fb       0xc6 zephyr/drivers/adc/libdrivers__adc.a(adc_stm32.c.obj)
 .rodata.adc_stm32_read.str1.1
                0x00000000080085c1       0xab zephyr/drivers/adc/libdrivers__adc.a(adc_stm32.c.obj)
 .rodata.adc_stm32_init.str1.1
                0x000000000800866c       0x3d zephyr/drivers/adc/libdrivers__adc.a(adc_stm32.c.obj)
 .rodata.str1.1
                0x00000000080086a9       0x17 zephyr/drivers/adc/libdrivers__adc.a(adc_stm32.c.obj)
 .rodata.str1.1
                0x00000000080086c0        0xd zephyr/drivers/clock_control/libdrivers__clock_control.a(clock_stm32_ll_common.c.obj)
 .rodata.str1.1
                0x00000000080086cd       0x70 zephyr/drivers/gpio/libdrivers__gpio.a(gpio_stm32.c.obj)
                                         0x76 (size before relaxing)
 .rodata.pwm_stm32_set_cycles.str1.1
                0x000000000800873d       0x66 zephyr/drivers/pwm/libdrivers__pwm.a(pwm_stm32.c.obj)
 .rodata.pwm_stm32_init.str1.1
                0x00000000080087a3       0x7b zephyr/drivers/pwm/libdrivers__pwm.a(pwm_stm32.c.obj)
                                         0x9a (size before relaxing)
 .rodata.str1.1
                0x000000000800881e       0x13 zephyr/drivers/pwm/libdrivers__pwm.a(pwm_stm32.c.obj)
 .rodata.SHIFT_TAB_CCxP
                0x0000000008008831        0x7 zephyr/drivers/pwm/libdrivers__pwm.a(pwm_stm32.c.obj)
 .rodata.SHIFT_TAB_OCxx
                0x0000000008008838        0x7 zephyr/drivers/pwm/libdrivers__pwm.a(pwm_stm32.c.obj)
 .rodata.OFFSET_TAB_CCMRx
                0x000000000800883f        0x7 zephyr/drivers/pwm/libdrivers__pwm.a(pwm_stm32.c.obj)
 .rodata.str1.1
                0x0000000008008846       0x11 zephyr/drivers/reset/libdrivers__reset.a(reset_stm32.c.obj)
 .rodata.uart_stm32_set_baudrate.part.0.str1.1
                0x0000000008008857       0x2e zephyr/drivers/serial/libdrivers__serial.a(uart_stm32.c.obj)
 .rodata.uart_stm32_init.str1.1
                0x0000000008008885       0x3b zephyr/drivers/serial/libdrivers__serial.a(uart_stm32.c.obj)
                                         0x5a (size before relaxing)
 .rodata.str1.1
                0x00000000080088c0       0x2b zephyr/drivers/serial/libdrivers__serial.a(uart_stm32.c.obj)
 .rodata.spi_stm32_get_err.str1.1
                0x00000000080088eb        0xb zephyr/drivers/spi/libdrivers__spi.a(spi_ll_stm32.c.obj)
 .rodata.spi_stm32_init.str1.1
                0x00000000080088f6       0x5d zephyr/drivers/spi/libdrivers__spi.a(spi_ll_stm32.c.obj)
                                         0x7c (size before relaxing)
 .rodata.spi_stm32_transceive.str1.1
                0x0000000008008953       0x81 zephyr/drivers/spi/libdrivers__spi.a(spi_ll_stm32.c.obj)
 .rodata.__func__.0
                0x00000000080089d4       0x12 zephyr/drivers/spi/libdrivers__spi.a(spi_ll_stm32.c.obj)
 .rodata.str1.1
                0x00000000080089e6       0x27 zephyr/drivers/spi/libdrivers__spi.a(spi_ll_stm32.c.obj)
 .rodata.APBPrescTable
                0x0000000008008a0d        0x8 modules/stm32/stm32cube/lib..__modules__hal__stm32__stm32cube.a(system_stm32f4xx.c.obj)
                0x0000000008008a0d                APBPrescTable
 .rodata.AHBPrescTable
                0x0000000008008a15       0x10 modules/stm32/stm32cube/lib..__modules__hal__stm32__stm32cube.a(system_stm32f4xx.c.obj)
                0x0000000008008a15                AHBPrescTable
 .rodata.k_sys_fatal_error_handler.str1.1
                0x0000000008008a25        0xf zephyr/kernel/libkernel.a(fatal.c.obj)
 .rodata.z_fatal_error.str1.1
                0x0000000008008a34       0x77 zephyr/kernel/libkernel.a(fatal.c.obj)
 .rodata.str1.1
                0x0000000008008aab       0x4a zephyr/kernel/libkernel.a(fatal.c.obj)
 .rodata.z_cstart.str1.1
                0x0000000008008af5        0x5 zephyr/kernel/libkernel.a(init.c.obj)
 .rodata.str1.1
                0x0000000008008afa        0x3 zephyr/kernel/libkernel.a(init.c.obj)
 .rodata.boot_banner.str1.1
                0x0000000008008afd       0x28 zephyr/kernel/libkernel.a(banner.c.obj)
 *(SORT_BY_ALIGNMENT(.gnu.linkonce.r.*))
                0x0000000008008b28                . = ALIGN (0x4)
 *fill*         0x0000000008008b25        0x3 
                0x0000000008008b28                __rodata_region_end = .
                0x0000000008008b40                . = ALIGN (_region_min_align)
                0x0000000008010000                . = ALIGN ((0x1 << LOG2CEIL ((__rodata_region_end - ADDR (rom_start)))))
                0x0000000008010000                __rom_region_end = ((__rom_region_start + .) - ADDR (rom_start))

/DISCARD/
 *(SORT_BY_ALIGNMENT(.got.plt))
 *(SORT_BY_ALIGNMENT(.igot.plt))
 *(SORT_BY_ALIGNMENT(.got))
 *(SORT_BY_ALIGNMENT(.igot))
                0x0000000020000000                . = 0x20000000
                0x0000000020000000                . = ALIGN (_region_min_align)
                0x0000000020000000                _image_ram_start = .

.ramfunc        0x0000000020000000        0x0 load address 0x0000000008008b28