Archive member included to satisfy reference by file (symbol)

app/libapp.a(flashingtest.c.obj)
                              (--whole-archive)
zephyr/libzephyr.a(heap.c.obj)
                              (--whole-archive)
zephyr/libzephyr.a(cbprintf_packaged.c.obj)
                              (--whole-archive)
zephyr/libzephyr.a(printk.c.obj)
                              (--whole-archive)
zephyr/libzephyr.a(sem.c.obj)
                              (--whole-archive)
zephyr/libzephyr.a(thread_entry.c.obj)
                              (--whole-archive)
zephyr/libzephyr.a(cbprintf_complete.c.obj)
                              (--whole-archive)
zephyr/libzephyr.a(cbprintf.c.obj)
                              (--whole-archive)
zephyr/libzephyr.a(assert.c.obj)
                              (--whole-archive)
zephyr/libzephyr.a(mpsc_pbuf.c.obj)
                              (--whole-archive)
zephyr/libzephyr.a(reboot.c.obj)
                              (--whole-archive)
zephyr/libzephyr.a(dec.c.obj)
                              (--whole-archive)
zephyr/libzephyr.a(hex.c.obj)
                              (--whole-archive)
zephyr/libzephyr.a(rb.c.obj)  (--whole-archive)
zephyr/libzephyr.a(timeutil.c.obj)
                              (--whole-archive)
zephyr/libzephyr.a(bitarray.c.obj)
                              (--whole-archive)
zephyr/libzephyr.a(configs.c.obj)
                              (--whole-archive)
zephyr/libzephyr.a(stm32cube_hal.c.obj)
                              (--whole-archive)
zephyr/libzephyr.a(soc_config.c.obj)
                              (--whole-archive)
zephyr/libzephyr.a(soc.c.obj)
                              (--whole-archive)
zephyr/libzephyr.a(log_core.c.obj)
                              (--whole-archive)
zephyr/libzephyr.a(log_mgmt.c.obj)
                              (--whole-archive)
zephyr/libzephyr.a(log_cache.c.obj)
                              (--whole-archive)
zephyr/libzephyr.a(log_msg.c.obj)
                              (--whole-archive)
zephyr/libzephyr.a(log_output.c.obj)
                              (--whole-archive)
zephyr/libzephyr.a(log_backend_uart.c.obj)
                              (--whole-archive)
zephyr/libzephyr.a(mem_attr.c.obj)
                              (--whole-archive)
zephyr/libzephyr.a(tracing_none.c.obj)
                              (--whole-archive)
zephyr/arch/common/libarch__common.a(sw_isr_common.c.obj)
                              (--whole-archive)
zephyr/arch/arch/arm/core/libarch__arm__core.a(fatal.c.obj)
                              (--whole-archive)
zephyr/arch/arch/arm/core/libarch__arm__core.a(nmi.c.obj)
                              (--whole-archive)
zephyr/arch/arch/arm/core/libarch__arm__core.a(nmi_on_reset.S.obj)
                              (--whole-archive)
zephyr/arch/arch/arm/core/cortex_m/libarch__arm__core__cortex_m.a(exc_exit.c.obj)
                              (--whole-archive)
zephyr/arch/arch/arm/core/cortex_m/libarch__arm__core__cortex_m.a(fault.c.obj)
                              (--whole-archive)
zephyr/arch/arch/arm/core/cortex_m/libarch__arm__core__cortex_m.a(fault_s.S.obj)
                              (--whole-archive)
zephyr/arch/arch/arm/core/cortex_m/libarch__arm__core__cortex_m.a(fpu.c.obj)
                              (--whole-archive)
zephyr/arch/arch/arm/core/cortex_m/libarch__arm__core__cortex_m.a(reset.S.obj)
                              (--whole-archive)
zephyr/arch/arch/arm/core/cortex_m/libarch__arm__core__cortex_m.a(scb.c.obj)
                              (--whole-archive)
zephyr/arch/arch/arm/core/cortex_m/libarch__arm__core__cortex_m.a(thread_abort.c.obj)
                              (--whole-archive)
zephyr/arch/arch/arm/core/cortex_m/libarch__arm__core__cortex_m.a(vector_table.S.obj)
                              (--whole-archive)
zephyr/arch/arch/arm/core/cortex_m/libarch__arm__core__cortex_m.a(swap.c.obj)
                              (--whole-archive)
zephyr/arch/arch/arm/core/cortex_m/libarch__arm__core__cortex_m.a(swap_helper.S.obj)
                              (--whole-archive)
zephyr/arch/arch/arm/core/cortex_m/libarch__arm__core__cortex_m.a(irq_manage.c.obj)
                              (--whole-archive)
zephyr/arch/arch/arm/core/cortex_m/libarch__arm__core__cortex_m.a(prep_c.c.obj)
                              (--whole-archive)
zephyr/arch/arch/arm/core/cortex_m/libarch__arm__core__cortex_m.a(thread.c.obj)
                              (--whole-archive)
zephyr/arch/arch/arm/core/cortex_m/libarch__arm__core__cortex_m.a(cpu_idle.c.obj)
                              (--whole-archive)
zephyr/arch/arch/arm/core/cortex_m/libarch__arm__core__cortex_m.a(irq_init.c.obj)
                              (--whole-archive)
zephyr/arch/arch/arm/core/cortex_m/libarch__arm__core__cortex_m.a(isr_wrapper.c.obj)
                              (--whole-archive)
zephyr/arch/arch/arm/core/mpu/libarch__arm__core__mpu.a(arm_core_mpu.c.obj)
                              (--whole-archive)
[...]
Memory Configuration

Name             Origin             Length             Attributes
FLASH            0x0000000008000000 0x0000000000080000 xr
RAM              0x0000000020000000 0x0000000000020000 xw
BACKUP_SRAM      0x0000000040024000 0x0000000000001000
IDT_LIST         0x00000000ffff7fff 0x0000000000008000 xw
*default*        0x0000000000000000 0xffffffffffffffff

Linker script and memory map

LOAD zephyr/CMakeFiles/zephyr_pre0.dir/misc/empty_file.c.obj
LOAD zephyr/CMakeFiles/offsets.dir/./arch/arm/core/offsets/offsets.c.obj
LOAD app/libapp.a
LOAD zephyr/libzephyr.a
LOAD zephyr/arch/common/libarch__common.a
LOAD zephyr/arch/arch/arm/core/libarch__arm__core.a
LOAD zephyr/arch/arch/arm/core/cortex_m/libarch__arm__core__cortex_m.a
LOAD zephyr/arch/arch/arm/core/mpu/libarch__arm__core__mpu.a
LOAD zephyr/lib/libc/newlib/liblib__libc__newlib.a
LOAD zephyr/lib/libc/common/liblib__libc__common.a
LOAD zephyr/drivers/interrupt_controller/libdrivers__interrupt_controller.a
LOAD zephyr/drivers/adc/libdrivers__adc.a
LOAD zephyr/drivers/clock_control/libdrivers__clock_control.a
LOAD zephyr/drivers/console/libdrivers__console.a
LOAD zephyr/drivers/gpio/libdrivers__gpio.a
LOAD zephyr/drivers/pinctrl/libdrivers__pinctrl.a
LOAD zephyr/drivers/pwm/libdrivers__pwm.a
LOAD zephyr/drivers/reset/libdrivers__reset.a
LOAD zephyr/drivers/serial/libdrivers__serial.a
LOAD zephyr/drivers/timer/libdrivers__timer.a
LOAD modules/stm32/stm32cube/lib..__modules__hal__stm32__stm32cube.a
LOAD zephyr/kernel/libkernel.a
LOAD /Users/juliafaubus/zephyr-sdk-0.17.4/arm-zephyr-eabi/bin/../lib/gcc/arm-zephyr-eabi/12.2.0/thumb/v7e-m/nofp/libgcc.a
LOAD zephyr/arch/common/libisr_tables.a
LOAD /Users/juliafaubus/zephyr-sdk-0.17.4/arm-zephyr-eabi/arm-zephyr-eabi/lib/thumb/v7e-m/nofp/libm.a
LOAD /Users/juliafaubus/zephyr-sdk-0.17.4/arm-zephyr-eabi/arm-zephyr-eabi/lib/thumb/v7e-m/nofp/libc.a
LOAD /Users/juliafaubus/zephyr-sdk-0.17.4/arm-zephyr-eabi/bin/../lib/gcc/arm-zephyr-eabi/12.2.0/thumb/v7e-m/nofp/libgcc.a
LOAD /Users/juliafaubus/zephyr-sdk-0.17.4/arm-zephyr-eabi/arm-zephyr-eabi/lib/thumb/v7e-m/nofp/libc.a
                0x0000000000000020                _region_min_align = 0x20

.rel.plt        0x0000000008000000        0x0
 *(SORT_BY_ALIGNMENT(.rel.plt))
                [!provide]                        PROVIDE (__rel_iplt_start = .)
 *(SORT_BY_ALIGNMENT(.rel.iplt))
 .rel.iplt      0x0000000008000000        0x0 app/libapp.a(flashingtest.c.obj)
                [!provide]                        PROVIDE (__rel_iplt_end = .)

.rela.plt       0x0000000000000000        0x0
 *(SORT_BY_ALIGNMENT(.rela.plt))
                [!provide]                        PROVIDE (__rela_iplt_start = .)
 *(SORT_BY_ALIGNMENT(.rela.iplt))
                [!provide]                        PROVIDE (__rela_iplt_end = .)

.rel.dyn
 *(SORT_BY_ALIGNMENT(.rel.*))

.rela.dyn
 *(SORT_BY_ALIGNMENT(.rela.*))

/DISCARD/
 *(SORT_BY_ALIGNMENT(.plt))

/DISCARD/
 *(SORT_BY_ALIGNMENT(.iplt))
                0x0000000008000000                __rom_region_start = 0x8000000

rom_start       0x0000000008000000      0x1c4
                0x0000000008000000                __rom_start_address = .
 FILL mask 0x00
                0x0000000008000000                . = (. + (0x0 - (. - __rom_start_address)))
                0x0000000008000000                . = ALIGN (0x4)
                0x0000000008000000                . = ALIGN (0x80)
                0x0000000008000000                . = ALIGN (0x200)
                0x0000000008000000                _vector_start = .
 *(SORT_BY_ALIGNMENT(.exc_vector_table))
 *(SORT_BY_ALIGNMENT(.exc_vector_table.*))
 .exc_vector_table._vector_table_section
                0x0000000008000000       0x40 zephyr/arch/arch/arm/core/cortex_m/libarch__arm__core__cortex_m.a(vector_table.S.obj)
                0x0000000008000000                _vector_table
 *(SORT_BY_ALIGNMENT(.vectors))
                0x00000000080001c4                _vector_end = .
                0x0000000008000040                . = ALIGN (0x4)
 *(SORT_BY_ALIGNMENT(.gnu.linkonce.irq_vector_table*))
 .gnu.linkonce.irq_vector_table
                0x0000000008000040      0x184 zephyr/arch/common/libisr_tables.a(isr_tables.c.obj)
                0x0000000008000040                _irq_vector_table
                0x00000000080001c4                _vector_end = .

text            0x0000000008000200     0x6150
                0x0000000008000200                __text_region_start = .
 *(SORT_BY_ALIGNMENT(.text))
 .text          0x0000000008000200       0xdc /Users/juliafaubus/zephyr-sdk-0.17.4/arm-zephyr-eabi/arm-zephyr-eabi/lib/thumb/v7e-m/nofp/libc.a(lib_a-strlen.o)
                0x0000000008000200                strlen
 .text          0x00000000080002dc       0x30 /Users/juliafaubus/zephyr-sdk-0.17.4/arm-zephyr-eabi/bin/../lib/gcc/arm-zephyr-eabi/12.2.0/thumb/v7e-m/nofp/libgcc.a(_aeabi_uldivmod.o)
                0x00000000080002dc                __aeabi_uldivmod
 .text          0x000000000800030c        0x4 /Users/juliafaubus/zephyr-sdk-0.17.4/arm-zephyr-eabi/bin/../lib/gcc/arm-zephyr-eabi/12.2.0/thumb/v7e-m/nofp/libgcc.a(_dvmd_tls.o)
                0x000000000800030c                __aeabi_ldiv0
                0x000000000800030c                __aeabi_idiv0
 .text          0x0000000008000310      0x134 /Users/juliafaubus/zephyr-sdk-0.17.4/arm-zephyr-eabi/arm-zephyr-eabi/lib/thumb/v7e-m/nofp/libc.a(lib_a-memcpy.o)
                0x0000000008000310                memcpy
 .text          0x0000000008000444      0x2a0 /Users/juliafaubus/zephyr-sdk-0.17.4/arm-zephyr-eabi/bin/../lib/gcc/arm-zephyr-eabi/12.2.0/thumb/v7e-m/nofp/libgcc.a(_udivmoddi4.o)
                0x0000000008000444                __udivmoddi4
 *(SORT_BY_ALIGNMENT(.text.*))
 .text.set_pin  0x00000000080006e4       0x44 app/libapp.a(flashingtest.c.obj)
                0x00000000080006e4                set_pin
 .text.main     0x0000000008000728       0xa4 app/libapp.a(flashingtest.c.obj)
                0x0000000008000728                main
 .text.cbvprintf_package
                0x00000000080007cc      0x3a4 zephyr/libzephyr.a(cbprintf_packaged.c.obj)
                0x00000000080007cc                cbvprintf_package
 .text.cbprintf_package_convert
                0x0000000008000b70      0x3c0 zephyr/libzephyr.a(cbprintf_packaged.c.obj)
                0x0000000008000b70                cbprintf_package_convert
 .text.__printk_hook_install
                0x0000000008000f30        0xc zephyr/libzephyr.a(printk.c.obj)
                0x0000000008000f30                __printk_hook_install
 .text.vsnprintk
                0x0000000008000f3c       0x2c zephyr/libzephyr.a(printk.c.obj)
                0x0000000008000f3c                vsnprintk
 .text.extract_decimal
                0x0000000008000f68       0x2c zephyr/libzephyr.a(cbprintf_complete.c.obj)
 .text.encode_uint
                0x0000000008000f94       0x9c zephyr/libzephyr.a(cbprintf_complete.c.obj)
 .text.z_cbvprintf_impl
                0x0000000008001030      0x76c zephyr/libzephyr.a(cbprintf_complete.c.obj)
                0x0000000008001030                z_cbvprintf_impl
 .text.st_stm32_common_config
                0x000000000800179c       0x14 zephyr/libzephyr.a(soc_config.c.obj)
 .text.st_stm32f4_init
                0x00000000080017b0       0x30 zephyr/libzephyr.a(soc.c.obj)
 .text.activate_foreach_backend
                0x00000000080017e0       0x64 zephyr/libzephyr.a(log_core.c.obj)
 .text.enable_logger
                0x0000000008001844       0x5c zephyr/libzephyr.a(log_core.c.obj)
 .text.log_process_thread_timer_expiry_fn
                0x00000000080018a0        0xc zephyr/libzephyr.a(log_core.c.obj)
 .text.z_log_init
                0x00000000080018ac       0x8c zephyr/libzephyr.a(log_core.c.obj)
 .text.log_format_func_t_get
                0x0000000008001938        0xc zephyr/libzephyr.a(log_core.c.obj)
                0x0000000008001938                log_format_func_t_get
 .text.log_set_timestamp_func
                0x0000000008001944       0x20 zephyr/libzephyr.a(log_core.c.obj)
                0x0000000008001944                log_set_timestamp_func
 .text.z_log_notify_backend_enabled
                0x0000000008001964       0x1c zephyr/libzephyr.a(log_core.c.obj)
                0x0000000008001964                z_log_notify_backend_enabled
 .text.z_log_dropped
                0x0000000008001980       0x30 zephyr/libzephyr.a(log_core.c.obj)
                0x0000000008001980                z_log_dropped
 .text.z_log_dropped_read_and_clear
                0x00000000080019b0       0x20 zephyr/libzephyr.a(log_core.c.obj)
                0x00000000080019b0                z_log_dropped_read_and_clear
 .text.dropped_notify
                0x00000000080019d0       0x30 zephyr/libzephyr.a(log_core.c.obj)
                0x00000000080019d0                dropped_notify
 .text.z_log_msg_init
                0x0000000008001a00       0x20 zephyr/libzephyr.a(log_core.c.obj)
                0x0000000008001a00                z_log_msg_init
 .text.log_core_init
                0x0000000008001a20       0x34 zephyr/libzephyr.a(log_core.c.obj)
                0x0000000008001a20                log_core_init
 .text.z_log_msg_alloc
                0x0000000008001a54       0x10 zephyr/libzephyr.a(log_core.c.obj)
                0x0000000008001a54                z_log_msg_alloc
 .text.z_log_msg_local_claim
                0x0000000008001a64        0xc zephyr/libzephyr.a(log_core.c.obj)
                0x0000000008001a64                z_log_msg_local_claim
 .text.z_log_msg_free
                0x0000000008001a70       0x10 zephyr/libzephyr.a(log_core.c.obj)
                0x0000000008001a70                z_log_msg_free
 .text.z_log_msg_pending
                0x0000000008001a80        0xc zephyr/libzephyr.a(log_core.c.obj)
                0x0000000008001a80                z_log_msg_pending
 .text.z_impl_log_process
                0x0000000008001a8c       0xb0 zephyr/libzephyr.a(log_core.c.obj)
                0x0000000008001a8c                z_impl_log_process
 .text.z_impl_log_panic
                0x0000000008001b3c       0x44 zephyr/libzephyr.a(log_core.c.obj)
                0x0000000008001b3c                z_impl_log_panic
 .text.log_process_thread_func
                0x0000000008001b80       0x9c zephyr/libzephyr.a(log_core.c.obj)
 .text.z_log_msg_post_finalize
                0x0000000008001c1c       0x78 zephyr/libzephyr.a(log_core.c.obj)
 .text.z_log_msg_commit
                0x0000000008001c94       0x24 zephyr/libzephyr.a(log_core.c.obj)
                0x0000000008001c94                z_log_msg_commit
 .text.log_source_name_get
                0x0000000008001cb8       0x1c zephyr/libzephyr.a(log_mgmt.c.obj)
                0x0000000008001cb8                log_source_name_get
 .text.log_backend_enable
                0x0000000008001cd4       0x28 zephyr/libzephyr.a(log_mgmt.c.obj)
                0x0000000008001cd4                log_backend_enable
 .text.z_impl_z_log_msg_static_create
                0x0000000008001cfc      0x108 zephyr/libzephyr.a(log_msg.c.obj)
                0x0000000008001cfc                z_impl_z_log_msg_static_create
 .text.z_log_msg_runtime_vcreate
                0x0000000008001e04       0xa0 zephyr/libzephyr.a(log_msg.c.obj)
                0x0000000008001e04                z_log_msg_runtime_vcreate
 .text.log_msg_get_source_id
                0x0000000008001ea4       0x18 zephyr/libzephyr.a(log_msg.c.obj)
                0x0000000008001ea4                log_msg_get_source_id
 .text.print_formatted
                0x0000000008001ebc       0x24 zephyr/libzephyr.a(log_output.c.obj)
 .text.newline_print
                0x0000000008001ee0       0x1c zephyr/libzephyr.a(log_output.c.obj)
 .text.log_output_process
                0x0000000008001efc      0x2dc zephyr/libzephyr.a(log_output.c.obj)
                0x0000000008001efc                log_output_process
 .text.log_output_dropped_process
                0x00000000080021d8       0x58 zephyr/libzephyr.a(log_output.c.obj)
                0x00000000080021d8                log_output_dropped_process
 .text.log_output_timestamp_freq_set
                0x0000000008002230       0x2c zephyr/libzephyr.a(log_output.c.obj)
                0x0000000008002230                log_output_timestamp_freq_set
 .text.char_out
                0x000000000800225c       0x24 zephyr/libzephyr.a(log_backend_uart.c.obj)
 .text.mem_attr_get_regions
                0x0000000008002280        0xc zephyr/libzephyr.a(mem_attr.c.obj)
                0x0000000008002280                mem_attr_get_regions
 .text.z_arm_fatal_error
                0x000000000800228c       0xb8 zephyr/arch/arch/arm/core/libarch__arm__core.a(fatal.c.obj)
                0x000000000800228c                z_arm_fatal_error
 .text.z_arm_nmi
                0x0000000008002344       0x14 zephyr/arch/arch/arm/core/libarch__arm__core.a(nmi.c.obj)
                0x0000000008002344                z_arm_nmi
 .text.z_SysNmiOnReset
                0x0000000008002358        0x8 zephyr/arch/arch/arm/core/libarch__arm__core.a(nmi_on_reset.S.obj)
                0x0000000008002358                z_SysNmiOnReset
 .text._HandlerModeExit
                0x0000000008002360       0x28 zephyr/arch/arch/arm/core/cortex_m/libarch__arm__core__cortex_m.a(exc_exit.c.obj)
                0x0000000008002360                z_arm_exc_exit
                0x0000000008002360                z_arm_int_exit
 .text.bus_fault.constprop.0
                0x0000000008002388       0xd0 zephyr/arch/arch/arm/core/cortex_m/libarch__arm__core__cortex_m.a(fault.c.obj)
 .text.usage_fault.constprop.0
                0x0000000008002458       0xa8 zephyr/arch/arch/arm/core/cortex_m/libarch__arm__core__cortex_m.a(fault.c.obj)
 .text.mem_manage_fault
                0x0000000008002500      0x104 zephyr/arch/arch/arm/core/cortex_m/libarch__arm__core__cortex_m.a(fault.c.obj)
 .text.z_arm_fault
                0x0000000008002604      0x1d4 zephyr/arch/arch/arm/core/cortex_m/libarch__arm__core__cortex_m.a(fault.c.obj)
                0x0000000008002604                z_arm_fault
 .text.z_arm_fault_init
                0x00000000080027d8       0x10 zephyr/arch/arch/arm/core/cortex_m/libarch__arm__core__cortex_m.a(fault.c.obj)
                0x00000000080027d8                z_arm_fault_init
 .text.__fault  0x00000000080027e8       0x14 zephyr/arch/arch/arm/core/cortex_m/libarch__arm__core__cortex_m.a(fault_s.S.obj)
                0x00000000080027e8                z_arm_bus_fault
                0x00000000080027e8                z_arm_usage_fault
                0x00000000080027e8                z_arm_mpu_fault
                0x00000000080027e8                z_arm_exc_spurious
                0x00000000080027e8                z_arm_debug_monitor
                0x00000000080027e8                z_arm_hard_fault
 .text._reset_section
                0x00000000080027fc       0x2c zephyr/arch/arch/arm/core/cortex_m/libarch__arm__core__cortex_m.a(reset.S.obj)
                0x00000000080027fc                z_arm_reset
                0x00000000080027fc                __start
 .text.z_impl_k_thread_abort
                0x0000000008002828       0x2c zephyr/arch/arch/arm/core/cortex_m/libarch__arm__core__cortex_m.a(thread_abort.c.obj)
                0x0000000008002828                z_impl_k_thread_abort
 .text.arch_swap
                0x0000000008002854       0x30 zephyr/arch/arch/arm/core/cortex_m/libarch__arm__core__cortex_m.a(swap.c.obj)
                0x0000000008002854                arch_swap
 .text.z_arm_pendsv_c
                0x0000000008002884       0x40 zephyr/arch/arch/arm/core/cortex_m/libarch__arm__core__cortex_m.a(swap.c.obj)
                0x0000000008002884                z_arm_pendsv_c
 .text.z_arm_pendsv
                0x00000000080028c4       0x34 zephyr/arch/arch/arm/core/cortex_m/libarch__arm__core__cortex_m.a(swap_helper.S.obj)
                0x00000000080028c4                z_arm_pendsv
 .text.z_arm_svc
                0x00000000080028f8       0x20 zephyr/arch/arch/arm/core/cortex_m/libarch__arm__core__cortex_m.a(swap_helper.S.obj)
                0x00000000080028f8                z_arm_svc
 .text.arch_irq_enable
                0x0000000008002918       0x1c zephyr/arch/arch/arm/core/cortex_m/libarch__arm__core__cortex_m.a(irq_manage.c.obj)
                0x0000000008002918                arch_irq_enable
 .text.z_arm_irq_priority_set
                0x0000000008002934       0x30 zephyr/arch/arch/arm/core/cortex_m/libarch__arm__core__cortex_m.a(irq_manage.c.obj)
                0x0000000008002934                z_arm_irq_priority_set
 .text.z_prep_c
                0x0000000008002964       0x48 zephyr/arch/arch/arm/core/cortex_m/libarch__arm__core__cortex_m.a(prep_c.c.obj)
                0x0000000008002964                z_prep_c
 .text.arch_new_thread
                0x00000000080029ac       0x38 zephyr/arch/arch/arm/core/cortex_m/libarch__arm__core__cortex_m.a(thread.c.obj)
                0x00000000080029ac                arch_new_thread
 .text.z_check_thread_stack_fail
                0x00000000080029e4       0x2c zephyr/arch/arch/arm/core/cortex_m/libarch__arm__core__cortex_m.a(thread.c.obj)
                0x00000000080029e4                z_check_thread_stack_fail
 .text.arch_switch_to_main_thread
                0x0000000008002a10       0x3c zephyr/arch/arch/arm/core/cortex_m/libarch__arm__core__cortex_m.a(thread.c.obj)
                0x0000000008002a10                arch_switch_to_main_thread
 .text.z_arm_cpu_idle_init
                0x0000000008002a4c        0xc zephyr/arch/arch/arm/core/cortex_m/libarch__arm__core__cortex_m.a(cpu_idle.c.obj)
                0x0000000008002a4c                z_arm_cpu_idle_init
 .text.z_arm_interrupt_init
                0x0000000008002a58       0x18 zephyr/arch/arch/arm/core/cortex_m/libarch__arm__core__cortex_m.a(irq_init.c.obj)
                0x0000000008002a58                z_arm_interrupt_init
 .text._isr_wrapper
                0x0000000008002a70       0x24 zephyr/arch/arch/arm/core/cortex_m/libarch__arm__core__cortex_m.a(isr_wrapper.c.obj)
                0x0000000008002a70                _isr_wrapper
 .text.z_arm_configure_static_mpu_regions
                0x0000000008002a94       0x18 zephyr/arch/arch/arm/core/mpu/libarch__arm__core__mpu.a(arm_core_mpu.c.obj)
                0x0000000008002a94                z_arm_configure_static_mpu_regions
 .text.z_arm_configure_dynamic_mpu_regions
                0x0000000008002aac       0x20 zephyr/arch/arch/arm/core/mpu/libarch__arm__core__mpu.a(arm_core_mpu.c.obj)
                0x0000000008002aac                z_arm_configure_dynamic_mpu_regions
 .text.region_allocate_and_init
                0x0000000008002acc       0x54 zephyr/arch/arch/arm/core/mpu/libarch__arm__core__mpu.a(arm_mpu.c.obj)
 .text.mpu_configure_regions
                0x0000000008002b20       0x68 zephyr/arch/arch/arm/core/mpu/libarch__arm__core__mpu.a(arm_mpu.c.obj)
 .text.arm_core_mpu_enable
                0x0000000008002b88       0x18 zephyr/arch/arch/arm/core/mpu/libarch__arm__core__mpu.a(arm_mpu.c.obj)
                0x0000000008002b88                arm_core_mpu_enable
 .text.arm_core_mpu_disable
                0x0000000008002ba0       0x14 zephyr/arch/arch/arm/core/mpu/libarch__arm__core__mpu.a(arm_mpu.c.obj)
                0x0000000008002ba0                arm_core_mpu_disable
 .text.arm_core_mpu_configure_static_mpu_regions
                0x0000000008002bb4       0x14 zephyr/arch/arch/arm/core/mpu/libarch__arm__core__mpu.a(arm_mpu.c.obj)
                0x0000000008002bb4                arm_core_mpu_configure_static_mpu_regions
 .text.arm_core_mpu_configure_dynamic_mpu_regions
                0x0000000008002bc8       0x38 zephyr/arch/arch/arm/core/mpu/libarch__arm__core__mpu.a(arm_mpu.c.obj)
                0x0000000008002bc8                arm_core_mpu_configure_dynamic_mpu_regions
 .text.z_arm_mpu_init
                0x0000000008002c00      0x17c zephyr/arch/arch/arm/core/mpu/libarch__arm__core__mpu.a(arm_mpu.c.obj)
                0x0000000008002c00                z_arm_mpu_init
 .text.__stdout_hook_install
                0x0000000008002d7c        0xc zephyr/lib/libc/newlib/liblib__libc__newlib.a(libc-hooks.c.obj)
                0x0000000008002d7c                __stdout_hook_install
 .text.stm32_exti_isr
                0x0000000008002d88       0x4c zephyr/drivers/interrupt_controller/libdrivers__interrupt_controller.a(intc_exti_stm32.c.obj)
 .text.stm32_fill_irq_table
                0x0000000008002dd4       0x18 zephyr/drivers/interrupt_controller/libdrivers__interrupt_controller.a(intc_exti_stm32.c.obj)
 .text.stm32_exti_enable
                0x0000000008002dec       0x24 zephyr/drivers/interrupt_controller/libdrivers__interrupt_controller.a(intc_exti_stm32.c.obj)
                0x0000000008002dec                stm32_exti_enable
 .text.stm32_exti_disable
                0x0000000008002e10       0x18 zephyr/drivers/interrupt_controller/libdrivers__interrupt_controller.a(intc_exti_stm32.c.obj)
                0x0000000008002e10                stm32_exti_disable
 .text.stm32_exti_trigger
                0x0000000008002e28       0x60 zephyr/drivers/interrupt_controller/libdrivers__interrupt_controller.a(intc_exti_stm32.c.obj)
                0x0000000008002e28                stm32_exti_trigger
 .text.stm32_exti_set_callback
                0x0000000008002e88       0x30 zephyr/drivers/interrupt_controller/libdrivers__interrupt_controller.a(intc_exti_stm32.c.obj)
                0x0000000008002e88                stm32_exti_set_callback
 .text.stm32_exti_unset_callback
                0x0000000008002eb8       0x14 zephyr/drivers/interrupt_controller/libdrivers__interrupt_controller.a(intc_exti_stm32.c.obj)
                0x0000000008002eb8                stm32_exti_unset_callback
 .text.stm32_clock_control_get_subsys_rate
                0x0000000008002ecc       0x80 zephyr/drivers/clock_control/libdrivers__clock_control.a(clock_stm32_ll_common.c.obj)
 .text.stm32_clock_control_init
                0x0000000008002f4c      0x11c zephyr/drivers/clock_control/libdrivers__clock_control.a(clock_stm32_ll_common.c.obj)
                0x0000000008002f4c                stm32_clock_control_init
 .text.get_pllsrc_frequency
                0x0000000008003068        0x8 zephyr/drivers/clock_control/libdrivers__clock_control.a(clock_stm32f2_f4_f7.c.obj)
                0x0000000008003068                get_pllsrc_frequency
 .text.config_pll_sysclock
                0x0000000008003070       0x34 zephyr/drivers/clock_control/libdrivers__clock_control.a(clock_stm32f2_f4_f7.c.obj)
                0x0000000008003070                config_pll_sysclock
 .text.config_enable_default_clocks
                0x00000000080030a4       0x20 zephyr/drivers/clock_control/libdrivers__clock_control.a(clock_stm32f2_f4_f7.c.obj)
                0x00000000080030a4                config_enable_default_clocks
 .text.uart_console_init
                0x00000000080030c4       0x28 zephyr/drivers/console/libdrivers__console.a(uart_console.c.obj)
 .text.console_out
                0x00000000080030ec       0x28 zephyr/drivers/console/libdrivers__console.a(uart_console.c.obj)
 .text.gpio_stm32_init
                0x0000000008003114       0x30 zephyr/drivers/gpio/libdrivers__gpio.a(gpio_stm32.c.obj)
 .text.gpio_stm32_pin_interrupt_configure
                0x0000000008003144      0x108 zephyr/drivers/gpio/libdrivers__gpio.a(gpio_stm32.c.obj)
 .text.pinctrl_configure_pins
                0x000000000800324c       0x84 zephyr/drivers/pinctrl/libdrivers__pinctrl.a(pinctrl_stm32.c.obj)
                0x000000000800324c                pinctrl_configure_pins
 .text.LL_TIM_OC_GetPolarity
                0x00000000080032d0       0x50 zephyr/drivers/pwm/libdrivers__pwm.a(pwm_stm32.c.obj)
 .text.pwm_stm32_set_cycles
                0x0000000008003320      0x234 zephyr/drivers/pwm/libdrivers__pwm.a(pwm_stm32.c.obj)
 .text.pwm_stm32_init
                0x0000000008003554      0x124 zephyr/drivers/pwm/libdrivers__pwm.a(pwm_stm32.c.obj)
 .text.uart_stm32_set_baudrate.part.0
                0x0000000008003678       0x14 zephyr/drivers/serial/libdrivers__serial.a(uart_stm32.c.obj)
 .text.uart_stm32_parameters_set
                0x000000000800368c       0xf8 zephyr/drivers/serial/libdrivers__serial.a(uart_stm32.c.obj)
 .text.uart_stm32_init
                0x0000000008003784       0xd8 zephyr/drivers/serial/libdrivers__serial.a(uart_stm32.c.obj)
 .text.uart_stm32_configure
                0x000000000800385c      0x154 zephyr/drivers/serial/libdrivers__serial.a(uart_stm32.c.obj)
 .text.elapsed  0x00000000080039b0       0x4c zephyr/drivers/timer/libdrivers__timer.a(cortex_m_systick.c.obj)
 .text.sys_clock_driver_init
                0x00000000080039fc       0x38 zephyr/drivers/timer/libdrivers__timer.a(cortex_m_systick.c.obj)
 .text.sys_clock_isr
                0x0000000008003a34       0x54 zephyr/drivers/timer/libdrivers__timer.a(cortex_m_systick.c.obj)
                0x0000000008003a34                sys_clock_isr
 .text.sys_clock_set_timeout
                0x0000000008003a88       0xf8 zephyr/drivers/timer/libdrivers__timer.a(cortex_m_systick.c.obj)
                0x0000000008003a88                sys_clock_set_timeout
 .text.sys_clock_elapsed
                0x0000000008003b80       0x3c zephyr/drivers/timer/libdrivers__timer.a(cortex_m_systick.c.obj)
                0x0000000008003b80                sys_clock_elapsed
 .text.HAL_RCC_GetSysClockFreq
                0x0000000008003bbc       0x90 modules/stm32/stm32cube/lib..__modules__hal__stm32__stm32cube.a(stm32f4xx_hal_rcc_ex.c.obj)
                0x0000000008003bbc                HAL_RCC_GetSysClockFreq
 .text.RCC_GetHCLKClockFreq
                0x0000000008003c4c       0x18 modules/stm32/stm32cube/lib..__modules__hal__stm32__stm32cube.a(stm32f4xx_ll_rcc.c.obj)
                0x0000000008003c4c                RCC_GetHCLKClockFreq
 .text.RCC_GetPCLK1ClockFreq
                0x0000000008003c64       0x18 modules/stm32/stm32cube/lib..__modules__hal__stm32__stm32cube.a(stm32f4xx_ll_rcc.c.obj)
                0x0000000008003c64                RCC_GetPCLK1ClockFreq
 .text.RCC_GetPCLK2ClockFreq
                0x0000000008003c7c       0x18 modules/stm32/stm32cube/lib..__modules__hal__stm32__stm32cube.a(stm32f4xx_ll_rcc.c.obj)
                0x0000000008003c7c                RCC_GetPCLK2ClockFreq
 .text.RCC_PLL_GetFreqDomain_SYS
                0x0000000008003c94       0x48 modules/stm32/stm32cube/lib..__modules__hal__stm32__stm32cube.a(stm32f4xx_ll_rcc.c.obj)
                0x0000000008003c94                RCC_PLL_GetFreqDomain_SYS
 .text.RCC_GetSystemClockFreq
                0x0000000008003cdc       0x30 modules/stm32/stm32cube/lib..__modules__hal__stm32__stm32cube.a(stm32f4xx_ll_rcc.c.obj)
                0x0000000008003cdc                RCC_GetSystemClockFreq
 .text.LL_TIM_Init
                0x0000000008003d0c       0xac modules/stm32/stm32cube/lib..__modules__hal__stm32__stm32cube.a(stm32f4xx_ll_tim.c.obj)
                0x0000000008003d0c                LL_TIM_Init
 .text.LL_TIM_OC_Init
                0x0000000008003db8      0x1b0 modules/stm32/stm32cube/lib..__modules__hal__stm32__stm32cube.a(stm32f4xx_ll_tim.c.obj)
                0x0000000008003db8                LL_TIM_OC_Init
 .text.LL_SetFlashLatency
                0x0000000008003f68      0x1bc modules/stm32/stm32cube/lib..__modules__hal__stm32__stm32cube.a(stm32f4xx_ll_utils.c.obj)
                0x0000000008003f68                LL_SetFlashLatency
 .text.k_sys_fatal_error_handler
                0x0000000008004124       0x20 zephyr/kernel/libkernel.a(fatal.c.obj)
                0x0000000008004124                k_sys_fatal_error_handler
 .text.z_fatal_error
                0x0000000008004144       0xe8 zephyr/kernel/libkernel.a(fatal.c.obj)
                0x0000000008004144                z_fatal_error
 .text.z_sys_init_run_level
                0x000000000800422c       0x2c zephyr/kernel/libkernel.a(init.c.obj)
 .text.bg_thread_main
                0x0000000008004258       0xc4 zephyr/kernel/libkernel.a(init.c.obj)
 .text.z_bss_zero
                0x000000000800431c       0x18 zephyr/kernel/libkernel.a(init.c.obj)
                0x000000000800431c                z_bss_zero
 .text.z_init_cpu
                0x0000000008004334       0x70 zephyr/kernel/libkernel.a(init.c.obj)
                0x0000000008004334                z_init_cpu
 .text.z_cstart
                0x00000000080043a4       0xdc zephyr/kernel/libkernel.a(init.c.obj)
                0x00000000080043a4                z_cstart
 .text.z_impl_k_sem_give
                0x0000000008004480       0x48 zephyr/kernel/libkernel.a(sem.c.obj)
                0x0000000008004480                z_impl_k_sem_give
 .text.z_impl_k_sem_take
                0x00000000080044c8       0x4c zephyr/kernel/libkernel.a(sem.c.obj)
                0x00000000080044c8                z_impl_k_sem_take
 .text.z_setup_new_thread
                0x0000000008004514       0x7c zephyr/kernel/libkernel.a(thread.c.obj)
                0x0000000008004514                z_setup_new_thread
 .text.z_impl_k_thread_create
                0x0000000008004590       0x58 zephyr/kernel/libkernel.a(thread.c.obj)
                0x0000000008004590                z_impl_k_thread_create
 .text.update_cache
                0x00000000080045e8       0x3c zephyr/kernel/libkernel.a(sched.c.obj)
 .text.unready_thread
                0x0000000008004624       0x30 zephyr/kernel/libkernel.a(sched.c.obj)
 .text.ready_thread
                0x0000000008004654       0x68 zephyr/kernel/libkernel.a(sched.c.obj)
 .text.z_thread_halt
                0x00000000080046bc       0xdc zephyr/kernel/libkernel.a(sched.c.obj)
 .text.move_thread_to_end_of_prio_q
                0x0000000008004798       0x74 zephyr/kernel/libkernel.a(sched.c.obj)
                0x0000000008004798                move_thread_to_end_of_prio_q
 .text.z_pend_curr
                0x000000000800480c       0x58 zephyr/kernel/libkernel.a(sched.c.obj)
                0x000000000800480c                z_pend_curr
 .text.z_reschedule
                0x0000000008004864       0x24 zephyr/kernel/libkernel.a(sched.c.obj)
                0x0000000008004864                z_reschedule
 .text.z_sched_start
                0x0000000008004888       0x3c zephyr/kernel/libkernel.a(sched.c.obj)
                0x0000000008004888                z_sched_start
 .text.z_reschedule_irqlock
                0x00000000080048c4       0x28 zephyr/kernel/libkernel.a(sched.c.obj)
                0x00000000080048c4                z_reschedule_irqlock
 .text.k_sched_lock
                0x00000000080048ec       0x28 zephyr/kernel/libkernel.a(sched.c.obj)
                0x00000000080048ec                k_sched_lock
 .text.k_sched_unlock
                0x0000000008004914       0x40 zephyr/kernel/libkernel.a(sched.c.obj)
                0x0000000008004914                k_sched_unlock
 .text.z_sched_init
                0x0000000008004954       0x10 zephyr/kernel/libkernel.a(sched.c.obj)
                0x0000000008004954                z_sched_init
 .text.z_impl_k_yield
                0x0000000008004964       0x7c zephyr/kernel/libkernel.a(sched.c.obj)
                0x0000000008004964                z_impl_k_yield
 .text.z_tick_sleep
                0x00000000080049e0       0x88 zephyr/kernel/libkernel.a(sched.c.obj)
 .text.z_impl_k_sleep
                0x0000000008004a68       0x3c zephyr/kernel/libkernel.a(sched.c.obj)
                0x0000000008004a68                z_impl_k_sleep
 .text.z_impl_k_sched_current_thread_query
                0x0000000008004aa4        0xc zephyr/kernel/libkernel.a(sched.c.obj)
                0x0000000008004aa4                z_impl_k_sched_current_thread_query
 .text.slice_timeout
                0x0000000008004ab0       0x20 zephyr/kernel/libkernel.a(timeslicing.c.obj)
 .text.thread_is_sliceable
                0x0000000008004ad0       0x3c zephyr/kernel/libkernel.a(timeslicing.c.obj)
                0x0000000008004ad0                thread_is_sliceable
 .text.z_reset_time_slice
                0x0000000008004b0c       0x50 zephyr/kernel/libkernel.a(timeslicing.c.obj)
                0x0000000008004b0c                z_reset_time_slice
 .text.z_time_slice
                0x0000000008004b5c       0x60 zephyr/kernel/libkernel.a(timeslicing.c.obj)
                0x0000000008004b5c                z_time_slice
 .text.z_data_copy
                0x0000000008004bbc       0x34 zephyr/kernel/libkernel.a(xip.c.obj)
                0x0000000008004bbc                z_data_copy
 .text.elapsed  0x0000000008004bf0       0x14 zephyr/kernel/libkernel.a(timeout.c.obj)
 .text.remove_timeout
                0x0000000008004c04       0x38 zephyr/kernel/libkernel.a(timeout.c.obj)
 .text.next_timeout
                0x0000000008004c3c       0x40 zephyr/kernel/libkernel.a(timeout.c.obj)
 .text.z_add_timeout
                0x0000000008004c7c       0xf4 zephyr/kernel/libkernel.a(timeout.c.obj)
                0x0000000008004c7c                z_add_timeout
 .text.sys_clock_announce
                0x0000000008004d70       0xd0 zephyr/kernel/libkernel.a(timeout.c.obj)
                0x0000000008004d70                sys_clock_announce
 .text.sys_clock_tick_get
                0x0000000008004e40       0x30 zephyr/kernel/libkernel.a(timeout.c.obj)
                0x0000000008004e40                sys_clock_tick_get
 .text.z_timer_expiration_handler
                0x0000000008004e70       0xe0 zephyr/kernel/libkernel.a(timer.c.obj)
                0x0000000008004e70                z_timer_expiration_handler
 .text.z_impl_k_timer_start
                0x0000000008004f50       0x74 zephyr/kernel/libkernel.a(timer.c.obj)
                0x0000000008004f50                z_impl_k_timer_start
 .text.boot_banner
                0x0000000008004fc4        0xc zephyr/kernel/libkernel.a(banner.c.obj)
                0x0000000008004fc4                boot_banner
 .text.memset   0x0000000008004fd0       0xa4 /Users/juliafaubus/zephyr-sdk-0.17.4/arm-zephyr-eabi/arm-zephyr-eabi/lib/thumb/v7e-m/nofp/libc.a(lib_a-memset.o)
                0x0000000008004fd0                memset
 .text.strnlen  0x0000000008005074       0x24 /Users/juliafaubus/zephyr-sdk-0.17.4/arm-zephyr-eabi/arm-zephyr-eabi/lib/thumb/v7e-m/nofp/libc.a(lib_a-strnlen.o)
                0x0000000008005074                strnlen
 .text._OffsetAbsSyms
                0x0000000008005098        0x2 zephyr/CMakeFiles/offsets.dir/./arch/arm/core/offsets/offsets.c.obj
                0x0000000008005098                _OffsetAbsSyms
 .text.cbpprintf_external
                0x000000000800509a       0x62 zephyr/libzephyr.a(cbprintf_packaged.c.obj)
                0x000000000800509a                cbpprintf_external
 .text.is_ptr   0x00000000080050fc       0x4a zephyr/libzephyr.a(cbprintf_packaged.c.obj)
                0x00000000080050fc                is_ptr
 .text.arch_printk_char_out
                0x0000000008005146        0x4 zephyr/libzephyr.a(printk.c.obj)
                0x0000000008005146                arch_printk_char_out
 .text.str_out  0x000000000800514a       0x24 zephyr/libzephyr.a(printk.c.obj)
 .text.printk   0x000000000800516e       0x1a zephyr/libzephyr.a(printk.c.obj)
                0x000000000800516e                printk
 .text.snprintk
                0x0000000008005188       0x1a zephyr/libzephyr.a(printk.c.obj)
                0x0000000008005188                snprintk
 .text.z_thread_entry
                0x00000000080051a2       0x14 zephyr/libzephyr.a(thread_entry.c.obj)
                0x00000000080051a2                z_thread_entry
 .text.outs     0x00000000080051b6       0x2e zephyr/libzephyr.a(cbprintf_complete.c.obj)
 .text.free_space
                0x00000000080051e4       0x26 zephyr/libzephyr.a(mpsc_pbuf.c.obj)
 .text.get_usage
                0x000000000800520a       0x22 zephyr/libzephyr.a(mpsc_pbuf.c.obj)
 .text.idx_inc  0x000000000800522c       0x1c zephyr/libzephyr.a(mpsc_pbuf.c.obj)
 .text.rd_idx_inc
                0x0000000008005248       0x18 zephyr/libzephyr.a(mpsc_pbuf.c.obj)
 .text.add_skip_item
                0x0000000008005260       0x3a zephyr/libzephyr.a(mpsc_pbuf.c.obj)
 .text.drop_item_locked
                0x000000000800529a       0xee zephyr/libzephyr.a(mpsc_pbuf.c.obj)
 .text.post_drop_action
                0x0000000008005388       0x36 zephyr/libzephyr.a(mpsc_pbuf.c.obj)
 .text.max_utilization_update
                0x00000000080053be       0x1a zephyr/libzephyr.a(mpsc_pbuf.c.obj)
 .text.mpsc_pbuf_init
                0x00000000080053d8       0x42 zephyr/libzephyr.a(mpsc_pbuf.c.obj)
                0x00000000080053d8                mpsc_pbuf_init
 .text.mpsc_pbuf_alloc
                0x000000000800541a       0xf8 zephyr/libzephyr.a(mpsc_pbuf.c.obj)
                0x000000000800541a                mpsc_pbuf_alloc
 .text.mpsc_pbuf_commit
                0x0000000008005512       0x3e zephyr/libzephyr.a(mpsc_pbuf.c.obj)
                0x0000000008005512                mpsc_pbuf_commit
 .text.mpsc_pbuf_claim
                0x0000000008005550       0xa8 zephyr/libzephyr.a(mpsc_pbuf.c.obj)
                0x0000000008005550                mpsc_pbuf_claim
 .text.mpsc_pbuf_free
                0x00000000080055f8       0x76 zephyr/libzephyr.a(mpsc_pbuf.c.obj)
                0x00000000080055f8                mpsc_pbuf_free
 .text.mpsc_pbuf_is_pending
                0x000000000800566e       0x1a zephyr/libzephyr.a(mpsc_pbuf.c.obj)
                0x000000000800566e                mpsc_pbuf_is_pending
 .text._ConfigAbsSyms
                0x0000000008005688        0x2 zephyr/libzephyr.a(configs.c.obj)
                0x0000000008005688                _ConfigAbsSyms
 .text.log_msg_generic_get_wlen
                0x000000000800568a       0x20 zephyr/libzephyr.a(log_core.c.obj)
 .text.dummy_timestamp
                0x00000000080056aa        0x4 zephyr/libzephyr.a(log_core.c.obj)
 .text.atomic_inc
                0x00000000080056ae       0x1a zephyr/libzephyr.a(log_core.c.obj)
 .text.default_lf_get_timestamp
                0x00000000080056c8       0x10 zephyr/libzephyr.a(log_core.c.obj)
 .text.z_log_vprintk
                0x00000000080056d8       0x1c zephyr/libzephyr.a(log_core.c.obj)
                0x00000000080056d8                z_log_vprintk
 .text.z_log_notify_drop
                0x00000000080056f4        0x6 zephyr/libzephyr.a(log_core.c.obj)
 .text.z_log_get_tag
                0x00000000080056fa        0x4 zephyr/libzephyr.a(log_core.c.obj)
                0x00000000080056fa                z_log_get_tag
 .text.z_cbprintf_cpy
                0x00000000080056fe       0x2c zephyr/libzephyr.a(log_msg.c.obj)
 .text.z_log_msg_finalize
                0x000000000800572a       0x32 zephyr/libzephyr.a(log_msg.c.obj)
                0x000000000800572a                z_log_msg_finalize
 .text.z_log_msg_simple_create
                0x000000000800575c       0x6e zephyr/libzephyr.a(log_msg.c.obj)
 .text.z_impl_z_log_msg_simple_create_0
                0x00000000080057ca       0x12 zephyr/libzephyr.a(log_msg.c.obj)
                0x00000000080057ca                z_impl_z_log_msg_simple_create_0
 .text.z_impl_z_log_msg_simple_create_1
                0x00000000080057dc       0x14 zephyr/libzephyr.a(log_msg.c.obj)
                0x00000000080057dc                z_impl_z_log_msg_simple_create_1
 .text.buffer_write
                0x00000000080057f0       0x1c zephyr/libzephyr.a(log_output.c.obj)
 .text.cbvprintf
                0x000000000800580c        0xe zephyr/libzephyr.a(log_output.c.obj)
 .text.log_output_flush
                0x000000000800581a       0x1a zephyr/libzephyr.a(log_output.c.obj)
                0x000000000800581a                log_output_flush
 .text.out_func
                0x0000000008005834       0x36 zephyr/libzephyr.a(log_output.c.obj)
 .text.cr_out_func
                0x000000000800586a       0x1c zephyr/libzephyr.a(log_output.c.obj)
 .text.log_output_msg_process
                0x0000000008005886       0x6a zephyr/libzephyr.a(log_output.c.obj)
                0x0000000008005886                log_output_msg_process
 .text.format_set
                0x00000000080058f0        0xc zephyr/libzephyr.a(log_backend_uart.c.obj)
 .text.log_backend_uart_init
                0x00000000080058fc        0xc zephyr/libzephyr.a(log_backend_uart.c.obj)
 .text.panic    0x0000000008005908       0x10 zephyr/libzephyr.a(log_backend_uart.c.obj)
 .text.dropped  0x0000000008005918        0xa zephyr/libzephyr.a(log_backend_uart.c.obj)
 .text.process  0x0000000008005922       0x1e zephyr/libzephyr.a(log_backend_uart.c.obj)
 .text.z_do_kernel_oops
                0x0000000008005940        0x8 zephyr/arch/arch/arm/core/libarch__arm__core.a(fatal.c.obj)
                0x0000000008005940                z_do_kernel_oops
 .text.z_log_msg_simple_create_0.constprop.0
                0x0000000008005948        0x8 zephyr/arch/arch/arm/core/cortex_m/libarch__arm__core__cortex_m.a(fault.c.obj)
 .text.z_irq_spurious
                0x0000000008005950        0x8 zephyr/arch/arch/arm/core/cortex_m/libarch__arm__core__cortex_m.a(irq_manage.c.obj)
                0x0000000008005950                z_irq_spurious
 .text.arch_irq_unlock_outlined
                0x0000000008005958        0xe zephyr/arch/arch/arm/core/cortex_m/libarch__arm__core__cortex_m.a(thread.c.obj)
                0x0000000008005958                arch_irq_unlock_outlined
 .text.arch_cpu_idle
                0x0000000008005966       0x1a zephyr/arch/arch/arm/core/cortex_m/libarch__arm__core__cortex_m.a(cpu_idle.c.obj)
                0x0000000008005966                arch_cpu_idle
 .text.size_to_mpu_rasr_size
                0x0000000008005980       0x20 zephyr/arch/arch/arm/core/mpu/libarch__arm__core__mpu.a(arm_mpu.c.obj)
 .text._stdout_hook_default
                0x00000000080059a0        0x6 zephyr/lib/libc/newlib/liblib__libc__newlib.a(libc-hooks.c.obj)
 .text.malloc_prepare
                0x00000000080059a6        0x4 zephyr/lib/libc/newlib/liblib__libc__newlib.a(libc-hooks.c.obj)
 .text.stm32_exti_init
                0x00000000080059aa       0x92 zephyr/drivers/interrupt_controller/libdrivers__interrupt_controller.a(intc_exti_stm32.c.obj)
 .text.stm32_clock_control_on
                0x0000000008005a3c       0x38 zephyr/drivers/clock_control/libdrivers__clock_control.a(clock_stm32_ll_common.c.obj)
 .text.stm32_clock_control_off
                0x0000000008005a74       0x24 zephyr/drivers/clock_control/libdrivers__clock_control.a(clock_stm32_ll_common.c.obj)
 .text.stm32_clock_control_get_status
                0x0000000008005a98       0x34 zephyr/drivers/clock_control/libdrivers__clock_control.a(clock_stm32_ll_common.c.obj)
 .text.stm32_clock_control_configure
                0x0000000008005acc       0x58 zephyr/drivers/clock_control/libdrivers__clock_control.a(clock_stm32_ll_common.c.obj)
 .text.config_regulator_voltage
                0x0000000008005b24        0x2 zephyr/drivers/clock_control/libdrivers__clock_control.a(clock_stm32_ll_common.c.obj)
                0x0000000008005b24                config_regulator_voltage
 .text.gpio_stm32_port_get_raw
                0x0000000008005b26        0xc zephyr/drivers/gpio/libdrivers__gpio.a(gpio_stm32.c.obj)
 .text.gpio_stm32_port_set_masked_raw
                0x0000000008005b32       0x12 zephyr/drivers/gpio/libdrivers__gpio.a(gpio_stm32.c.obj)
 .text.gpio_stm32_port_set_bits_raw
                0x0000000008005b44        0xa zephyr/drivers/gpio/libdrivers__gpio.a(gpio_stm32.c.obj)
 .text.gpio_stm32_port_clear_bits_raw
                0x0000000008005b4e        0xc zephyr/drivers/gpio/libdrivers__gpio.a(gpio_stm32.c.obj)
 .text.gpio_stm32_port_toggle_bits
                0x0000000008005b5a        0xe zephyr/drivers/gpio/libdrivers__gpio.a(gpio_stm32.c.obj)
 .text.gpio_stm32_manage_callback
                0x0000000008005b68       0x52 zephyr/drivers/gpio/libdrivers__gpio.a(gpio_stm32.c.obj)
 .text.gpio_stm32_configure_raw.isra.0
                0x0000000008005bba      0x106 zephyr/drivers/gpio/libdrivers__gpio.a(gpio_stm32.c.obj)
 .text.gpio_stm32_config
                0x0000000008005cc0       0x78 zephyr/drivers/gpio/libdrivers__gpio.a(gpio_stm32.c.obj)
 .text.gpio_stm32_isr
                0x0000000008005d38       0x2e zephyr/drivers/gpio/libdrivers__gpio.a(gpio_stm32.c.obj)
 .text.gpio_stm32_configure
                0x0000000008005d66       0x30 zephyr/drivers/gpio/libdrivers__gpio.a(gpio_stm32.c.obj)
                0x0000000008005d66                gpio_stm32_configure
 .text.pinctrl_lookup_state
                0x0000000008005d96       0x26 zephyr/drivers/pinctrl/libdrivers__pinctrl.a(common.c.obj)
                0x0000000008005d96                pinctrl_lookup_state
 .text.LL_TIM_OC_SetCompareCH1
                0x0000000008005dbc        0x4 zephyr/drivers/pwm/libdrivers__pwm.a(pwm_stm32.c.obj)
 .text.LL_TIM_OC_SetCompareCH2
                0x0000000008005dc0        0x4 zephyr/drivers/pwm/libdrivers__pwm.a(pwm_stm32.c.obj)
 .text.LL_TIM_OC_SetCompareCH3
                0x0000000008005dc4        0x4 zephyr/drivers/pwm/libdrivers__pwm.a(pwm_stm32.c.obj)
 .text.LL_TIM_OC_SetCompareCH4
                0x0000000008005dc8        0x4 zephyr/drivers/pwm/libdrivers__pwm.a(pwm_stm32.c.obj)
 .text.pwm_stm32_get_cycles_per_sec
                0x0000000008005dcc       0x16 zephyr/drivers/pwm/libdrivers__pwm.a(pwm_stm32.c.obj)
 .text.reset_stm32_status
                0x0000000008005de2       0x20 zephyr/drivers/reset/libdrivers__reset.a(reset_stm32.c.obj)
 .text.reset_stm32_line_assert
                0x0000000008005e02       0x1c zephyr/drivers/reset/libdrivers__reset.a(reset_stm32.c.obj)
 .text.reset_stm32_line_deassert
                0x0000000008005e1e       0x1e zephyr/drivers/reset/libdrivers__reset.a(reset_stm32.c.obj)
 .text.reset_stm32_line_toggle
                0x0000000008005e3c       0x16 zephyr/drivers/reset/libdrivers__reset.a(reset_stm32.c.obj)
 .text.LL_USART_ClearFlag_PE
                0x0000000008005e52       0x12 zephyr/drivers/serial/libdrivers__serial.a(uart_stm32.c.obj)
 .text.uart_stm32_err_check
                0x0000000008005e64       0x5e zephyr/drivers/serial/libdrivers__serial.a(uart_stm32.c.obj)
 .text.uart_stm32_poll_out
                0x0000000008005ec2       0x36 zephyr/drivers/serial/libdrivers__serial.a(uart_stm32.c.obj)
 .text.uart_stm32_poll_in
                0x0000000008005ef8       0x22 zephyr/drivers/serial/libdrivers__serial.a(uart_stm32.c.obj)
 .text.uart_stm32_config_get
                0x0000000008005f1a       0x8e zephyr/drivers/serial/libdrivers__serial.a(uart_stm32.c.obj)
 .text.uart_stm32_set_baudrate
                0x0000000008005fa8       0x58 zephyr/drivers/serial/libdrivers__serial.a(uart_stm32.c.obj)
 .text.LL_RCC_GetSystemClocksFreq
                0x0000000008006000       0x22 modules/stm32/stm32cube/lib..__modules__hal__stm32__stm32cube.a(stm32f4xx_ll_rcc.c.obj)
                0x0000000008006000                LL_RCC_GetSystemClocksFreq
 .text.LL_TIM_StructInit
                0x0000000008006022       0x12 modules/stm32/stm32cube/lib..__modules__hal__stm32__stm32cube.a(stm32f4xx_ll_tim.c.obj)
                0x0000000008006022                LL_TIM_StructInit
 .text.LL_TIM_OC_StructInit
                0x0000000008006034       0x14 modules/stm32/stm32cube/lib..__modules__hal__stm32__stm32cube.a(stm32f4xx_ll_tim.c.obj)
                0x0000000008006034                LL_TIM_OC_StructInit
 .text.z_device_state_init
                0x0000000008006048        0x2 zephyr/kernel/libkernel.a(device.c.obj)
                0x0000000008006048                z_device_state_init
 .text.z_impl_device_is_ready
                0x000000000800604a       0x16 zephyr/kernel/libkernel.a(device.c.obj)
                0x000000000800604a                z_impl_device_is_ready
 .text.arch_system_halt
                0x0000000008006060       0x10 zephyr/kernel/libkernel.a(fatal.c.obj)
                0x0000000008006060                arch_system_halt
 .text.do_device_init
                0x0000000008006070       0x30 zephyr/kernel/libkernel.a(init.c.obj)
 .text.z_early_memset
                0x00000000080060a0        0x4 zephyr/kernel/libkernel.a(init.c.obj)
                0x00000000080060a0                z_early_memset
 .text.z_early_memcpy
                0x00000000080060a4        0x4 zephyr/kernel/libkernel.a(init.c.obj)
                0x00000000080060a4                z_early_memcpy
 .text.z_init_static
                0x00000000080060a8        0x2 zephyr/kernel/libkernel.a(init_static.c.obj)
                0x00000000080060a8                z_init_static
 .text.idle     0x00000000080060aa       0x16 zephyr/kernel/libkernel.a(idle.c.obj)
                0x00000000080060aa                idle
 .text.z_impl_k_sem_init
                0x00000000080060c0       0x18 zephyr/kernel/libkernel.a(sem.c.obj)
                0x00000000080060c0                z_impl_k_sem_init
 .text.k_is_in_isr
                0x00000000080060d8        0xc zephyr/kernel/libkernel.a(thread.c.obj)
                0x00000000080060d8                k_is_in_isr
 .text.z_impl_k_thread_name_set
                0x00000000080060e4        0x6 zephyr/kernel/libkernel.a(thread.c.obj)
                0x00000000080060e4                z_impl_k_thread_name_set
 .text.k_thread_name_get
                0x00000000080060ea        0x4 zephyr/kernel/libkernel.a(thread.c.obj)
                0x00000000080060ea                k_thread_name_get
 .text.z_impl_k_thread_start
                0x00000000080060ee        0x4 zephyr/kernel/libkernel.a(thread.c.obj)
                0x00000000080060ee                z_impl_k_thread_start
 .text.sys_dlist_remove
                0x00000000080060f2       0x10 zephyr/kernel/libkernel.a(sched.c.obj)
 .text.unpend_thread_no_timeout
                0x0000000008006102       0x14 zephyr/kernel/libkernel.a(sched.c.obj)
 .text.add_to_waitq_locked
                0x0000000008006116       0x50 zephyr/kernel/libkernel.a(sched.c.obj)
 .text.z_ready_thread
                0x0000000008006166       0x1e zephyr/kernel/libkernel.a(sched.c.obj)
                0x0000000008006166                z_ready_thread
 .text.z_impl_k_thread_suspend
                0x0000000008006184       0x32 zephyr/kernel/libkernel.a(sched.c.obj)
                0x0000000008006184                z_impl_k_thread_suspend
 .text.z_unpend_thread_no_timeout
                0x00000000080061b6       0x22 zephyr/kernel/libkernel.a(sched.c.obj)
                0x00000000080061b6                z_unpend_thread_no_timeout
 .text.z_sched_wake_thread
                0x00000000080061d8       0x42 zephyr/kernel/libkernel.a(sched.c.obj)
                0x00000000080061d8                z_sched_wake_thread
 .text.z_thread_timeout
                0x000000000800621a        0x8 zephyr/kernel/libkernel.a(sched.c.obj)
                0x000000000800621a                z_thread_timeout
 .text.z_unpend1_no_timeout
                0x0000000008006222       0x2c zephyr/kernel/libkernel.a(sched.c.obj)
                0x0000000008006222                z_unpend1_no_timeout
 .text.z_unpend_first_thread
                0x000000000800624e       0x36 zephyr/kernel/libkernel.a(sched.c.obj)
                0x000000000800624e                z_unpend_first_thread
 .text.z_thread_abort
                0x0000000008006284       0x44 zephyr/kernel/libkernel.a(sched.c.obj)
                0x0000000008006284                z_thread_abort
 .text.z_abort_timeout
                0x00000000080062c8       0x2a zephyr/kernel/libkernel.a(timeout.c.obj)
                0x00000000080062c8                z_abort_timeout
 .text.sys_clock_tick_get_32
                0x00000000080062f2        0x8 zephyr/kernel/libkernel.a(timeout.c.obj)
                0x00000000080062f2                sys_clock_tick_get_32
 .text.z_impl_k_uptime_ticks
                0x00000000080062fa        0x4 zephyr/kernel/libkernel.a(timeout.c.obj)
                0x00000000080062fa                z_impl_k_uptime_ticks
 .text.k_timer_init
                0x00000000080062fe       0x18 zephyr/kernel/libkernel.a(timer.c.obj)
                0x00000000080062fe                k_timer_init
 .text.z_impl_k_timer_stop
                0x0000000008006316       0x38 zephyr/kernel/libkernel.a(timer.c.obj)
                0x0000000008006316                z_impl_k_timer_stop
 *(SORT_BY_ALIGNMENT(.TEXT.*))
 *(SORT_BY_ALIGNMENT(.gnu.linkonce.t.*))
 *(SORT_BY_ALIGNMENT(.glue_7t))
 .glue_7t       0x000000000800634e        0x0 linker stubs
 *(SORT_BY_ALIGNMENT(.glue_7))
 .glue_7        0x000000000800634e        0x0 linker stubs
 *(SORT_BY_ALIGNMENT(.vfp11_veneer))
 .vfp11_veneer  0x000000000800634e        0x0 linker stubs
 *(SORT_BY_ALIGNMENT(.v4_bx))
 .v4_bx         0x000000000800634e        0x0 linker stubs
                0x0000000008006350                . = ALIGN (0x4)
 *fill*         0x000000000800634e        0x2 
                0x0000000008006350                __text_region_end = .

.ARM.exidx      0x0000000008006350        0x8
                0x0000000008006350                __exidx_start = .
 *(SORT_BY_ALIGNMENT(.ARM.exidx*) SORT_BY_ALIGNMENT(gnu.linkonce.armexidx.*))
 .ARM.exidx     0x0000000008006350        0x8 /Users/juliafaubus/zephyr-sdk-0.17.4/arm-zephyr-eabi/bin/../lib/gcc/arm-zephyr-eabi/12.2.0/thumb/v7e-m/nofp/libgcc.a(_udivmoddi4.o)
                0x0000000008006358                __exidx_end = .
                0x0000000008006358                __rodata_region_start = .

initlevel       0x0000000008006358       0xa0
                0x0000000008006358                __init_start = .
                0x0000000008006358                __init_EARLY_start = .
 *(SORT_BY_NAME(SORT_BY_ALIGNMENT(.z_init_EARLY?_*)))
 *(SORT_BY_NAME(SORT_BY_ALIGNMENT(.z_init_EARLY??_*)))
                0x0000000008006358                __init_PRE_KERNEL_1_start = .
 *(SORT_BY_NAME(SORT_BY_ALIGNMENT(.z_init_PRE_KERNEL_1?_*)))
 .z_init_PRE_KERNEL_10_0_
                0x0000000008006358        0x8 zephyr/libzephyr.a(soc.c.obj)
 .z_init_PRE_KERNEL_11_00009_
                0x0000000008006360        0x8 zephyr/drivers/clock_control/libdrivers__clock_control.a(clock_stm32_ll_common.c.obj)
 .z_init_PRE_KERNEL_11_0_
                0x0000000008006368        0x8 zephyr/libzephyr.a(soc_config.c.obj)
 *(SORT_BY_NAME(SORT_BY_ALIGNMENT(.z_init_PRE_KERNEL_1??_*)))
 .z_init_PRE_KERNEL_135_00039_
                0x0000000008006370        0x8 zephyr/drivers/reset/libdrivers__reset.a(reset_stm32.c.obj)
 .z_init_PRE_KERNEL_140_00045_
                0x0000000008006378        0x8 zephyr/drivers/gpio/libdrivers__gpio.a(gpio_stm32.c.obj)
 .z_init_PRE_KERNEL_140_00048_
                0x0000000008006380        0x8 zephyr/drivers/gpio/libdrivers__gpio.a(gpio_stm32.c.obj)
 .z_init_PRE_KERNEL_140_00052_
                0x0000000008006388        0x8 zephyr/drivers/gpio/libdrivers__gpio.a(gpio_stm32.c.obj)
 .z_init_PRE_KERNEL_140_00074_
                0x0000000008006390        0x8 zephyr/drivers/interrupt_controller/libdrivers__interrupt_controller.a(intc_exti_stm32.c.obj)
 .z_init_PRE_KERNEL_140_00110_
                0x0000000008006398        0x8 zephyr/drivers/gpio/libdrivers__gpio.a(gpio_stm32.c.obj)
 .z_init_PRE_KERNEL_140_00111_
                0x00000000080063a0        0x8 zephyr/drivers/gpio/libdrivers__gpio.a(gpio_stm32.c.obj)
 .z_init_PRE_KERNEL_140_00112_
                0x00000000080063a8        0x8 zephyr/drivers/gpio/libdrivers__gpio.a(gpio_stm32.c.obj)
 .z_init_PRE_KERNEL_140_00113_
                0x00000000080063b0        0x8 zephyr/drivers/gpio/libdrivers__gpio.a(gpio_stm32.c.obj)
 .z_init_PRE_KERNEL_140_00114_
                0x00000000080063b8        0x8 zephyr/drivers/gpio/libdrivers__gpio.a(gpio_stm32.c.obj)
 .z_init_PRE_KERNEL_150_00079_
                0x00000000080063c0        0x8 zephyr/drivers/serial/libdrivers__serial.a(uart_stm32.c.obj)
 .z_init_PRE_KERNEL_150_00085_
                0x00000000080063c8        0x8 zephyr/drivers/serial/libdrivers__serial.a(uart_stm32.c.obj)
 .z_init_PRE_KERNEL_160_0_
                0x00000000080063d0        0x8 zephyr/drivers/console/libdrivers__console.a(uart_console.c.obj)
                0x00000000080063d8                __init_PRE_KERNEL_2_start = .
 *(SORT_BY_NAME(SORT_BY_ALIGNMENT(.z_init_PRE_KERNEL_2?_*)))
 .z_init_PRE_KERNEL_20_0_
                0x00000000080063d8        0x8 zephyr/drivers/timer/libdrivers__timer.a(cortex_m_systick.c.obj)
 *(SORT_BY_NAME(SORT_BY_ALIGNMENT(.z_init_PRE_KERNEL_2??_*)))
                0x00000000080063e0                __init_POST_KERNEL_start = .
 *(SORT_BY_NAME(SORT_BY_ALIGNMENT(.z_init_POST_KERNEL?_*)))
 .z_init_POST_KERNEL0_0_
                0x00000000080063e0        0x8 zephyr/libzephyr.a(log_core.c.obj)
 *(SORT_BY_NAME(SORT_BY_ALIGNMENT(.z_init_POST_KERNEL??_*)))
 .z_init_POST_KERNEL35_0_
                0x00000000080063e8        0x8 zephyr/lib/libc/newlib/liblib__libc__newlib.a(libc-hooks.c.obj)
 .z_init_POST_KERNEL50_00057_
                0x00000000080063f0        0x8 zephyr/drivers/pwm/libdrivers__pwm.a(pwm_stm32.c.obj)
                0x00000000080063f8                __init_APPLICATION_start = .
 *(SORT_BY_NAME(SORT_BY_ALIGNMENT(.z_init_APPLICATION?_*)))
 *(SORT_BY_NAME(SORT_BY_ALIGNMENT(.z_init_APPLICATION??_*)))
                0x00000000080063f8                __init_SMP_start = .
 *(SORT_BY_NAME(SORT_BY_ALIGNMENT(.z_init_SMP?_*)))
 *(SORT_BY_NAME(SORT_BY_ALIGNMENT(.z_init_SMP??_*)))
                0x00000000080063f8                __init_end = .
                0x00000000080063f8                __deferred_init_list_start = .
 *(SORT_BY_ALIGNMENT(.z_deferred_init*))
                0x00000000080063f8                __deferred_init_list_end = .

device_area     0x00000000080063f8      0x118
                0x00000000080063f8                _device_list_start = .
 *(SORT_BY_NAME(SORT_BY_ALIGNMENT(._device.static.*_?_*)))
 ._device.static.1_1_
                0x00000000080063f8       0x14 zephyr/drivers/clock_control/libdrivers__clock_control.a(clock_stm32_ll_common.c.obj)
                0x00000000080063f8                __device_dts_ord_9
 *(SORT_BY_NAME(SORT_BY_ALIGNMENT(._device.static.*_??_*)))
 ._device.static.1_35_
                0x000000000800640c       0x14 zephyr/drivers/reset/libdrivers__reset.a(reset_stm32.c.obj)
                0x000000000800640c                __device_dts_ord_39
 ._device.static.1_40_
                0x0000000008006420       0x14 zephyr/drivers/interrupt_controller/libdrivers__interrupt_controller.a(intc_exti_stm32.c.obj)
                0x0000000008006420                __device_dts_ord_74
 ._device.static.1_40_
                0x0000000008006434       0xa0 zephyr/drivers/gpio/libdrivers__gpio.a(gpio_stm32.c.obj)
                0x0000000008006434                __device_dts_ord_114
                0x0000000008006448                __device_dts_ord_113
                0x000000000800645c                __device_dts_ord_112
                0x0000000008006470                __device_dts_ord_111
                0x0000000008006484                __device_dts_ord_110
                0x0000000008006498                __device_dts_ord_45
                0x00000000080064ac                __device_dts_ord_48
                0x00000000080064c0                __device_dts_ord_52
 ._device.static.1_50_
                0x00000000080064d4       0x28 zephyr/drivers/serial/libdrivers__serial.a(uart_stm32.c.obj)
                0x00000000080064d4                __device_dts_ord_79
                0x00000000080064e8                __device_dts_ord_85
 ._device.static.3_50_
                0x00000000080064fc       0x14 zephyr/drivers/pwm/libdrivers__pwm.a(pwm_stm32.c.obj)
                0x00000000080064fc                __device_dts_ord_57
                0x0000000008006510                _device_list_end = .

sw_isr_table    0x0000000008006510      0x308
                0x0000000008006510                . = ALIGN (0x4)
 *(SORT_BY_ALIGNMENT(.gnu.linkonce.sw_isr_table*))
 .gnu.linkonce.sw_isr_table
                0x0000000008006510      0x308 zephyr/arch/common/libisr_tables.a(isr_tables.c.obj)
                0x0000000008006510                _sw_isr_table

initlevel_error
                0x0000000008006358        0x0
 *(SORT_BY_NAME(SORT_BY_ALIGNMENT(.z_init_[_A-Z0-9]*)))
                0x0000000000000001                ASSERT ((SIZEOF (initlevel_error) == 0x0), Undefined initialization levels used.)

app_shmem_regions
                0x0000000008006818        0x0
                0x0000000008006818                __app_shmem_regions_start = .
 *(SORT_BY_NAME(SORT_BY_ALIGNMENT(.app_regions.*)))
                0x0000000008006818                __app_shmem_regions_end = .

k_p4wq_initparam_area
                0x0000000008006818        0x0
                0x0000000008006818                _k_p4wq_initparam_list_start = .
 *(SORT_BY_NAME(SORT_BY_ALIGNMENT(._k_p4wq_initparam.static.*)))
                0x0000000008006818                _k_p4wq_initparam_list_end = .

_static_thread_data_area
                0x0000000008006818        0x0
                0x0000000008006818                __static_thread_data_list_start = .
 *(SORT_BY_NAME(SORT_BY_ALIGNMENT(.__static_thread_data.static.*)))
                0x0000000008006818                __static_thread_data_list_end = .

device_deps     0x0000000008006818        0x0
                0x0000000008006818                __device_deps_start = .
 *(SORT_BY_NAME(SORT_BY_ALIGNMENT(.__device_deps_pass2*)))
                0x0000000008006818                __device_deps_end = .

ztest           0x0000000008006818        0x0
                0x0000000008006818                _ztest_expected_result_entry_list_start = .
 *(SORT_BY_NAME(SORT_BY_ALIGNMENT(._ztest_expected_result_entry.static.*)))
                0x0000000008006818                _ztest_expected_result_entry_list_end = .
                0x0000000008006818                _ztest_suite_node_list_start = .
 *(SORT_BY_NAME(SORT_BY_ALIGNMENT(._ztest_suite_node.static.*)))
                0x0000000008006818                _ztest_suite_node_list_end = .
                0x0000000008006818                _ztest_unit_test_list_start = .
 *(SORT_BY_NAME(SORT_BY_ALIGNMENT(._ztest_unit_test.static.*)))
                0x0000000008006818                _ztest_unit_test_list_end = .
                0x0000000008006818                _ztest_test_rule_list_start = .
 *(SORT_BY_NAME(SORT_BY_ALIGNMENT(._ztest_test_rule.static.*)))
                0x0000000008006818                _ztest_test_rule_list_end = .

init_array      0x0000000008006818        0x0
 *(SORT_BY_NAME(SORT_BY_ALIGNMENT(.ctors*)))
 *(SORT_BY_NAME(SORT_BY_ALIGNMENT(.init_array*)))
                0x0000000000000001                ASSERT ((SIZEOF (init_array) == 0x0), GNU-style constructors required but STATIC_INIT_GNU not enabled)

bt_l2cap_fixed_chan_area
                0x0000000008006818        0x0
                0x0000000008006818                _bt_l2cap_fixed_chan_list_start = .
 *(SORT_BY_NAME(SORT_BY_ALIGNMENT(._bt_l2cap_fixed_chan.static.*)))
                0x0000000008006818                _bt_l2cap_fixed_chan_list_end = .

bt_gatt_service_static_area
                0x0000000008006818        0x0
                0x0000000008006818                _bt_gatt_service_static_list_start = .
 *(SORT_BY_NAME(SORT_BY_ALIGNMENT(._bt_gatt_service_static.static.*)))
                0x0000000008006818                _bt_gatt_service_static_list_end = .

log_strings_area
                0x0000000008006818        0x0
                0x0000000008006818                _log_strings_list_start = .
 *(SORT_BY_NAME(SORT_BY_ALIGNMENT(._log_strings.static.*)))
                0x0000000008006818                _log_strings_list_end = .

log_const_area  0x0000000008006818       0x48
                0x0000000008006818                _log_const_list_start = .
 *(SORT_BY_NAME(SORT_BY_ALIGNMENT(._log_const.static.*)))
 ._log_const.static.log_const_cbprintf_package_
                0x0000000008006818        0x8 zephyr/libzephyr.a(cbprintf_packaged.c.obj)
                0x0000000008006818                log_const_cbprintf_package
 ._log_const.static.log_const_log_
                0x0000000008006820        0x8 zephyr/libzephyr.a(log_core.c.obj)
                0x0000000008006820                log_const_log
 ._log_const.static.log_const_log_mgmt_
                0x0000000008006828        0x8 zephyr/libzephyr.a(log_mgmt.c.obj)
                0x0000000008006828                log_const_log_mgmt
 ._log_const.static.log_const_log_uart_
                0x0000000008006830        0x8 zephyr/libzephyr.a(log_backend_uart.c.obj)
                0x0000000008006830                log_const_log_uart
 ._log_const.static.log_const_mpu_
                0x0000000008006838        0x8 zephyr/arch/arch/arm/core/mpu/libarch__arm__core__mpu.a(arm_core_mpu.c.obj)
                0x0000000008006838                log_const_mpu
 ._log_const.static.log_const_os_
                0x0000000008006840        0x8 zephyr/kernel/libkernel.a(init.c.obj)
                0x0000000008006840                log_const_os
 ._log_const.static.log_const_pwm_stm32_
                0x0000000008006848        0x8 zephyr/drivers/pwm/libdrivers__pwm.a(pwm_stm32.c.obj)
                0x0000000008006848                log_const_pwm_stm32
 ._log_const.static.log_const_stm32_
                0x0000000008006850        0x8 zephyr/drivers/gpio/libdrivers__gpio.a(gpio_stm32.c.obj)
                0x0000000008006850                log_const_stm32
 ._log_const.static.log_const_uart_stm32_
                0x0000000008006858        0x8 zephyr/drivers/serial/libdrivers__serial.a(uart_stm32.c.obj)
                0x0000000008006858                log_const_uart_stm32
                0x0000000008006860                _log_const_list_end = .

log_backend_area
                0x0000000008006860       0x10
                0x0000000008006860                _log_backend_list_start = .
 *(SORT_BY_NAME(SORT_BY_ALIGNMENT(._log_backend.static.*)))
 ._log_backend.static.log_backend_uart_
                0x0000000008006860       0x10 zephyr/libzephyr.a(log_backend_uart.c.obj)
                0x0000000008006870                _log_backend_list_end = .

log_link_area   0x0000000008006870        0x0
                0x0000000008006870                _log_link_list_start = .
 *(SORT_BY_NAME(SORT_BY_ALIGNMENT(._log_link.static.*)))
                0x0000000008006870                _log_link_list_end = .

tracing_backend_area
                0x0000000008006870        0x0
                0x0000000008006870                _tracing_backend_list_start = .
 *(SORT_BY_NAME(SORT_BY_ALIGNMENT(._tracing_backend.static.*)))
                0x0000000008006870                _tracing_backend_list_end = .

zephyr_dbg_info
 *(SORT_BY_ALIGNMENT(.dbg_thread_info))

intc_table_area
                0x0000000008006870        0x0
                0x0000000008006870                _intc_table_list_start = .
 *(SORT_BY_NAME(SORT_BY_ALIGNMENT(._intc_table.static.*)))
                0x0000000008006870                _intc_table_list_end = .

symbol_to_keep  0x0000000008006870        0x0
                0x0000000008006870                __symbol_to_keep_start = .
 *(SORT_BY_NAME(SORT_BY_ALIGNMENT(.symbol_to_keep*)))
                0x0000000008006870                __symbol_to_keep_end = .

shell_area      0x0000000008006870        0x0
                0x0000000008006870                _shell_list_start = .
 *(SORT_BY_NAME(SORT_BY_ALIGNMENT(._shell.static.*)))
                0x0000000008006870                _shell_list_end = .

shell_root_cmds_area
                0x0000000008006870        0x0
                0x0000000008006870                _shell_root_cmds_list_start = .
 *(SORT_BY_NAME(SORT_BY_ALIGNMENT(._shell_root_cmds.static.*)))
                0x0000000008006870                _shell_root_cmds_list_end = .

shell_subcmds_area
                0x0000000008006870        0x0
                0x0000000008006870                _shell_subcmds_list_start = .
 *(SORT_BY_NAME(SORT_BY_ALIGNMENT(._shell_subcmds.static.*)))
                0x0000000008006870                _shell_subcmds_list_end = .

shell_dynamic_subcmds_area
                0x0000000008006870        0x0
                0x0000000008006870                _shell_dynamic_subcmds_list_start = .
 *(SORT_BY_NAME(SORT_BY_ALIGNMENT(._shell_dynamic_subcmds.static.*)))
                0x0000000008006870                _shell_dynamic_subcmds_list_end = .

cfb_font_area   0x0000000008006870        0x0
                0x0000000008006870                _cfb_font_list_start = .
 *(SORT_BY_NAME(SORT_BY_ALIGNMENT(._cfb_font.static.*)))
                0x0000000008006870                _cfb_font_list_end = .

rodata          0x0000000008006870      0xed8
 *(SORT_BY_ALIGNMENT(.rodata))
 .rodata        0x0000000008006870        0x8 zephyr/drivers/gpio/libdrivers__gpio.a(gpio_stm32.c.obj)
 *(SORT_BY_ALIGNMENT(.rodata.*))
 .rodata.mpsc_config
                0x0000000008006878       0x14 zephyr/libzephyr.a(log_core.c.obj)
 .rodata.format_table
                0x000000000800688c       0x10 zephyr/libzephyr.a(log_core.c.obj)
 .rodata.colors
                0x000000000800689c       0x14 zephyr/libzephyr.a(log_output.c.obj)
 .rodata.severity
                0x00000000080068b0       0x14 zephyr/libzephyr.a(log_output.c.obj)
 .rodata.lbu_cb_ctx
                0x00000000080068c4        0x8 zephyr/libzephyr.a(log_backend_uart.c.obj)
 .rodata.lbu_output
                0x00000000080068cc       0x10 zephyr/libzephyr.a(log_backend_uart.c.obj)
 .rodata.log_backend_uart_api
                0x00000000080068dc       0x1c zephyr/libzephyr.a(log_backend_uart.c.obj)
                0x00000000080068dc                log_backend_uart_api
 .rodata.mem_attr_region
                0x00000000080068f8        0x0 zephyr/libzephyr.a(mem_attr.c.obj)
 .rodata.static_regions
                0x00000000080068f8        0xc zephyr/arch/arch/arm/core/mpu/libarch__arm__core__mpu.a(arm_core_mpu.c.obj)
 .rodata.mpu_config
                0x0000000008006904        0x8 zephyr/arch/arch/arm/core/mpu/libarch__arm__core__mpu.a(arm_mpu_regions.c.obj)
                0x0000000008006904                mpu_config
 .rodata.mpu_regions
                0x000000000800690c       0x18 zephyr/arch/arch/arm/core/mpu/libarch__arm__core__mpu.a(arm_mpu_regions.c.obj)
 .rodata.stm32_clock_control_api
                0x0000000008006924       0x1c zephyr/drivers/clock_control/libdrivers__clock_control.a(clock_stm32_ll_common.c.obj)
 .rodata.gpio_stm32_cfg_h
                0x0000000008006940       0x14 zephyr/drivers/gpio/libdrivers__gpio.a(gpio_stm32.c.obj)
 .rodata.gpio_stm32_cfg_g
                0x0000000008006954       0x14 zephyr/drivers/gpio/libdrivers__gpio.a(gpio_stm32.c.obj)
 .rodata.gpio_stm32_cfg_f
                0x0000000008006968       0x14 zephyr/drivers/gpio/libdrivers__gpio.a(gpio_stm32.c.obj)
 .rodata.gpio_stm32_cfg_e
                0x000000000800697c       0x14 zephyr/drivers/gpio/libdrivers__gpio.a(gpio_stm32.c.obj)
 .rodata.gpio_stm32_cfg_d
                0x0000000008006990       0x14 zephyr/drivers/gpio/libdrivers__gpio.a(gpio_stm32.c.obj)
 .rodata.gpio_stm32_cfg_c
                0x00000000080069a4       0x14 zephyr/drivers/gpio/libdrivers__gpio.a(gpio_stm32.c.obj)
 .rodata.gpio_stm32_cfg_b
                0x00000000080069b8       0x14 zephyr/drivers/gpio/libdrivers__gpio.a(gpio_stm32.c.obj)
 .rodata.gpio_stm32_cfg_a
                0x00000000080069cc       0x14 zephyr/drivers/gpio/libdrivers__gpio.a(gpio_stm32.c.obj)
 .rodata.gpio_stm32_driver
                0x00000000080069e0       0x24 zephyr/drivers/gpio/libdrivers__gpio.a(gpio_stm32.c.obj)
 .rodata.gpio_ports
                0x0000000008006a04       0x40 zephyr/drivers/pinctrl/libdrivers__pinctrl.a(pinctrl_stm32.c.obj)
 .rodata.pwm_stm32_config_0
                0x0000000008006a44       0x18 zephyr/drivers/pwm/libdrivers__pwm.a(pwm_stm32.c.obj)
 .rodata.__pinctrl_dev_config__device_dts_ord_57
                0x0000000008006a5c        0x8 zephyr/drivers/pwm/libdrivers__pwm.a(pwm_stm32.c.obj)
 .rodata.__pinctrl_states__device_dts_ord_57
                0x0000000008006a64        0x8 zephyr/drivers/pwm/libdrivers__pwm.a(pwm_stm32.c.obj)
 .rodata.__pinctrl_state_pins_0__device_dts_ord_57
                0x0000000008006a6c        0x8 zephyr/drivers/pwm/libdrivers__pwm.a(pwm_stm32.c.obj)
 .rodata.pwm_stm32_driver_api
                0x0000000008006a74        0x8 zephyr/drivers/pwm/libdrivers__pwm.a(pwm_stm32.c.obj)
 .rodata.set_timer_compare
                0x0000000008006a7c       0x10 zephyr/drivers/pwm/libdrivers__pwm.a(pwm_stm32.c.obj)
 .rodata.ch2ll_n
                0x0000000008006a8c        0xc zephyr/drivers/pwm/libdrivers__pwm.a(pwm_stm32.c.obj)
 .rodata.ch2ll  0x0000000008006a98       0x10 zephyr/drivers/pwm/libdrivers__pwm.a(pwm_stm32.c.obj)
 .rodata.reset_stm32_config
                0x0000000008006aa8        0x4 zephyr/drivers/reset/libdrivers__reset.a(reset_stm32.c.obj)
 .rodata.reset_stm32_driver_api
                0x0000000008006aac       0x10 zephyr/drivers/reset/libdrivers__reset.a(reset_stm32.c.obj)
 .rodata.uart_stm32_cfg_1
                0x0000000008006abc       0x24 zephyr/drivers/serial/libdrivers__serial.a(uart_stm32.c.obj)
 .rodata.pclken_1
                0x0000000008006ae0        0x8 zephyr/drivers/serial/libdrivers__serial.a(uart_stm32.c.obj)
 .rodata.__pinctrl_dev_config__device_dts_ord_79
                0x0000000008006ae8        0x8 zephyr/drivers/serial/libdrivers__serial.a(uart_stm32.c.obj)
 .rodata.__pinctrl_states__device_dts_ord_79
                0x0000000008006af0        0x8 zephyr/drivers/serial/libdrivers__serial.a(uart_stm32.c.obj)
 .rodata.__pinctrl_state_pins_0__device_dts_ord_79
                0x0000000008006af8       0x10 zephyr/drivers/serial/libdrivers__serial.a(uart_stm32.c.obj)
 .rodata.uart_stm32_cfg_0
                0x0000000008006b08       0x24 zephyr/drivers/serial/libdrivers__serial.a(uart_stm32.c.obj)
 .rodata.pclken_0
                0x0000000008006b2c        0x8 zephyr/drivers/serial/libdrivers__serial.a(uart_stm32.c.obj)
 .rodata.__pinctrl_dev_config__device_dts_ord_85
                0x0000000008006b34        0x8 zephyr/drivers/serial/libdrivers__serial.a(uart_stm32.c.obj)
 .rodata.__pinctrl_states__device_dts_ord_85
                0x0000000008006b3c        0x8 zephyr/drivers/serial/libdrivers__serial.a(uart_stm32.c.obj)
 .rodata.__pinctrl_state_pins_0__device_dts_ord_85
                0x0000000008006b44       0x10 zephyr/drivers/serial/libdrivers__serial.a(uart_stm32.c.obj)
 .rodata.uart_stm32_driver_api
                0x0000000008006b54       0x14 zephyr/drivers/serial/libdrivers__serial.a(uart_stm32.c.obj)
 .rodata.CSWTCH.486
                0x0000000008006b68       0x14 zephyr/kernel/libkernel.a(fatal.c.obj)
 .rodata.levels.0
                0x0000000008006b7c       0x18 zephyr/kernel/libkernel.a(init.c.obj)
 .rodata._ctype_
                0x0000000008006b94      0x101 /Users/juliafaubus/zephyr-sdk-0.17.4/arm-zephyr-eabi/arm-zephyr-eabi/lib/thumb/v7e-m/nofp/libc.a(lib_a-ctype_.o)
                0x0000000008006b94                _ctype_
 *fill*         0x0000000008006c95        0x1 
 .rodata.CSWTCH.527
                0x0000000008006c96        0x6 zephyr/drivers/serial/libdrivers__serial.a(uart_stm32.c.obj)
 .rodata.set_pin.str1.1
                0x0000000008006c9c       0x1f app/libapp.a(flashingtest.c.obj)
 .rodata.main.str1.1
                0x0000000008006cbb       0xc0 app/libapp.a(flashingtest.c.obj)
 .rodata.cbprintf_package_convert.str1.1
                0x0000000008006d7b       0xa3 zephyr/libzephyr.a(cbprintf_packaged.c.obj)
 .rodata.str1.1
                0x0000000008006e1e       0x11 zephyr/libzephyr.a(cbprintf_packaged.c.obj)
 .rodata.z_cbvprintf_impl.str1.1
                0x0000000008006e2f        0x6 zephyr/libzephyr.a(cbprintf_complete.c.obj)
 .rodata.enable_logger.str1.1
                0x0000000008006e35        0x8 zephyr/libzephyr.a(log_core.c.obj)
 .rodata.str1.1
                0x0000000008006e3d        0x4 zephyr/libzephyr.a(log_core.c.obj)
 .rodata.str1.1
                0x0000000008006e41        0x9 zephyr/libzephyr.a(log_mgmt.c.obj)
 .rodata.z_impl_z_log_msg_static_create.str1.1
                0x0000000008006e4a       0x3f zephyr/libzephyr.a(log_msg.c.obj)
 .rodata.z_log_msg_runtime_vcreate.str1.1
                0x0000000008006e89       0x38 zephyr/libzephyr.a(log_msg.c.obj)
 .rodata.newline_print.str1.1
                0x0000000008006ec1        0x3 zephyr/libzephyr.a(log_output.c.obj)
                                          0x5 (size before relaxing)
 .rodata.log_output_process.str1.1
                0x0000000008006ec4       0x4f zephyr/libzephyr.a(log_output.c.obj)
                                         0x51 (size before relaxing)
 .rodata.log_output_dropped_process.str1.1
                0x0000000008006f13       0x4f zephyr/libzephyr.a(log_output.c.obj)
                                          0x3 (size before relaxing)
 .rodata.postfix.0
                0x0000000008006f13       0x1c zephyr/libzephyr.a(log_output.c.obj)
 .rodata.prefix.1
                0x0000000008006f2f        0xc zephyr/libzephyr.a(log_output.c.obj)
 .rodata.str1.1
                0x0000000008006f3b       0x20 zephyr/libzephyr.a(log_output.c.obj)
 .rodata.str1.1
                0x0000000008006f5b       0x1a zephyr/libzephyr.a(log_backend_uart.c.obj)
 .rodata.z_arm_fatal_error.str1.1
                0x0000000008006f75       0xae zephyr/arch/arch/arm/core/libarch__arm__core.a(fatal.c.obj)
 .rodata.bus_fault.constprop.0.str1.1
                0x0000000008007023       0xca zephyr/arch/arch/arm/core/cortex_m/libarch__arm__core__cortex_m.a(fault.c.obj)
 .rodata.usage_fault.constprop.0.str1.1
                0x00000000080070ed       0xcd zephyr/arch/arch/arm/core/cortex_m/libarch__arm__core__cortex_m.a(fault.c.obj)
 .rodata.mem_manage_fault.str1.1
                0x00000000080071ba       0x96 zephyr/arch/arch/arm/core/cortex_m/libarch__arm__core__cortex_m.a(fault.c.obj)
 .rodata.z_arm_fault.str1.1
                0x0000000008007250      0x111 zephyr/arch/arch/arm/core/cortex_m/libarch__arm__core__cortex_m.a(fault.c.obj)
 .rodata.str1.1
                0x0000000008007361        0x4 zephyr/arch/arch/arm/core/mpu/libarch__arm__core__mpu.a(arm_core_mpu.c.obj)
 .rodata.region_allocate_and_init.str1.1
                0x0000000008007365       0x26 zephyr/arch/arch/arm/core/mpu/libarch__arm__core__mpu.a(arm_mpu.c.obj)
 .rodata.mpu_configure_regions.str1.1
                0x000000000800738b       0x23 zephyr/arch/arch/arm/core/mpu/libarch__arm__core__mpu.a(arm_mpu.c.obj)
 .rodata.str1.1
                0x00000000080073ae        0xf zephyr/arch/arch/arm/core/mpu/libarch__arm__core__mpu.a(arm_mpu_regions.c.obj)
 .rodata.line_range_6.0
                0x00000000080073bd        0x2 zephyr/drivers/interrupt_controller/libdrivers__interrupt_controller.a(intc_exti_stm32.c.obj)
 .rodata.line_range_5.1
                0x00000000080073bf        0x2 zephyr/drivers/interrupt_controller/libdrivers__interrupt_controller.a(intc_exti_stm32.c.obj)
 .rodata.line_range_4.2
                0x00000000080073c1        0x2 zephyr/drivers/interrupt_controller/libdrivers__interrupt_controller.a(intc_exti_stm32.c.obj)
 .rodata.line_range_3.3
                0x00000000080073c3        0x2 zephyr/drivers/interrupt_controller/libdrivers__interrupt_controller.a(intc_exti_stm32.c.obj)
 .rodata.line_range_2.4
                0x00000000080073c5        0x2 zephyr/drivers/interrupt_controller/libdrivers__interrupt_controller.a(intc_exti_stm32.c.obj)
 .rodata.line_range_1.5
                0x00000000080073c7        0x2 zephyr/drivers/interrupt_controller/libdrivers__interrupt_controller.a(intc_exti_stm32.c.obj)
 .rodata.line_range_0.6
                0x00000000080073c9        0x2 zephyr/drivers/interrupt_controller/libdrivers__interrupt_controller.a(intc_exti_stm32.c.obj)
 .rodata.str1.1
                0x00000000080073cb       0x1e zephyr/drivers/interrupt_controller/libdrivers__interrupt_controller.a(intc_exti_stm32.c.obj)
 .rodata.str1.1
                0x00000000080073e9        0xd zephyr/drivers/clock_control/libdrivers__clock_control.a(clock_stm32_ll_common.c.obj)
 .rodata.str1.1
                0x00000000080073f6       0x70 zephyr/drivers/gpio/libdrivers__gpio.a(gpio_stm32.c.obj)
                                         0x76 (size before relaxing)
 .rodata.pwm_stm32_set_cycles.str1.1
                0x0000000008007466       0x66 zephyr/drivers/pwm/libdrivers__pwm.a(pwm_stm32.c.obj)
 .rodata.pwm_stm32_init.str1.1
                0x00000000080074cc       0x9a zephyr/drivers/pwm/libdrivers__pwm.a(pwm_stm32.c.obj)
 .rodata.str1.1
                0x0000000008007566        0xe zephyr/drivers/pwm/libdrivers__pwm.a(pwm_stm32.c.obj)
 .rodata.SHIFT_TAB_CCxP
                0x0000000008007574        0x7 zephyr/drivers/pwm/libdrivers__pwm.a(pwm_stm32.c.obj)
 .rodata.SHIFT_TAB_OCxx
                0x000000000800757b        0x7 zephyr/drivers/pwm/libdrivers__pwm.a(pwm_stm32.c.obj)
 .rodata.OFFSET_TAB_CCMRx
                0x0000000008007582        0x7 zephyr/drivers/pwm/libdrivers__pwm.a(pwm_stm32.c.obj)
 .rodata.str1.1
                0x0000000008007589       0x11 zephyr/drivers/reset/libdrivers__reset.a(reset_stm32.c.obj)
 .rodata.uart_stm32_set_baudrate.part.0.str1.1
                0x000000000800759a       0x2e zephyr/drivers/serial/libdrivers__serial.a(uart_stm32.c.obj)
 .rodata.uart_stm32_init.str1.1
                0x00000000080075c8       0x3b zephyr/drivers/serial/libdrivers__serial.a(uart_stm32.c.obj)
                                         0x5a (size before relaxing)
 .rodata.str1.1
                0x0000000008007603       0x2b zephyr/drivers/serial/libdrivers__serial.a(uart_stm32.c.obj)
 .rodata.APBPrescTable
                0x000000000800762e        0x8 modules/stm32/stm32cube/lib..__modules__hal__stm32__stm32cube.a(system_stm32f4xx.c.obj)
                0x000000000800762e                APBPrescTable
 .rodata.AHBPrescTable
                0x0000000008007636       0x10 modules/stm32/stm32cube/lib..__modules__hal__stm32__stm32cube.a(system_stm32f4xx.c.obj)
                0x0000000008007636                AHBPrescTable
 .rodata.k_sys_fatal_error_handler.str1.1
                0x0000000008007646        0xf zephyr/kernel/libkernel.a(fatal.c.obj)
 .rodata.z_fatal_error.str1.1
                0x0000000008007655       0x77 zephyr/kernel/libkernel.a(fatal.c.obj)
 .rodata.str1.1
                0x00000000080076cc       0x4a zephyr/kernel/libkernel.a(fatal.c.obj)
 .rodata.z_cstart.str1.1
                0x0000000008007716        0x5 zephyr/kernel/libkernel.a(init.c.obj)
 .rodata.str1.1
                0x000000000800771b        0x3 zephyr/kernel/libkernel.a(init.c.obj)
 .rodata.boot_banner.str1.1
                0x000000000800771e       0x28 zephyr/kernel/libkernel.a(banner.c.obj)
 *(SORT_BY_ALIGNMENT(.gnu.linkonce.r.*))
                0x0000000008007748                . = ALIGN (0x4)
 *fill*         0x0000000008007746        0x2 
                0x0000000008007748                __rodata_region_end = .
                0x0000000008007760                . = ALIGN (_region_min_align)
                0x0000000008008000                . = ALIGN ((0x1 << LOG2CEIL ((__rodata_region_end - ADDR (rom_start)))))
                0x0000000008008000                __rom_region_end = ((__rom_region_start + .) - ADDR (rom_start))

/DISCARD/
 *(SORT_BY_ALIGNMENT(.got.plt))
 *(SORT_BY_ALIGNMENT(.igot.plt))
 *(SORT_BY_ALIGNMENT(.got))
 *(SORT_BY_ALIGNMENT(.igot))
                0x0000000020000000                . = 0x20000000
                0x0000000020000000                . = ALIGN (_region_min_align)
                0x0000000020000000                _image_ram_start = .

.ramfunc        0x0000000020000000        0x0 load address 0x0000000008007748
                0x0000000020000000                . = ALIGN (_region_min_align)
                0x0000000020000000                . = ALIGN ((0x1 << LOG2CEIL (__ramfunc_size)))
                0x0000000020000000                __ramfunc_start = .
 *(SORT_BY_ALIGNMENT(.ramfunc))
 *(SORT_BY_ALIGNMENT(.ramfunc.*))
                0x0000000020000000                . = ALIGN (_region_min_align)
                0x0000000020000000                . = ALIGN ((0x1 << LOG2CEIL (__ramfunc_size)))
                0x0000000020000000                __ramfunc_end = .
                0x0000000000000000                __ramfunc_size = (__ramfunc_end - __ramfunc_start)
                0x0000000008007748                __ramfunc_load_start = LOADADDR (.ramfunc)

datas           0x0000000020000000       0x60 load address 0x0000000008007748
                0x0000000020000000                __data_region_start = .
                0x0000000020000000                __data_start = .
 *(SORT_BY_ALIGNMENT(.data))
 *(SORT_BY_ALIGNMENT(.data.*))
 .data._char_out
                0x0000000020000000        0x4 zephyr/libzephyr.a(printk.c.obj)
                0x0000000020000000                _char_out
 .data.timestamp_func
                0x0000000020000004        0x4 zephyr/libzephyr.a(log_core.c.obj)
 .data.backend_cb_log_backend_uart
                0x0000000020000008        0x8 zephyr/libzephyr.a(log_backend_uart.c.obj)
 .data.handler  0x0000000020000010        0x4 zephyr/arch/arch/arm/core/libarch__arm__core.a(nmi.c.obj)
 .data._stdout_hook
                0x0000000020000014        0x4 zephyr/lib/libc/newlib/liblib__libc__newlib.a(libc-hooks.c.obj)
 .data.pwm_stm32_data_0
                0x0000000020000018        0xc zephyr/drivers/pwm/libdrivers__pwm.a(pwm_stm32.c.obj)
 .data.uart_stm32_data_1
                0x0000000020000024        0x8 zephyr/drivers/serial/libdrivers__serial.a(uart_stm32.c.obj)
 .data.uart_cfg_1
                0x000000002000002c        0x8 zephyr/drivers/serial/libdrivers__serial.a(uart_stm32.c.obj)
 .data.uart_stm32_data_0
                0x0000000020000034        0x8 zephyr/drivers/serial/libdrivers__serial.a(uart_stm32.c.obj)
 .data.uart_cfg_0
                0x000000002000003c        0x8 zephyr/drivers/serial/libdrivers__serial.a(uart_stm32.c.obj)
 .data.SystemCoreClock
                0x0000000020000044        0x4 modules/stm32/stm32cube/lib..__modules__hal__stm32__stm32cube.a(system_stm32f4xx.c.obj)
                0x0000000020000044                SystemCoreClock
 .data.timeout_list
                0x0000000020000048        0x8 zephyr/kernel/libkernel.a(timeout.c.obj)
 .data.exti_irq_table
                0x0000000020000050       0x10 zephyr/drivers/interrupt_controller/libdrivers__interrupt_controller.a(intc_exti_stm32.c.obj)
 *(SORT_BY_ALIGNMENT(.kernel.*))
                0x0000000020000060                __data_end = .
                0x0000000000000060                __data_size = (__data_end - __data_start)
                0x0000000008007748                __data_load_start = LOADADDR (datas)
                0x0000000008007748                __data_region_load_start = LOADADDR (datas)

device_states   0x0000000020000060       0x1c load address 0x00000000080077a8
                0x0000000020000060                __device_states_start = .
 *(SORT_BY_ALIGNMENT(.z_devstate))
 .z_devstate    0x0000000020000060        0x2 zephyr/drivers/interrupt_controller/libdrivers__interrupt_controller.a(intc_exti_stm32.c.obj)
 .z_devstate    0x0000000020000062        0x2 zephyr/drivers/clock_control/libdrivers__clock_control.a(clock_stm32_ll_common.c.obj)
 .z_devstate    0x0000000020000064       0x10 zephyr/drivers/gpio/libdrivers__gpio.a(gpio_stm32.c.obj)
 .z_devstate    0x0000000020000074        0x2 zephyr/drivers/pwm/libdrivers__pwm.a(pwm_stm32.c.obj)
 .z_devstate    0x0000000020000076        0x2 zephyr/drivers/reset/libdrivers__reset.a(reset_stm32.c.obj)
 .z_devstate    0x0000000020000078        0x4 zephyr/drivers/serial/libdrivers__serial.a(uart_stm32.c.obj)
 *(SORT_BY_ALIGNMENT(.z_devstate.*))
                0x000000002000007c                __device_states_end = .

log_mpsc_pbuf_area
                0x000000002000007c       0x38 load address 0x00000000080077c4
                0x000000002000007c                _log_mpsc_pbuf_list_start = .
 *(SORT_BY_NAME(SORT_BY_ALIGNMENT(._log_mpsc_pbuf.static.*)))
 ._log_mpsc_pbuf.static.log_buffer_
                0x000000002000007c       0x38 zephyr/libzephyr.a(log_core.c.obj)
                0x00000000200000b4                _log_mpsc_pbuf_list_end = .

log_msg_ptr_area
                0x00000000200000b4        0x4 load address 0x00000000080077fc
                0x00000000200000b4                _log_msg_ptr_list_start = .
 *(SORT_BY_NAME(SORT_BY_ALIGNMENT(._log_msg_ptr.static.*)))
 ._log_msg_ptr.static.log_msg_ptr_
                0x00000000200000b4        0x4 zephyr/libzephyr.a(log_core.c.obj)
                0x00000000200000b8                _log_msg_ptr_list_end = .

log_dynamic_area
                0x00000000200000b8        0x0 load address 0x0000000008007800
                0x00000000200000b8                _log_dynamic_list_start = .
 *(SORT_BY_NAME(SORT_BY_ALIGNMENT(._log_dynamic.static.*)))
                0x00000000200000b8                _log_dynamic_list_end = .

k_timer_area    0x00000000200000b8        0x0 load address 0x0000000008007800
                0x00000000200000b8                _k_timer_list_start = .
 *(SORT_BY_NAME(SORT_BY_ALIGNMENT(._k_timer.static.*)))
                0x00000000200000b8                _k_timer_list_end = .

k_mem_slab_area
                0x00000000200000b8        0x0 load address 0x0000000008007800
                0x00000000200000b8                _k_mem_slab_list_start = .
 *(SORT_BY_NAME(SORT_BY_ALIGNMENT(._k_mem_slab.static.*)))
                0x00000000200000b8                _k_mem_slab_list_end = .

k_heap_area     0x00000000200000b8        0x0 load address 0x0000000008007800
                0x00000000200000b8                _k_heap_list_start = .
 *(SORT_BY_NAME(SORT_BY_ALIGNMENT(._k_heap.static.*)))
                0x00000000200000b8                _k_heap_list_end = .

k_mutex_area    0x00000000200000b8        0x0 load address 0x0000000008007800
                0x00000000200000b8                _k_mutex_list_start = .
 *(SORT_BY_NAME(SORT_BY_ALIGNMENT(._k_mutex.static.*)))
                0x00000000200000b8                _k_mutex_list_end = .

k_stack_area    0x00000000200000b8        0x0 load address 0x0000000008007800
                0x00000000200000b8                _k_stack_list_start = .
 *(SORT_BY_NAME(SORT_BY_ALIGNMENT(._k_stack.static.*)))
                0x00000000200000b8                _k_stack_list_end = .

k_msgq_area     0x00000000200000b8        0x0 load address 0x0000000008007800
                0x00000000200000b8                _k_msgq_list_start = .
 *(SORT_BY_NAME(SORT_BY_ALIGNMENT(._k_msgq.static.*)))
                0x00000000200000b8                _k_msgq_list_end = .

k_mbox_area     0x00000000200000b8        0x0 load address 0x0000000008007800
                0x00000000200000b8                _k_mbox_list_start = .
 *(SORT_BY_NAME(SORT_BY_ALIGNMENT(._k_mbox.static.*)))
                0x00000000200000b8                _k_mbox_list_end = .

k_pipe_area     0x00000000200000b8        0x0 load address 0x0000000008007800
                0x00000000200000b8                _k_pipe_list_start = .
 *(SORT_BY_NAME(SORT_BY_ALIGNMENT(._k_pipe.static.*)))
                0x00000000200000b8                _k_pipe_list_end = .

k_sem_area      0x00000000200000b8       0x10 load address 0x0000000008007800
                0x00000000200000b8                _k_sem_list_start = .
 *(SORT_BY_NAME(SORT_BY_ALIGNMENT(._k_sem.static.*)))
 ._k_sem.static.log_process_thread_sem_
                0x00000000200000b8       0x10 zephyr/libzephyr.a(log_core.c.obj)
                0x00000000200000b8                log_process_thread_sem
                0x00000000200000c8                _k_sem_list_end = .

k_event_area    0x00000000200000c8        0x0 load address 0x0000000008007810
                0x00000000200000c8                _k_event_list_start = .
 *(SORT_BY_NAME(SORT_BY_ALIGNMENT(._k_event.static.*)))
                0x00000000200000c8                _k_event_list_end = .

k_queue_area    0x00000000200000c8        0x0 load address 0x0000000008007810
                0x00000000200000c8                _k_queue_list_start = .
 *(SORT_BY_NAME(SORT_BY_ALIGNMENT(._k_queue.static.*)))
                0x00000000200000c8                _k_queue_list_end = .

k_fifo_area     0x00000000200000c8        0x0 load address 0x0000000008007810
                0x00000000200000c8                _k_fifo_list_start = .
 *(SORT_BY_NAME(SORT_BY_ALIGNMENT(._k_fifo.static.*)))
                0x00000000200000c8                _k_fifo_list_end = .

k_lifo_area     0x00000000200000c8        0x0 load address 0x0000000008007810
                0x00000000200000c8                _k_lifo_list_start = .
 *(SORT_BY_NAME(SORT_BY_ALIGNMENT(._k_lifo.static.*)))
                0x00000000200000c8                _k_lifo_list_end = .

k_condvar_area  0x00000000200000c8        0x0 load address 0x0000000008007810
                0x00000000200000c8                _k_condvar_list_start = .
 *(SORT_BY_NAME(SORT_BY_ALIGNMENT(._k_condvar.static.*)))
                0x00000000200000c8                _k_condvar_list_end = .

sys_mem_blocks_ptr_area
                0x00000000200000c8        0x0 load address 0x0000000008007810
                0x00000000200000c8                _sys_mem_blocks_ptr_list_start = .
 *(SORT_BY_NAME(SORT_BY_ALIGNMENT(._sys_mem_blocks_ptr.static.*)))
                0x00000000200000c8                _sys_mem_blocks_ptr_list_end = .

net_buf_pool_area
                0x00000000200000c8        0x0 load address 0x0000000008007810
                0x00000000200000c8                _net_buf_pool_list_start = .
 *(SORT_BY_NAME(SORT_BY_ALIGNMENT(._net_buf_pool.static.*)))
                0x00000000200000c8                _net_buf_pool_list_end = .
                0x00000000200000c8                __data_region_end = .

bss             0x00000000200000c8      0x7fa
                0x00000000200000c8                . = ALIGN (0x4)
                0x00000000200000c8                __bss_start = .
                0x00000000200000c8                __kernel_ram_start = .
 *(SORT_BY_ALIGNMENT(.bss))
 *(SORT_BY_ALIGNMENT(.bss.*))
 .bss.logging_thread
                0x00000000200000c8       0x80 zephyr/libzephyr.a(log_core.c.obj)
                0x00000000200000c8                logging_thread
 .bss.buf32     0x0000000020000148      0x400 zephyr/libzephyr.a(log_core.c.obj)
 .bss.last_failure_report