Archive member included to satisfy reference by file (symbol)

app/libapp.a(heating.c.obj)   (--whole-archive)
zephyr/libzephyr.a(heap.c.obj)
                              (--whole-archive)
zephyr/libzephyr.a(cbprintf_packaged.c.obj)
                              (--whole-archive)
zephyr/libzephyr.a(printk.c.obj)
                              (--whole-archive)
zephyr/libzephyr.a(sem.c.obj)
                              (--whole-archive)
zephyr/libzephyr.a(thread_entry.c.obj)
                              (--whole-archive)
zephyr/libzephyr.a(cbprintf_complete.c.obj)
                              (--whole-archive)
zephyr/libzephyr.a(cbprintf.c.obj)
                              (--whole-archive)
zephyr/libzephyr.a(assert.c.obj)
                              (--whole-archive)
zephyr/libzephyr.a(mpsc_pbuf.c.obj)
                              (--whole-archive)
zephyr/libzephyr.a(reboot.c.obj)
                              (--whole-archive)
zephyr/libzephyr.a(dec.c.obj)
                              (--whole-archive)
zephyr/libzephyr.a(hex.c.obj)
                              (--whole-archive)
zephyr/libzephyr.a(rb.c.obj)  (--whole-archive)
zephyr/libzephyr.a(timeutil.c.obj)
                              (--whole-archive)
zephyr/libzephyr.a(bitarray.c.obj)
                              (--whole-archive)
zephyr/libzephyr.a(configs.c.obj)
                              (--whole-archive)
zephyr/libzephyr.a(stm32cube_hal.c.obj)
                              (--whole-archive)
zephyr/libzephyr.a(soc_config.c.obj)
                              (--whole-archive)
zephyr/libzephyr.a(soc.c.obj)
                              (--whole-archive)
zephyr/libzephyr.a(log_core.c.obj)
                              (--whole-archive)
zephyr/libzephyr.a(log_mgmt.c.obj)
                              (--whole-archive)
zephyr/libzephyr.a(log_cache.c.obj)
                              (--whole-archive)
zephyr/libzephyr.a(log_msg.c.obj)
                              (--whole-archive)
zephyr/libzephyr.a(log_output.c.obj)
                              (--whole-archive)
zephyr/libzephyr.a(log_backend_uart.c.obj)
                              (--whole-archive)
zephyr/libzephyr.a(mem_attr.c.obj)
                              (--whole-archive)
zephyr/libzephyr.a(tracing_none.c.obj)
                              (--whole-archive)
zephyr/arch/common/libarch__common.a(sw_isr_common.c.obj)
                              (--whole-archive)
zephyr/arch/arch/arm/core/libarch__arm__core.a(fatal.c.obj)
                              (--whole-archive)
zephyr/arch/arch/arm/core/libarch__arm__core.a(nmi.c.obj)
                              (--whole-archive)
zephyr/arch/arch/arm/core/libarch__arm__core.a(nmi_on_reset.S.obj)
                              (--whole-archive)
zephyr/arch/arch/arm/core/cortex_m/libarch__arm__core__cortex_m.a(exc_exit.c.obj)
                              (--whole-archive)
zephyr/arch/arch/arm/core/cortex_m/libarch__arm__core__cortex_m.a(fault.c.obj)
                              (--whole-archive)
zephyr/arch/arch/arm/core/cortex_m/libarch__arm__core__cortex_m.a(fault_s.S.obj)
                              (--whole-archive)
zephyr/arch/arch/arm/core/cortex_m/libarch__arm__core__cortex_m.a(fpu.c.obj)
                              (--whole-archive)
zephyr/arch/arch/arm/core/cortex_m/libarch__arm__core__cortex_m.a(reset.S.obj)
                              (--whole-archive)
zephyr/arch/arch/arm/core/cortex_m/libarch__arm__core__cortex_m.a(scb.c.obj)
                              (--whole-archive)
zephyr/arch/arch/arm/core/cortex_m/libarch__arm__core__cortex_m.a(thread_abort.c.obj)
                              (--whole-archive)
zephyr/arch/arch/arm/core/cortex_m/libarch__arm__core__cortex_m.a(vector_table.S.obj)
                              (--whole-archive)
zephyr/arch/arch/arm/core/cortex_m/libarch__arm__core__cortex_m.a(swap.c.obj)
                              (--whole-archive)
zephyr/arch/arch/arm/core/cortex_m/libarch__arm__core__cortex_m.a(swap_helper.S.obj)
                              (--whole-archive)
zephyr/arch/arch/arm/core/cortex_m/libarch__arm__core__cortex_m.a(irq_manage.c.obj)
                              (--whole-archive)
zephyr/arch/arch/arm/core/cortex_m/libarch__arm__core__cortex_m.a(prep_c.c.obj)
                              (--whole-archive)
zephyr/arch/arch/arm/core/cortex_m/libarch__arm__core__cortex_m.a(thread.c.obj)
                              (--whole-archive)
zephyr/arch/arch/arm/core/cortex_m/libarch__arm__core__cortex_m.a(cpu_idle.c.obj)
                              (--whole-archive)
zephyr/arch/arch/arm/core/cortex_m/libarch__arm__core__cortex_m.a(irq_init.c.obj)
                              (--whole-archive)
zephyr/arch/arch/arm/core/cortex_m/libarch__arm__core__cortex_m.a(isr_wrapper.c.obj)
                              (--whole-archive)
zephyr/arch/arch/arm/core/mpu/libarch__arm__core__mpu.a(arm_core_mpu.c.obj)
                              (--whole-archive)
[...]
Memory Configuration

Name             Origin             Length             Attributes
FLASH            0x0000000008000000 0x0000000000080000 xr
RAM              0x0000000020000000 0x0000000000020000 xw
BACKUP_SRAM      0x0000000040024000 0x0000000000001000
IDT_LIST         0x00000000ffff7fff 0x0000000000008000 xw
*default*        0x0000000000000000 0xffffffffffffffff

Linker script and memory map

LOAD zephyr/CMakeFiles/zephyr_final.dir/misc/empty_file.c.obj
LOAD zephyr/CMakeFiles/zephyr_final.dir/isr_tables.c.obj
LOAD zephyr/CMakeFiles/offsets.dir/./arch/arm/core/offsets/offsets.c.obj
LOAD app/libapp.a
LOAD zephyr/libzephyr.a
LOAD zephyr/arch/common/libarch__common.a
LOAD zephyr/arch/arch/arm/core/libarch__arm__core.a
LOAD zephyr/arch/arch/arm/core/cortex_m/libarch__arm__core__cortex_m.a
LOAD zephyr/arch/arch/arm/core/mpu/libarch__arm__core__mpu.a
LOAD zephyr/lib/libc/newlib/liblib__libc__newlib.a
LOAD zephyr/lib/libc/common/liblib__libc__common.a
LOAD zephyr/drivers/interrupt_controller/libdrivers__interrupt_controller.a
LOAD zephyr/drivers/adc/libdrivers__adc.a
LOAD zephyr/drivers/clock_control/libdrivers__clock_control.a
LOAD zephyr/drivers/console/libdrivers__console.a
LOAD zephyr/drivers/gpio/libdrivers__gpio.a
LOAD zephyr/drivers/pinctrl/libdrivers__pinctrl.a
LOAD zephyr/drivers/pwm/libdrivers__pwm.a
LOAD zephyr/drivers/reset/libdrivers__reset.a
LOAD zephyr/drivers/serial/libdrivers__serial.a
LOAD zephyr/drivers/timer/libdrivers__timer.a
LOAD modules/stm32/stm32cube/lib..__modules__hal__stm32__stm32cube.a
LOAD zephyr/kernel/libkernel.a
LOAD /Users/juliafaubus/zephyr-sdk-0.17.4/arm-zephyr-eabi/bin/../lib/gcc/arm-zephyr-eabi/12.2.0/thumb/v7e-m/nofp/libgcc.a
LOAD zephyr/arch/common/libisr_tables.a
LOAD /Users/juliafaubus/zephyr-sdk-0.17.4/arm-zephyr-eabi/arm-zephyr-eabi/lib/thumb/v7e-m/nofp/libm.a
LOAD /Users/juliafaubus/zephyr-sdk-0.17.4/arm-zephyr-eabi/arm-zephyr-eabi/lib/thumb/v7e-m/nofp/libc.a
LOAD /Users/juliafaubus/zephyr-sdk-0.17.4/arm-zephyr-eabi/bin/../lib/gcc/arm-zephyr-eabi/12.2.0/thumb/v7e-m/nofp/libgcc.a
LOAD /Users/juliafaubus/zephyr-sdk-0.17.4/arm-zephyr-eabi/arm-zephyr-eabi/lib/thumb/v7e-m/nofp/libc.a
                0x0000000000000020                _region_min_align = 0x20

.rel.plt        0x0000000008000000        0x0
 *(SORT_BY_ALIGNMENT(.rel.plt))
                [!provide]                        PROVIDE (__rel_iplt_start = .)
 *(SORT_BY_ALIGNMENT(.rel.iplt))
 .rel.iplt      0x0000000008000000        0x0 zephyr/CMakeFiles/zephyr_final.dir/isr_tables.c.obj
                [!provide]                        PROVIDE (__rel_iplt_end = .)

.rela.plt       0x0000000000000000        0x0
 *(SORT_BY_ALIGNMENT(.rela.plt))
                [!provide]                        PROVIDE (__rela_iplt_start = .)
 *(SORT_BY_ALIGNMENT(.rela.iplt))
                [!provide]                        PROVIDE (__rela_iplt_end = .)

.rel.dyn
 *(SORT_BY_ALIGNMENT(.rel.*))

.rela.dyn
 *(SORT_BY_ALIGNMENT(.rela.*))

/DISCARD/
 *(SORT_BY_ALIGNMENT(.plt))

/DISCARD/
 *(SORT_BY_ALIGNMENT(.iplt))
                0x0000000008000000                __rom_region_start = 0x8000000

rom_start       0x0000000008000000      0x1c4
                0x0000000008000000                __rom_start_address = .
 FILL mask 0x00
                0x0000000008000000                . = (. + (0x0 - (. - __rom_start_address)))
                0x0000000008000000                . = ALIGN (0x4)
                0x0000000008000000                . = ALIGN (0x80)
                0x0000000008000000                . = ALIGN (0x200)
                0x0000000008000000                _vector_start = .
 *(SORT_BY_ALIGNMENT(.exc_vector_table))
 *(SORT_BY_ALIGNMENT(.exc_vector_table.*))
 .exc_vector_table._vector_table_section
                0x0000000008000000       0x40 zephyr/arch/arch/arm/core/cortex_m/libarch__arm__core__cortex_m.a(vector_table.S.obj)
                0x0000000008000000                _vector_table
 *(SORT_BY_ALIGNMENT(.vectors))
                0x00000000080001c4                _vector_end = .
                0x0000000008000040                . = ALIGN (0x4)
 *(SORT_BY_ALIGNMENT(.gnu.linkonce.irq_vector_table*))
 .gnu.linkonce.irq_vector_table
                0x0000000008000040      0x184 zephyr/CMakeFiles/zephyr_final.dir/isr_tables.c.obj
                0x0000000008000040                _irq_vector_table
                0x00000000080001c4                _vector_end = .

text            0x0000000008000200     0x691c
                0x0000000008000200                __text_region_start = .
 *(SORT_BY_ALIGNMENT(.text))
 .text          0x0000000008000200       0xdc /Users/juliafaubus/zephyr-sdk-0.17.4/arm-zephyr-eabi/arm-zephyr-eabi/lib/thumb/v7e-m/nofp/libc.a(lib_a-strlen.o)
                0x0000000008000200                strlen
 .text          0x00000000080002dc      0x110 /Users/juliafaubus/zephyr-sdk-0.17.4/arm-zephyr-eabi/bin/../lib/gcc/arm-zephyr-eabi/12.2.0/thumb/v7e-m/nofp/libgcc.a(_arm_cmpdf2.o)
                0x00000000080002dc                __gedf2
                0x00000000080002dc                __gtdf2
                0x00000000080002e4                __ledf2
                0x00000000080002e4                __ltdf2
                0x00000000080002ec                __cmpdf2
                0x00000000080002ec                __eqdf2
                0x00000000080002ec                __nedf2
                0x0000000008000368                __aeabi_cdrcmple
                0x0000000008000378                __aeabi_cdcmple
                0x0000000008000378                __aeabi_cdcmpeq
                0x0000000008000388                __aeabi_dcmpeq
                0x000000000800039c                __aeabi_dcmplt
                0x00000000080003b0                __aeabi_dcmple
                0x00000000080003c4                __aeabi_dcmpge
                0x00000000080003d8                __aeabi_dcmpgt
 .text          0x00000000080003ec       0x30 /Users/juliafaubus/zephyr-sdk-0.17.4/arm-zephyr-eabi/bin/../lib/gcc/arm-zephyr-eabi/12.2.0/thumb/v7e-m/nofp/libgcc.a(_aeabi_uldivmod.o)
                0x00000000080003ec                __aeabi_uldivmod
 .text          0x000000000800041c        0x4 /Users/juliafaubus/zephyr-sdk-0.17.4/arm-zephyr-eabi/bin/../lib/gcc/arm-zephyr-eabi/12.2.0/thumb/v7e-m/nofp/libgcc.a(_dvmd_tls.o)
                0x000000000800041c                __aeabi_ldiv0
                0x000000000800041c                __aeabi_idiv0
 .text          0x0000000008000420      0x134 /Users/juliafaubus/zephyr-sdk-0.17.4/arm-zephyr-eabi/arm-zephyr-eabi/lib/thumb/v7e-m/nofp/libc.a(lib_a-memcpy.o)
                0x0000000008000420                memcpy
 .text          0x0000000008000554       0x26 /Users/juliafaubus/zephyr-sdk-0.17.4/arm-zephyr-eabi/bin/../lib/gcc/arm-zephyr-eabi/12.2.0/thumb/v7e-m/nofp/libgcc.a(_popcountsi2.o)
                0x0000000008000554                __popcountsi2
 .text          0x000000000800057a      0x2a0 /Users/juliafaubus/zephyr-sdk-0.17.4/arm-zephyr-eabi/bin/../lib/gcc/arm-zephyr-eabi/12.2.0/thumb/v7e-m/nofp/libgcc.a(_udivmoddi4.o)
                0x000000000800057a                __udivmoddi4
 *(SORT_BY_ALIGNMENT(.text.*))
 *fill*         0x000000000800081a        0x2 
 .text.gpio_pin_set_dt.constprop.0.isra.0
                0x000000000800081c       0x28 app/libapp.a(heating.c.obj)
 .text.read_thermistor_temp
                0x0000000008000844       0x88 app/libapp.a(heating.c.obj)
                0x0000000008000844                read_thermistor_temp
 .text.temp_safety_thread
                0x00000000080008cc       0x40 app/libapp.a(heating.c.obj)
                0x00000000080008cc                temp_safety_thread
 .text.main     0x000000000800090c       0xc0 app/libapp.a(heating.c.obj)
                0x000000000800090c                main
 .text.cbvprintf_package
                0x00000000080009cc      0x3a4 zephyr/libzephyr.a(cbprintf_packaged.c.obj)
                0x00000000080009cc                cbvprintf_package
 .text.cbprintf_package_convert
                0x0000000008000d70      0x3c0 zephyr/libzephyr.a(cbprintf_packaged.c.obj)
                0x0000000008000d70                cbprintf_package_convert
 .text.__printk_hook_install
                0x0000000008001130        0xc zephyr/libzephyr.a(printk.c.obj)
                0x0000000008001130                __printk_hook_install
 .text.vsnprintk
                0x000000000800113c       0x2c zephyr/libzephyr.a(printk.c.obj)
                0x000000000800113c                vsnprintk
 .text.extract_decimal
                0x0000000008001168       0x2c zephyr/libzephyr.a(cbprintf_complete.c.obj)
 .text.encode_uint
                0x0000000008001194       0x9c zephyr/libzephyr.a(cbprintf_complete.c.obj)
 .text.z_cbvprintf_impl
                0x0000000008001230      0x76c zephyr/libzephyr.a(cbprintf_complete.c.obj)
                0x0000000008001230                z_cbvprintf_impl
 .text.st_stm32_common_config
                0x000000000800199c       0x14 zephyr/libzephyr.a(soc_config.c.obj)
 .text.st_stm32f4_init
                0x00000000080019b0       0x30 zephyr/libzephyr.a(soc.c.obj)
 .text.activate_foreach_backend
                0x00000000080019e0       0x64 zephyr/libzephyr.a(log_core.c.obj)
 .text.enable_logger
                0x0000000008001a44       0x5c zephyr/libzephyr.a(log_core.c.obj)
 .text.log_process_thread_timer_expiry_fn
                0x0000000008001aa0        0xc zephyr/libzephyr.a(log_core.c.obj)
 .text.z_log_init
                0x0000000008001aac       0x8c zephyr/libzephyr.a(log_core.c.obj)
 .text.log_format_func_t_get
                0x0000000008001b38        0xc zephyr/libzephyr.a(log_core.c.obj)
                0x0000000008001b38                log_format_func_t_get
 .text.log_set_timestamp_func
                0x0000000008001b44       0x20 zephyr/libzephyr.a(log_core.c.obj)
                0x0000000008001b44                log_set_timestamp_func
 .text.z_log_notify_backend_enabled
                0x0000000008001b64       0x1c zephyr/libzephyr.a(log_core.c.obj)
                0x0000000008001b64                z_log_notify_backend_enabled
 .text.z_log_dropped
                0x0000000008001b80       0x30 zephyr/libzephyr.a(log_core.c.obj)
                0x0000000008001b80                z_log_dropped
 .text.z_log_dropped_read_and_clear
                0x0000000008001bb0       0x20 zephyr/libzephyr.a(log_core.c.obj)
                0x0000000008001bb0                z_log_dropped_read_and_clear
 .text.dropped_notify
                0x0000000008001bd0       0x30 zephyr/libzephyr.a(log_core.c.obj)
                0x0000000008001bd0                dropped_notify
 .text.z_log_msg_init
                0x0000000008001c00       0x20 zephyr/libzephyr.a(log_core.c.obj)
                0x0000000008001c00                z_log_msg_init
 .text.log_core_init
                0x0000000008001c20       0x34 zephyr/libzephyr.a(log_core.c.obj)
                0x0000000008001c20                log_core_init
 .text.z_log_msg_alloc
                0x0000000008001c54       0x10 zephyr/libzephyr.a(log_core.c.obj)
                0x0000000008001c54                z_log_msg_alloc
 .text.z_log_msg_local_claim
                0x0000000008001c64        0xc zephyr/libzephyr.a(log_core.c.obj)
                0x0000000008001c64                z_log_msg_local_claim
 .text.z_log_msg_free
                0x0000000008001c70       0x10 zephyr/libzephyr.a(log_core.c.obj)
                0x0000000008001c70                z_log_msg_free
 .text.z_log_msg_pending
                0x0000000008001c80        0xc zephyr/libzephyr.a(log_core.c.obj)
                0x0000000008001c80                z_log_msg_pending
 .text.z_impl_log_process
                0x0000000008001c8c       0xb0 zephyr/libzephyr.a(log_core.c.obj)
                0x0000000008001c8c                z_impl_log_process
 .text.z_impl_log_panic
                0x0000000008001d3c       0x44 zephyr/libzephyr.a(log_core.c.obj)
                0x0000000008001d3c                z_impl_log_panic
 .text.log_process_thread_func
                0x0000000008001d80       0x9c zephyr/libzephyr.a(log_core.c.obj)
 .text.z_log_msg_post_finalize
                0x0000000008001e1c       0x78 zephyr/libzephyr.a(log_core.c.obj)
 .text.z_log_msg_commit
                0x0000000008001e94       0x24 zephyr/libzephyr.a(log_core.c.obj)
                0x0000000008001e94                z_log_msg_commit
 .text.log_source_name_get
                0x0000000008001eb8       0x1c zephyr/libzephyr.a(log_mgmt.c.obj)
                0x0000000008001eb8                log_source_name_get
 .text.log_backend_enable
                0x0000000008001ed4       0x28 zephyr/libzephyr.a(log_mgmt.c.obj)
                0x0000000008001ed4                log_backend_enable
 .text.z_impl_z_log_msg_static_create
                0x0000000008001efc      0x108 zephyr/libzephyr.a(log_msg.c.obj)
                0x0000000008001efc                z_impl_z_log_msg_static_create
 .text.z_log_msg_runtime_vcreate
                0x0000000008002004       0xa0 zephyr/libzephyr.a(log_msg.c.obj)
                0x0000000008002004                z_log_msg_runtime_vcreate
 .text.log_msg_get_source_id
                0x00000000080020a4       0x18 zephyr/libzephyr.a(log_msg.c.obj)
                0x00000000080020a4                log_msg_get_source_id
 .text.print_formatted
                0x00000000080020bc       0x24 zephyr/libzephyr.a(log_output.c.obj)
 .text.newline_print
                0x00000000080020e0       0x1c zephyr/libzephyr.a(log_output.c.obj)
 .text.log_output_process
                0x00000000080020fc      0x2dc zephyr/libzephyr.a(log_output.c.obj)
                0x00000000080020fc                log_output_process
 .text.log_output_dropped_process
                0x00000000080023d8       0x58 zephyr/libzephyr.a(log_output.c.obj)
                0x00000000080023d8                log_output_dropped_process
 .text.log_output_timestamp_freq_set
                0x0000000008002430       0x2c zephyr/libzephyr.a(log_output.c.obj)
                0x0000000008002430                log_output_timestamp_freq_set
 .text.char_out
                0x000000000800245c       0x24 zephyr/libzephyr.a(log_backend_uart.c.obj)
 .text.mem_attr_get_regions
                0x0000000008002480        0xc zephyr/libzephyr.a(mem_attr.c.obj)
                0x0000000008002480                mem_attr_get_regions
 .text.z_arm_fatal_error
                0x000000000800248c       0xb8 zephyr/arch/arch/arm/core/libarch__arm__core.a(fatal.c.obj)
                0x000000000800248c                z_arm_fatal_error
 .text.z_arm_nmi
                0x0000000008002544       0x14 zephyr/arch/arch/arm/core/libarch__arm__core.a(nmi.c.obj)
                0x0000000008002544                z_arm_nmi
 .text.z_SysNmiOnReset
                0x0000000008002558        0x8 zephyr/arch/arch/arm/core/libarch__arm__core.a(nmi_on_reset.S.obj)
                0x0000000008002558                z_SysNmiOnReset
 .text._HandlerModeExit
                0x0000000008002560       0x28 zephyr/arch/arch/arm/core/cortex_m/libarch__arm__core__cortex_m.a(exc_exit.c.obj)
                0x0000000008002560                z_arm_exc_exit
                0x0000000008002560                z_arm_int_exit
 .text.bus_fault.constprop.0
                0x0000000008002588       0xd0 zephyr/arch/arch/arm/core/cortex_m/libarch__arm__core__cortex_m.a(fault.c.obj)
 .text.usage_fault.constprop.0
                0x0000000008002658       0xa8 zephyr/arch/arch/arm/core/cortex_m/libarch__arm__core__cortex_m.a(fault.c.obj)
 .text.mem_manage_fault
                0x0000000008002700      0x104 zephyr/arch/arch/arm/core/cortex_m/libarch__arm__core__cortex_m.a(fault.c.obj)
 .text.z_arm_fault
                0x0000000008002804      0x1d4 zephyr/arch/arch/arm/core/cortex_m/libarch__arm__core__cortex_m.a(fault.c.obj)
                0x0000000008002804                z_arm_fault
 .text.z_arm_fault_init
                0x00000000080029d8       0x10 zephyr/arch/arch/arm/core/cortex_m/libarch__arm__core__cortex_m.a(fault.c.obj)
                0x00000000080029d8                z_arm_fault_init
 .text.__fault  0x00000000080029e8       0x14 zephyr/arch/arch/arm/core/cortex_m/libarch__arm__core__cortex_m.a(fault_s.S.obj)
                0x00000000080029e8                z_arm_bus_fault
                0x00000000080029e8                z_arm_usage_fault
                0x00000000080029e8                z_arm_mpu_fault
                0x00000000080029e8                z_arm_exc_spurious
                0x00000000080029e8                z_arm_debug_monitor
                0x00000000080029e8                z_arm_hard_fault
 .text._reset_section
                0x00000000080029fc       0x2c zephyr/arch/arch/arm/core/cortex_m/libarch__arm__core__cortex_m.a(reset.S.obj)
                0x00000000080029fc                z_arm_reset
                0x00000000080029fc                __start
 .text.z_impl_k_thread_abort
                0x0000000008002a28       0x2c zephyr/arch/arch/arm/core/cortex_m/libarch__arm__core__cortex_m.a(thread_abort.c.obj)
                0x0000000008002a28                z_impl_k_thread_abort
 .text.arch_swap
                0x0000000008002a54       0x30 zephyr/arch/arch/arm/core/cortex_m/libarch__arm__core__cortex_m.a(swap.c.obj)
                0x0000000008002a54                arch_swap
 .text.z_arm_pendsv_c
                0x0000000008002a84       0x40 zephyr/arch/arch/arm/core/cortex_m/libarch__arm__core__cortex_m.a(swap.c.obj)
                0x0000000008002a84                z_arm_pendsv_c
 .text.z_arm_pendsv
                0x0000000008002ac4       0x34 zephyr/arch/arch/arm/core/cortex_m/libarch__arm__core__cortex_m.a(swap_helper.S.obj)
                0x0000000008002ac4                z_arm_pendsv
 .text.z_arm_svc
                0x0000000008002af8       0x20 zephyr/arch/arch/arm/core/cortex_m/libarch__arm__core__cortex_m.a(swap_helper.S.obj)
                0x0000000008002af8                z_arm_svc
 .text.arch_irq_enable
                0x0000000008002b18       0x1c zephyr/arch/arch/arm/core/cortex_m/libarch__arm__core__cortex_m.a(irq_manage.c.obj)
                0x0000000008002b18                arch_irq_enable
 .text.z_arm_irq_priority_set
                0x0000000008002b34       0x30 zephyr/arch/arch/arm/core/cortex_m/libarch__arm__core__cortex_m.a(irq_manage.c.obj)
                0x0000000008002b34                z_arm_irq_priority_set
 .text.z_prep_c
                0x0000000008002b64       0x48 zephyr/arch/arch/arm/core/cortex_m/libarch__arm__core__cortex_m.a(prep_c.c.obj)
                0x0000000008002b64                z_prep_c
 .text.arch_new_thread
                0x0000000008002bac       0x38 zephyr/arch/arch/arm/core/cortex_m/libarch__arm__core__cortex_m.a(thread.c.obj)
                0x0000000008002bac                arch_new_thread
 .text.z_check_thread_stack_fail
                0x0000000008002be4       0x2c zephyr/arch/arch/arm/core/cortex_m/libarch__arm__core__cortex_m.a(thread.c.obj)
                0x0000000008002be4                z_check_thread_stack_fail
 .text.arch_switch_to_main_thread
                0x0000000008002c10       0x3c zephyr/arch/arch/arm/core/cortex_m/libarch__arm__core__cortex_m.a(thread.c.obj)
                0x0000000008002c10                arch_switch_to_main_thread
 .text.z_arm_cpu_idle_init
                0x0000000008002c4c        0xc zephyr/arch/arch/arm/core/cortex_m/libarch__arm__core__cortex_m.a(cpu_idle.c.obj)
                0x0000000008002c4c                z_arm_cpu_idle_init
 .text.z_arm_interrupt_init
                0x0000000008002c58       0x18 zephyr/arch/arch/arm/core/cortex_m/libarch__arm__core__cortex_m.a(irq_init.c.obj)
                0x0000000008002c58                z_arm_interrupt_init
 .text._isr_wrapper
                0x0000000008002c70       0x24 zephyr/arch/arch/arm/core/cortex_m/libarch__arm__core__cortex_m.a(isr_wrapper.c.obj)
                0x0000000008002c70                _isr_wrapper
 .text.z_arm_configure_static_mpu_regions
                0x0000000008002c94       0x18 zephyr/arch/arch/arm/core/mpu/libarch__arm__core__mpu.a(arm_core_mpu.c.obj)
                0x0000000008002c94                z_arm_configure_static_mpu_regions
 .text.z_arm_configure_dynamic_mpu_regions
                0x0000000008002cac       0x20 zephyr/arch/arch/arm/core/mpu/libarch__arm__core__mpu.a(arm_core_mpu.c.obj)
                0x0000000008002cac                z_arm_configure_dynamic_mpu_regions
 .text.region_allocate_and_init
                0x0000000008002ccc       0x54 zephyr/arch/arch/arm/core/mpu/libarch__arm__core__mpu.a(arm_mpu.c.obj)
 .text.mpu_configure_regions
                0x0000000008002d20       0x68 zephyr/arch/arch/arm/core/mpu/libarch__arm__core__mpu.a(arm_mpu.c.obj)
 .text.arm_core_mpu_enable
                0x0000000008002d88       0x18 zephyr/arch/arch/arm/core/mpu/libarch__arm__core__mpu.a(arm_mpu.c.obj)
                0x0000000008002d88                arm_core_mpu_enable
 .text.arm_core_mpu_disable
                0x0000000008002da0       0x14 zephyr/arch/arch/arm/core/mpu/libarch__arm__core__mpu.a(arm_mpu.c.obj)
                0x0000000008002da0                arm_core_mpu_disable
 .text.arm_core_mpu_configure_static_mpu_regions
                0x0000000008002db4       0x14 zephyr/arch/arch/arm/core/mpu/libarch__arm__core__mpu.a(arm_mpu.c.obj)
                0x0000000008002db4                arm_core_mpu_configure_static_mpu_regions
 .text.arm_core_mpu_configure_dynamic_mpu_regions
                0x0000000008002dc8       0x38 zephyr/arch/arch/arm/core/mpu/libarch__arm__core__mpu.a(arm_mpu.c.obj)
                0x0000000008002dc8                arm_core_mpu_configure_dynamic_mpu_regions
 .text.z_arm_mpu_init
                0x0000000008002e00      0x17c zephyr/arch/arch/arm/core/mpu/libarch__arm__core__mpu.a(arm_mpu.c.obj)
                0x0000000008002e00                z_arm_mpu_init
 .text.__stdout_hook_install
                0x0000000008002f7c        0xc zephyr/lib/libc/newlib/liblib__libc__newlib.a(libc-hooks.c.obj)
                0x0000000008002f7c                __stdout_hook_install
 .text.stm32_exti_isr
                0x0000000008002f88       0x4c zephyr/drivers/interrupt_controller/libdrivers__interrupt_controller.a(intc_exti_stm32.c.obj)
 .text.stm32_fill_irq_table
                0x0000000008002fd4       0x18 zephyr/drivers/interrupt_controller/libdrivers__interrupt_controller.a(intc_exti_stm32.c.obj)
 .text.stm32_exti_enable
                0x0000000008002fec       0x24 zephyr/drivers/interrupt_controller/libdrivers__interrupt_controller.a(intc_exti_stm32.c.obj)
                0x0000000008002fec                stm32_exti_enable
 .text.stm32_exti_disable
                0x0000000008003010       0x18 zephyr/drivers/interrupt_controller/libdrivers__interrupt_controller.a(intc_exti_stm32.c.obj)
                0x0000000008003010                stm32_exti_disable
 .text.stm32_exti_trigger
                0x0000000008003028       0x60 zephyr/drivers/interrupt_controller/libdrivers__interrupt_controller.a(intc_exti_stm32.c.obj)
                0x0000000008003028                stm32_exti_trigger
 .text.stm32_exti_set_callback
                0x0000000008003088       0x30 zephyr/drivers/interrupt_controller/libdrivers__interrupt_controller.a(intc_exti_stm32.c.obj)
                0x0000000008003088                stm32_exti_set_callback
 .text.stm32_exti_unset_callback
                0x00000000080030b8       0x14 zephyr/drivers/interrupt_controller/libdrivers__interrupt_controller.a(intc_exti_stm32.c.obj)
                0x00000000080030b8                stm32_exti_unset_callback
 .text.adc_gain_invert
                0x00000000080030cc       0x2c zephyr/drivers/adc/libdrivers__adc.a(adc_common.c.obj)
                0x00000000080030cc                adc_gain_invert
 .text.adc_stm32_channel_setup
                0x00000000080030f8      0x108 zephyr/drivers/adc/libdrivers__adc.a(adc_stm32.c.obj)
 .text.adc_stm32_read
                0x0000000008003200      0x2a8 zephyr/drivers/adc/libdrivers__adc.a(adc_stm32.c.obj)
 .text.adc_stm32_isr_18
                0x00000000080034a8       0xc8 zephyr/drivers/adc/libdrivers__adc.a(adc_stm32.c.obj)
 .text.adc_stm32_init
                0x0000000008003570       0xa4 zephyr/drivers/adc/libdrivers__adc.a(adc_stm32.c.obj)
 .text.stm32_clock_control_get_subsys_rate
                0x0000000008003614       0x80 zephyr/drivers/clock_control/libdrivers__clock_control.a(clock_stm32_ll_common.c.obj)
 .text.stm32_clock_control_init
                0x0000000008003694      0x11c zephyr/drivers/clock_control/libdrivers__clock_control.a(clock_stm32_ll_common.c.obj)
                0x0000000008003694                stm32_clock_control_init
 .text.get_pllsrc_frequency
                0x00000000080037b0        0x8 zephyr/drivers/clock_control/libdrivers__clock_control.a(clock_stm32f2_f4_f7.c.obj)
                0x00000000080037b0                get_pllsrc_frequency
 .text.config_pll_sysclock
                0x00000000080037b8       0x34 zephyr/drivers/clock_control/libdrivers__clock_control.a(clock_stm32f2_f4_f7.c.obj)
                0x00000000080037b8                config_pll_sysclock
 .text.config_enable_default_clocks
                0x00000000080037ec       0x20 zephyr/drivers/clock_control/libdrivers__clock_control.a(clock_stm32f2_f4_f7.c.obj)
                0x00000000080037ec                config_enable_default_clocks
 .text.uart_console_init
                0x000000000800380c       0x28 zephyr/drivers/console/libdrivers__console.a(uart_console.c.obj)
 .text.console_out
                0x0000000008003834       0x28 zephyr/drivers/console/libdrivers__console.a(uart_console.c.obj)
 .text.gpio_stm32_init
                0x000000000800385c       0x30 zephyr/drivers/gpio/libdrivers__gpio.a(gpio_stm32.c.obj)
 .text.gpio_stm32_pin_interrupt_configure
                0x000000000800388c      0x108 zephyr/drivers/gpio/libdrivers__gpio.a(gpio_stm32.c.obj)
 .text.pinctrl_configure_pins
                0x0000000008003994       0x84 zephyr/drivers/pinctrl/libdrivers__pinctrl.a(pinctrl_stm32.c.obj)
                0x0000000008003994                pinctrl_configure_pins
 .text.LL_TIM_OC_GetPolarity
                0x0000000008003a18       0x50 zephyr/drivers/pwm/libdrivers__pwm.a(pwm_stm32.c.obj)
 .text.pwm_stm32_set_cycles
                0x0000000008003a68      0x234 zephyr/drivers/pwm/libdrivers__pwm.a(pwm_stm32.c.obj)
 .text.pwm_stm32_init
                0x0000000008003c9c      0x124 zephyr/drivers/pwm/libdrivers__pwm.a(pwm_stm32.c.obj)
 .text.uart_stm32_set_baudrate.part.0
                0x0000000008003dc0       0x14 zephyr/drivers/serial/libdrivers__serial.a(uart_stm32.c.obj)
 .text.uart_stm32_parameters_set
                0x0000000008003dd4       0xf8 zephyr/drivers/serial/libdrivers__serial.a(uart_stm32.c.obj)
 .text.uart_stm32_init
                0x0000000008003ecc       0xd8 zephyr/drivers/serial/libdrivers__serial.a(uart_stm32.c.obj)
 .text.uart_stm32_configure
                0x0000000008003fa4      0x154 zephyr/drivers/serial/libdrivers__serial.a(uart_stm32.c.obj)
 .text.elapsed  0x00000000080040f8       0x4c zephyr/drivers/timer/libdrivers__timer.a(cortex_m_systick.c.obj)
 .text.sys_clock_driver_init
                0x0000000008004144       0x38 zephyr/drivers/timer/libdrivers__timer.a(cortex_m_systick.c.obj)
 .text.sys_clock_isr
                0x000000000800417c       0x54 zephyr/drivers/timer/libdrivers__timer.a(cortex_m_systick.c.obj)
                0x000000000800417c                sys_clock_isr
 .text.sys_clock_set_timeout
                0x00000000080041d0       0xf8 zephyr/drivers/timer/libdrivers__timer.a(cortex_m_systick.c.obj)
                0x00000000080041d0                sys_clock_set_timeout
 .text.sys_clock_elapsed
                0x00000000080042c8       0x3c zephyr/drivers/timer/libdrivers__timer.a(cortex_m_systick.c.obj)
                0x00000000080042c8                sys_clock_elapsed
 .text.HAL_RCC_GetSysClockFreq
                0x0000000008004304       0x90 modules/stm32/stm32cube/lib..__modules__hal__stm32__stm32cube.a(stm32f4xx_hal_rcc_ex.c.obj)
                0x0000000008004304                HAL_RCC_GetSysClockFreq
 .text.RCC_GetHCLKClockFreq
                0x0000000008004394       0x18 modules/stm32/stm32cube/lib..__modules__hal__stm32__stm32cube.a(stm32f4xx_ll_rcc.c.obj)
                0x0000000008004394                RCC_GetHCLKClockFreq
 .text.RCC_GetPCLK1ClockFreq
                0x00000000080043ac       0x18 modules/stm32/stm32cube/lib..__modules__hal__stm32__stm32cube.a(stm32f4xx_ll_rcc.c.obj)
                0x00000000080043ac                RCC_GetPCLK1ClockFreq
 .text.RCC_GetPCLK2ClockFreq
                0x00000000080043c4       0x18 modules/stm32/stm32cube/lib..__modules__hal__stm32__stm32cube.a(stm32f4xx_ll_rcc.c.obj)
                0x00000000080043c4                RCC_GetPCLK2ClockFreq
 .text.RCC_PLL_GetFreqDomain_SYS
                0x00000000080043dc       0x48 modules/stm32/stm32cube/lib..__modules__hal__stm32__stm32cube.a(stm32f4xx_ll_rcc.c.obj)
                0x00000000080043dc                RCC_PLL_GetFreqDomain_SYS
 .text.RCC_GetSystemClockFreq
                0x0000000008004424       0x30 modules/stm32/stm32cube/lib..__modules__hal__stm32__stm32cube.a(stm32f4xx_ll_rcc.c.obj)
                0x0000000008004424                RCC_GetSystemClockFreq
 .text.LL_TIM_Init
                0x0000000008004454       0xac modules/stm32/stm32cube/lib..__modules__hal__stm32__stm32cube.a(stm32f4xx_ll_tim.c.obj)
                0x0000000008004454                LL_TIM_Init
 .text.LL_TIM_OC_Init
                0x0000000008004500      0x1b0 modules/stm32/stm32cube/lib..__modules__hal__stm32__stm32cube.a(stm32f4xx_ll_tim.c.obj)
                0x0000000008004500                LL_TIM_OC_Init
 .text.LL_SetFlashLatency
                0x00000000080046b0      0x1bc modules/stm32/stm32cube/lib..__modules__hal__stm32__stm32cube.a(stm32f4xx_ll_utils.c.obj)
                0x00000000080046b0                LL_SetFlashLatency
 .text.k_sys_fatal_error_handler
                0x000000000800486c       0x20 zephyr/kernel/libkernel.a(fatal.c.obj)
                0x000000000800486c                k_sys_fatal_error_handler
 .text.z_fatal_error
                0x000000000800488c       0xe8 zephyr/kernel/libkernel.a(fatal.c.obj)
                0x000000000800488c                z_fatal_error
 .text.z_sys_init_run_level
                0x0000000008004974       0x2c zephyr/kernel/libkernel.a(init.c.obj)
 .text.bg_thread_main
                0x00000000080049a0       0xc4 zephyr/kernel/libkernel.a(init.c.obj)
 .text.z_bss_zero
                0x0000000008004a64       0x18 zephyr/kernel/libkernel.a(init.c.obj)
                0x0000000008004a64                z_bss_zero
 .text.z_init_cpu
                0x0000000008004a7c       0x70 zephyr/kernel/libkernel.a(init.c.obj)
                0x0000000008004a7c                z_init_cpu
 .text.z_cstart
                0x0000000008004aec       0xdc zephyr/kernel/libkernel.a(init.c.obj)
                0x0000000008004aec                z_cstart
 .text.z_impl_k_sem_give
                0x0000000008004bc8       0x48 zephyr/kernel/libkernel.a(sem.c.obj)
                0x0000000008004bc8                z_impl_k_sem_give
 .text.z_impl_k_sem_take
                0x0000000008004c10       0x4c zephyr/kernel/libkernel.a(sem.c.obj)
                0x0000000008004c10                z_impl_k_sem_take
 .text.z_setup_new_thread
                0x0000000008004c5c       0x7c zephyr/kernel/libkernel.a(thread.c.obj)
                0x0000000008004c5c                z_setup_new_thread
 .text.z_impl_k_thread_create
                0x0000000008004cd8       0x58 zephyr/kernel/libkernel.a(thread.c.obj)
                0x0000000008004cd8                z_impl_k_thread_create
 .text.update_cache
                0x0000000008004d30       0x3c zephyr/kernel/libkernel.a(sched.c.obj)
 .text.unready_thread
                0x0000000008004d6c       0x30 zephyr/kernel/libkernel.a(sched.c.obj)
 .text.ready_thread
                0x0000000008004d9c       0x68 zephyr/kernel/libkernel.a(sched.c.obj)
 .text.z_thread_halt
                0x0000000008004e04       0xdc zephyr/kernel/libkernel.a(sched.c.obj)
 .text.move_thread_to_end_of_prio_q
                0x0000000008004ee0       0x74 zephyr/kernel/libkernel.a(sched.c.obj)
                0x0000000008004ee0                move_thread_to_end_of_prio_q
 .text.z_pend_curr
                0x0000000008004f54       0x58 zephyr/kernel/libkernel.a(sched.c.obj)
                0x0000000008004f54                z_pend_curr
 .text.z_reschedule
                0x0000000008004fac       0x24 zephyr/kernel/libkernel.a(sched.c.obj)
                0x0000000008004fac                z_reschedule
 .text.z_sched_start
                0x0000000008004fd0       0x3c zephyr/kernel/libkernel.a(sched.c.obj)
                0x0000000008004fd0                z_sched_start
 .text.z_reschedule_irqlock
                0x000000000800500c       0x28 zephyr/kernel/libkernel.a(sched.c.obj)
                0x000000000800500c                z_reschedule_irqlock
 .text.k_sched_lock
                0x0000000008005034       0x28 zephyr/kernel/libkernel.a(sched.c.obj)
                0x0000000008005034                k_sched_lock
 .text.k_sched_unlock
                0x000000000800505c       0x40 zephyr/kernel/libkernel.a(sched.c.obj)
                0x000000000800505c                k_sched_unlock
 .text.z_sched_init
                0x000000000800509c       0x10 zephyr/kernel/libkernel.a(sched.c.obj)
                0x000000000800509c                z_sched_init
 .text.z_impl_k_yield
                0x00000000080050ac       0x7c zephyr/kernel/libkernel.a(sched.c.obj)
                0x00000000080050ac                z_impl_k_yield
 .text.z_tick_sleep
                0x0000000008005128       0x88 zephyr/kernel/libkernel.a(sched.c.obj)
 .text.z_impl_k_sleep
                0x00000000080051b0       0x3c zephyr/kernel/libkernel.a(sched.c.obj)
                0x00000000080051b0                z_impl_k_sleep
 .text.z_impl_k_sched_current_thread_query
                0x00000000080051ec        0xc zephyr/kernel/libkernel.a(sched.c.obj)
                0x00000000080051ec                z_impl_k_sched_current_thread_query
 .text.slice_timeout
                0x00000000080051f8       0x20 zephyr/kernel/libkernel.a(timeslicing.c.obj)
 .text.thread_is_sliceable
                0x0000000008005218       0x3c zephyr/kernel/libkernel.a(timeslicing.c.obj)
                0x0000000008005218                thread_is_sliceable
 .text.z_reset_time_slice
                0x0000000008005254       0x50 zephyr/kernel/libkernel.a(timeslicing.c.obj)
                0x0000000008005254                z_reset_time_slice
 .text.z_time_slice
                0x00000000080052a4       0x60 zephyr/kernel/libkernel.a(timeslicing.c.obj)
                0x00000000080052a4                z_time_slice
 .text.z_data_copy
                0x0000000008005304       0x34 zephyr/kernel/libkernel.a(xip.c.obj)
                0x0000000008005304                z_data_copy
 .text.elapsed  0x0000000008005338       0x14 zephyr/kernel/libkernel.a(timeout.c.obj)
 .text.remove_timeout
                0x000000000800534c       0x38 zephyr/kernel/libkernel.a(timeout.c.obj)
 .text.next_timeout
                0x0000000008005384       0x40 zephyr/kernel/libkernel.a(timeout.c.obj)
 .text.z_add_timeout
                0x00000000080053c4       0xf4 zephyr/kernel/libkernel.a(timeout.c.obj)
                0x00000000080053c4                z_add_timeout
 .text.sys_clock_announce
                0x00000000080054b8       0xd0 zephyr/kernel/libkernel.a(timeout.c.obj)
                0x00000000080054b8                sys_clock_announce
 .text.sys_clock_tick_get
                0x0000000008005588       0x30 zephyr/kernel/libkernel.a(timeout.c.obj)
                0x0000000008005588                sys_clock_tick_get
 .text.z_timer_expiration_handler
                0x00000000080055b8       0xe0 zephyr/kernel/libkernel.a(timer.c.obj)
                0x00000000080055b8                z_timer_expiration_handler
 .text.z_impl_k_timer_start
                0x0000000008005698       0x74 zephyr/kernel/libkernel.a(timer.c.obj)
                0x0000000008005698                z_impl_k_timer_start
 .text.boot_banner
                0x000000000800570c        0xc zephyr/kernel/libkernel.a(banner.c.obj)
                0x000000000800570c                boot_banner
 .text.memset   0x0000000008005718       0xa4 /Users/juliafaubus/zephyr-sdk-0.17.4/arm-zephyr-eabi/arm-zephyr-eabi/lib/thumb/v7e-m/nofp/libc.a(lib_a-memset.o)
                0x0000000008005718                memset
 .text.strnlen  0x00000000080057bc       0x24 /Users/juliafaubus/zephyr-sdk-0.17.4/arm-zephyr-eabi/arm-zephyr-eabi/lib/thumb/v7e-m/nofp/libc.a(lib_a-strnlen.o)
                0x00000000080057bc                strnlen
 .text._OffsetAbsSyms
                0x00000000080057e0        0x2 zephyr/CMakeFiles/offsets.dir/./arch/arm/core/offsets/offsets.c.obj
                0x00000000080057e0                _OffsetAbsSyms
 .text.k_msleep.isra.0
                0x00000000080057e2        0xa app/libapp.a(heating.c.obj)
 .text.cbpprintf_external
                0x00000000080057ec       0x62 zephyr/libzephyr.a(cbprintf_packaged.c.obj)
                0x00000000080057ec                cbpprintf_external
 .text.is_ptr   0x000000000800584e       0x4a zephyr/libzephyr.a(cbprintf_packaged.c.obj)
                0x000000000800584e                is_ptr
 .text.arch_printk_char_out
                0x0000000008005898        0x4 zephyr/libzephyr.a(printk.c.obj)
                0x0000000008005898                arch_printk_char_out
 .text.str_out  0x000000000800589c       0x24 zephyr/libzephyr.a(printk.c.obj)
 .text.printk   0x00000000080058c0       0x1a zephyr/libzephyr.a(printk.c.obj)
                0x00000000080058c0                printk
 .text.snprintk
                0x00000000080058da       0x1a zephyr/libzephyr.a(printk.c.obj)
                0x00000000080058da                snprintk
 .text.z_thread_entry
                0x00000000080058f4       0x14 zephyr/libzephyr.a(thread_entry.c.obj)
                0x00000000080058f4                z_thread_entry
 .text.outs     0x0000000008005908       0x2e zephyr/libzephyr.a(cbprintf_complete.c.obj)
 .text.free_space
                0x0000000008005936       0x26 zephyr/libzephyr.a(mpsc_pbuf.c.obj)
 .text.get_usage
                0x000000000800595c       0x22 zephyr/libzephyr.a(mpsc_pbuf.c.obj)
 .text.idx_inc  0x000000000800597e       0x1c zephyr/libzephyr.a(mpsc_pbuf.c.obj)
 .text.rd_idx_inc
                0x000000000800599a       0x18 zephyr/libzephyr.a(mpsc_pbuf.c.obj)
 .text.add_skip_item
                0x00000000080059b2       0x3a zephyr/libzephyr.a(mpsc_pbuf.c.obj)
 .text.drop_item_locked
                0x00000000080059ec       0xee zephyr/libzephyr.a(mpsc_pbuf.c.obj)
 .text.post_drop_action
                0x0000000008005ada       0x36 zephyr/libzephyr.a(mpsc_pbuf.c.obj)
 .text.max_utilization_update
                0x0000000008005b10       0x1a zephyr/libzephyr.a(mpsc_pbuf.c.obj)
 .text.mpsc_pbuf_init
                0x0000000008005b2a       0x42 zephyr/libzephyr.a(mpsc_pbuf.c.obj)
                0x0000000008005b2a                mpsc_pbuf_init
 .text.mpsc_pbuf_alloc
                0x0000000008005b6c       0xf8 zephyr/libzephyr.a(mpsc_pbuf.c.obj)
                0x0000000008005b6c                mpsc_pbuf_alloc
 .text.mpsc_pbuf_commit
                0x0000000008005c64       0x3e zephyr/libzephyr.a(mpsc_pbuf.c.obj)
                0x0000000008005c64                mpsc_pbuf_commit
 .text.mpsc_pbuf_claim
                0x0000000008005ca2       0xa8 zephyr/libzephyr.a(mpsc_pbuf.c.obj)
                0x0000000008005ca2                mpsc_pbuf_claim
 .text.mpsc_pbuf_free
                0x0000000008005d4a       0x76 zephyr/libzephyr.a(mpsc_pbuf.c.obj)
                0x0000000008005d4a                mpsc_pbuf_free
 .text.mpsc_pbuf_is_pending
                0x0000000008005dc0       0x1a zephyr/libzephyr.a(mpsc_pbuf.c.obj)
                0x0000000008005dc0                mpsc_pbuf_is_pending
 .text._ConfigAbsSyms
                0x0000000008005dda        0x2 zephyr/libzephyr.a(configs.c.obj)
                0x0000000008005dda                _ConfigAbsSyms
 .text.log_msg_generic_get_wlen
                0x0000000008005ddc       0x20 zephyr/libzephyr.a(log_core.c.obj)
 .text.dummy_timestamp
                0x0000000008005dfc        0x4 zephyr/libzephyr.a(log_core.c.obj)
 .text.atomic_inc
                0x0000000008005e00       0x1a zephyr/libzephyr.a(log_core.c.obj)
 .text.default_lf_get_timestamp
                0x0000000008005e1a       0x10 zephyr/libzephyr.a(log_core.c.obj)
 .text.z_log_vprintk
                0x0000000008005e2a       0x1c zephyr/libzephyr.a(log_core.c.obj)
                0x0000000008005e2a                z_log_vprintk
 .text.z_log_notify_drop
                0x0000000008005e46        0x6 zephyr/libzephyr.a(log_core.c.obj)
 .text.z_log_get_tag
                0x0000000008005e4c        0x4 zephyr/libzephyr.a(log_core.c.obj)
                0x0000000008005e4c                z_log_get_tag
 .text.z_cbprintf_cpy
                0x0000000008005e50       0x2c zephyr/libzephyr.a(log_msg.c.obj)
 .text.z_log_msg_finalize
                0x0000000008005e7c       0x32 zephyr/libzephyr.a(log_msg.c.obj)
                0x0000000008005e7c                z_log_msg_finalize
 .text.z_log_msg_simple_create
                0x0000000008005eae       0x6e zephyr/libzephyr.a(log_msg.c.obj)
 .text.z_impl_z_log_msg_simple_create_0
                0x0000000008005f1c       0x12 zephyr/libzephyr.a(log_msg.c.obj)
                0x0000000008005f1c                z_impl_z_log_msg_simple_create_0
 .text.z_impl_z_log_msg_simple_create_1
                0x0000000008005f2e       0x14 zephyr/libzephyr.a(log_msg.c.obj)
                0x0000000008005f2e                z_impl_z_log_msg_simple_create_1
 .text.z_impl_z_log_msg_simple_create_2
                0x0000000008005f42       0x18 zephyr/libzephyr.a(log_msg.c.obj)
                0x0000000008005f42                z_impl_z_log_msg_simple_create_2
 .text.buffer_write
                0x0000000008005f5a       0x1c zephyr/libzephyr.a(log_output.c.obj)
 .text.cbvprintf
                0x0000000008005f76        0xe zephyr/libzephyr.a(log_output.c.obj)
 .text.log_output_flush
                0x0000000008005f84       0x1a zephyr/libzephyr.a(log_output.c.obj)
                0x0000000008005f84                log_output_flush
 .text.out_func
                0x0000000008005f9e       0x36 zephyr/libzephyr.a(log_output.c.obj)
 .text.cr_out_func
                0x0000000008005fd4       0x1c zephyr/libzephyr.a(log_output.c.obj)
 .text.log_output_msg_process
                0x0000000008005ff0       0x6a zephyr/libzephyr.a(log_output.c.obj)
                0x0000000008005ff0                log_output_msg_process
 .text.format_set
                0x000000000800605a        0xc zephyr/libzephyr.a(log_backend_uart.c.obj)
 .text.log_backend_uart_init
                0x0000000008006066        0xc zephyr/libzephyr.a(log_backend_uart.c.obj)
 .text.panic    0x0000000008006072       0x10 zephyr/libzephyr.a(log_backend_uart.c.obj)
 .text.dropped  0x0000000008006082        0xa zephyr/libzephyr.a(log_backend_uart.c.obj)
 .text.process  0x000000000800608c       0x1e zephyr/libzephyr.a(log_backend_uart.c.obj)
 .text.z_do_kernel_oops
                0x00000000080060aa        0x8 zephyr/arch/arch/arm/core/libarch__arm__core.a(fatal.c.obj)
                0x00000000080060aa                z_do_kernel_oops
 .text.z_log_msg_simple_create_0.constprop.0
                0x00000000080060b2        0x8 zephyr/arch/arch/arm/core/cortex_m/libarch__arm__core__cortex_m.a(fault.c.obj)
 .text.z_irq_spurious
                0x00000000080060ba        0x8 zephyr/arch/arch/arm/core/cortex_m/libarch__arm__core__cortex_m.a(irq_manage.c.obj)
                0x00000000080060ba                z_irq_spurious
 .text.arch_irq_unlock_outlined
                0x00000000080060c2        0xe zephyr/arch/arch/arm/core/cortex_m/libarch__arm__core__cortex_m.a(thread.c.obj)
                0x00000000080060c2                arch_irq_unlock_outlined
 .text.arch_cpu_idle
                0x00000000080060d0       0x1a zephyr/arch/arch/arm/core/cortex_m/libarch__arm__core__cortex_m.a(cpu_idle.c.obj)
                0x00000000080060d0                arch_cpu_idle
 .text.size_to_mpu_rasr_size
                0x00000000080060ea       0x20 zephyr/arch/arch/arm/core/mpu/libarch__arm__core__mpu.a(arm_mpu.c.obj)
 .text._stdout_hook_default
                0x000000000800610a        0x6 zephyr/lib/libc/newlib/liblib__libc__newlib.a(libc-hooks.c.obj)
 .text.malloc_prepare
                0x0000000008006110        0x4 zephyr/lib/libc/newlib/liblib__libc__newlib.a(libc-hooks.c.obj)
 .text.stm32_exti_init
                0x0000000008006114       0x92 zephyr/drivers/interrupt_controller/libdrivers__interrupt_controller.a(intc_exti_stm32.c.obj)
 .text.adc_stm32_isr_18_init
                0x00000000080061a6       0x16 zephyr/drivers/adc/libdrivers__adc.a(adc_stm32.c.obj)
 .text.z_log_msg_simple_create_0.constprop.0
                0x00000000080061bc        0x8 zephyr/drivers/adc/libdrivers__adc.a(adc_stm32.c.obj)
 .text.adc_context_start_sampling
                0x00000000080061c4       0x16 zephyr/drivers/adc/libdrivers__adc.a(adc_stm32.c.obj)
 .text.adc_context_on_timer_expired
                0x00000000080061da       0x2e zephyr/drivers/adc/libdrivers__adc.a(adc_stm32.c.obj)
 .text.stm32_clock_control_on
                0x0000000008006208       0x38 zephyr/drivers/clock_control/libdrivers__clock_control.a(clock_stm32_ll_common.c.obj)
 .text.stm32_clock_control_off
                0x0000000008006240       0x24 zephyr/drivers/clock_control/libdrivers__clock_control.a(clock_stm32_ll_common.c.obj)
 .text.stm32_clock_control_get_status
                0x0000000008006264       0x34 zephyr/drivers/clock_control/libdrivers__clock_control.a(clock_stm32_ll_common.c.obj)
 .text.stm32_clock_control_configure
                0x0000000008006298       0x58 zephyr/drivers/clock_control/libdrivers__clock_control.a(clock_stm32_ll_common.c.obj)
 .text.config_regulator_voltage
                0x00000000080062f0        0x2 zephyr/drivers/clock_control/libdrivers__clock_control.a(clock_stm32_ll_common.c.obj)
                0x00000000080062f0                config_regulator_voltage
 .text.gpio_stm32_port_get_raw
                0x00000000080062f2        0xc zephyr/drivers/gpio/libdrivers__gpio.a(gpio_stm32.c.obj)
 .text.gpio_stm32_port_set_masked_raw
                0x00000000080062fe       0x12 zephyr/drivers/gpio/libdrivers__gpio.a(gpio_stm32.c.obj)
 .text.gpio_stm32_port_set_bits_raw
                0x0000000008006310        0xa zephyr/drivers/gpio/libdrivers__gpio.a(gpio_stm32.c.obj)
 .text.gpio_stm32_port_clear_bits_raw
                0x000000000800631a        0xc zephyr/drivers/gpio/libdrivers__gpio.a(gpio_stm32.c.obj)
 .text.gpio_stm32_port_toggle_bits
                0x0000000008006326        0xe zephyr/drivers/gpio/libdrivers__gpio.a(gpio_stm32.c.obj)
 .text.gpio_stm32_manage_callback
                0x0000000008006334       0x52 zephyr/drivers/gpio/libdrivers__gpio.a(gpio_stm32.c.obj)
 .text.gpio_stm32_configure_raw.isra.0
                0x0000000008006386      0x106 zephyr/drivers/gpio/libdrivers__gpio.a(gpio_stm32.c.obj)
 .text.gpio_stm32_config
                0x000000000800648c       0x78 zephyr/drivers/gpio/libdrivers__gpio.a(gpio_stm32.c.obj)
 .text.gpio_stm32_isr
                0x0000000008006504       0x2e zephyr/drivers/gpio/libdrivers__gpio.a(gpio_stm32.c.obj)
 .text.gpio_stm32_configure
                0x0000000008006532       0x30 zephyr/drivers/gpio/libdrivers__gpio.a(gpio_stm32.c.obj)
                0x0000000008006532                gpio_stm32_configure
 .text.pinctrl_lookup_state
                0x0000000008006562       0x26 zephyr/drivers/pinctrl/libdrivers__pinctrl.a(common.c.obj)
                0x0000000008006562                pinctrl_lookup_state
 .text.LL_TIM_OC_SetCompareCH1
                0x0000000008006588        0x4 zephyr/drivers/pwm/libdrivers__pwm.a(pwm_stm32.c.obj)
 .text.LL_TIM_OC_SetCompareCH2
                0x000000000800658c        0x4 zephyr/drivers/pwm/libdrivers__pwm.a(pwm_stm32.c.obj)
 .text.LL_TIM_OC_SetCompareCH3
                0x0000000008006590        0x4 zephyr/drivers/pwm/libdrivers__pwm.a(pwm_stm32.c.obj)
 .text.LL_TIM_OC_SetCompareCH4
                0x0000000008006594        0x4 zephyr/drivers/pwm/libdrivers__pwm.a(pwm_stm32.c.obj)
 .text.pwm_stm32_get_cycles_per_sec
                0x0000000008006598       0x16 zephyr/drivers/pwm/libdrivers__pwm.a(pwm_stm32.c.obj)
 .text.reset_stm32_status
                0x00000000080065ae       0x20 zephyr/drivers/reset/libdrivers__reset.a(reset_stm32.c.obj)
 .text.reset_stm32_line_assert
                0x00000000080065ce       0x1c zephyr/drivers/reset/libdrivers__reset.a(reset_stm32.c.obj)
 .text.reset_stm32_line_deassert
                0x00000000080065ea       0x1e zephyr/drivers/reset/libdrivers__reset.a(reset_stm32.c.obj)
 .text.reset_stm32_line_toggle
                0x0000000008006608       0x16 zephyr/drivers/reset/libdrivers__reset.a(reset_stm32.c.obj)
 .text.LL_USART_ClearFlag_PE
                0x000000000800661e       0x12 zephyr/drivers/serial/libdrivers__serial.a(uart_stm32.c.obj)
 .text.uart_stm32_err_check
                0x0000000008006630       0x5e zephyr/drivers/serial/libdrivers__serial.a(uart_stm32.c.obj)
 .text.uart_stm32_poll_out
                0x000000000800668e       0x36 zephyr/drivers/serial/libdrivers__serial.a(uart_stm32.c.obj)
 .text.uart_stm32_poll_in
                0x00000000080066c4       0x22 zephyr/drivers/serial/libdrivers__serial.a(uart_stm32.c.obj)
 .text.uart_stm32_config_get
                0x00000000080066e6       0x8e zephyr/drivers/serial/libdrivers__serial.a(uart_stm32.c.obj)
 .text.uart_stm32_set_baudrate
                0x0000000008006774       0x58 zephyr/drivers/serial/libdrivers__serial.a(uart_stm32.c.obj)
 .text.LL_RCC_GetSystemClocksFreq
                0x00000000080067cc       0x22 modules/stm32/stm32cube/lib..__modules__hal__stm32__stm32cube.a(stm32f4xx_ll_rcc.c.obj)
                0x00000000080067cc                LL_RCC_GetSystemClocksFreq
 .text.LL_TIM_StructInit
                0x00000000080067ee       0x12 modules/stm32/stm32cube/lib..__modules__hal__stm32__stm32cube.a(stm32f4xx_ll_tim.c.obj)
                0x00000000080067ee                LL_TIM_StructInit
 .text.LL_TIM_OC_StructInit
                0x0000000008006800       0x14 modules/stm32/stm32cube/lib..__modules__hal__stm32__stm32cube.a(stm32f4xx_ll_tim.c.obj)
                0x0000000008006800                LL_TIM_OC_StructInit
 .text.z_device_state_init
                0x0000000008006814        0x2 zephyr/kernel/libkernel.a(device.c.obj)
                0x0000000008006814                z_device_state_init
 .text.z_impl_device_is_ready
                0x0000000008006816       0x16 zephyr/kernel/libkernel.a(device.c.obj)
                0x0000000008006816                z_impl_device_is_ready
 .text.arch_system_halt
                0x000000000800682c       0x10 zephyr/kernel/libkernel.a(fatal.c.obj)
                0x000000000800682c                arch_system_halt
 .text.do_device_init
                0x000000000800683c       0x30 zephyr/kernel/libkernel.a(init.c.obj)
 .text.z_early_memset
                0x000000000800686c        0x4 zephyr/kernel/libkernel.a(init.c.obj)
                0x000000000800686c                z_early_memset
 .text.z_early_memcpy
                0x0000000008006870        0x4 zephyr/kernel/libkernel.a(init.c.obj)
                0x0000000008006870                z_early_memcpy
 .text.z_init_static
                0x0000000008006874        0x2 zephyr/kernel/libkernel.a(init_static.c.obj)
                0x0000000008006874                z_init_static
 .text.idle     0x0000000008006876       0x16 zephyr/kernel/libkernel.a(idle.c.obj)
                0x0000000008006876                idle
 .text.z_impl_k_sem_init
                0x000000000800688c       0x18 zephyr/kernel/libkernel.a(sem.c.obj)
                0x000000000800688c                z_impl_k_sem_init
 .text.k_is_in_isr
                0x00000000080068a4        0xc zephyr/kernel/libkernel.a(thread.c.obj)
                0x00000000080068a4                k_is_in_isr
 .text.z_impl_k_thread_name_set
                0x00000000080068b0        0x6 zephyr/kernel/libkernel.a(thread.c.obj)
                0x00000000080068b0                z_impl_k_thread_name_set
 .text.k_thread_name_get
                0x00000000080068b6        0x4 zephyr/kernel/libkernel.a(thread.c.obj)
                0x00000000080068b6                k_thread_name_get
 .text.z_impl_k_thread_start
                0x00000000080068ba        0x4 zephyr/kernel/libkernel.a(thread.c.obj)
                0x00000000080068ba                z_impl_k_thread_start
 .text.sys_dlist_remove
                0x00000000080068be       0x10 zephyr/kernel/libkernel.a(sched.c.obj)
 .text.unpend_thread_no_timeout
                0x00000000080068ce       0x14 zephyr/kernel/libkernel.a(sched.c.obj)
 .text.add_to_waitq_locked
                0x00000000080068e2       0x50 zephyr/kernel/libkernel.a(sched.c.obj)
 .text.z_ready_thread
                0x0000000008006932       0x1e zephyr/kernel/libkernel.a(sched.c.obj)
                0x0000000008006932                z_ready_thread
 .text.z_impl_k_thread_suspend
                0x0000000008006950       0x32 zephyr/kernel/libkernel.a(sched.c.obj)
                0x0000000008006950                z_impl_k_thread_suspend
 .text.z_unpend_thread_no_timeout
                0x0000000008006982       0x22 zephyr/kernel/libkernel.a(sched.c.obj)
                0x0000000008006982                z_unpend_thread_no_timeout
 .text.z_sched_wake_thread
                0x00000000080069a4       0x42 zephyr/kernel/libkernel.a(sched.c.obj)
                0x00000000080069a4                z_sched_wake_thread
 .text.z_thread_timeout
                0x00000000080069e6        0x8 zephyr/kernel/libkernel.a(sched.c.obj)
                0x00000000080069e6                z_thread_timeout
 .text.z_unpend1_no_timeout
                0x00000000080069ee       0x2c zephyr/kernel/libkernel.a(sched.c.obj)
                0x00000000080069ee                z_unpend1_no_timeout
 .text.z_unpend_first_thread
                0x0000000008006a1a       0x36 zephyr/kernel/libkernel.a(sched.c.obj)
                0x0000000008006a1a                z_unpend_first_thread
 .text.z_thread_abort
                0x0000000008006a50       0x44 zephyr/kernel/libkernel.a(sched.c.obj)
                0x0000000008006a50                z_thread_abort
 .text.z_abort_timeout
                0x0000000008006a94       0x2a zephyr/kernel/libkernel.a(timeout.c.obj)
                0x0000000008006a94                z_abort_timeout
 .text.sys_clock_tick_get_32
                0x0000000008006abe        0x8 zephyr/kernel/libkernel.a(timeout.c.obj)
                0x0000000008006abe                sys_clock_tick_get_32
 .text.z_impl_k_uptime_ticks
                0x0000000008006ac6        0x4 zephyr/kernel/libkernel.a(timeout.c.obj)
                0x0000000008006ac6                z_impl_k_uptime_ticks
 .text.k_timer_init
                0x0000000008006aca       0x18 zephyr/kernel/libkernel.a(timer.c.obj)
                0x0000000008006aca                k_timer_init
 .text.z_impl_k_timer_stop
                0x0000000008006ae2       0x38 zephyr/kernel/libkernel.a(timer.c.obj)
                0x0000000008006ae2                z_impl_k_timer_stop
 *(SORT_BY_ALIGNMENT(.TEXT.*))
 *(SORT_BY_ALIGNMENT(.gnu.linkonce.t.*))
 *(SORT_BY_ALIGNMENT(.glue_7t))
 .glue_7t       0x0000000008006b1a        0x0 linker stubs
 *(SORT_BY_ALIGNMENT(.glue_7))
 .glue_7        0x0000000008006b1a        0x0 linker stubs
 *(SORT_BY_ALIGNMENT(.vfp11_veneer))
 .vfp11_veneer  0x0000000008006b1a        0x0 linker stubs
 *(SORT_BY_ALIGNMENT(.v4_bx))
 .v4_bx         0x0000000008006b1a        0x0 linker stubs
                0x0000000008006b1c                . = ALIGN (0x4)
 *fill*         0x0000000008006b1a        0x2 
                0x0000000008006b1c                __text_region_end = .

.ARM.exidx      0x0000000008006b1c        0x8
                0x0000000008006b1c                __exidx_start = .
 *(SORT_BY_ALIGNMENT(.ARM.exidx*) SORT_BY_ALIGNMENT(gnu.linkonce.armexidx.*))
 .ARM.exidx     0x0000000008006b1c        0x8 /Users/juliafaubus/zephyr-sdk-0.17.4/arm-zephyr-eabi/bin/../lib/gcc/arm-zephyr-eabi/12.2.0/thumb/v7e-m/nofp/libgcc.a(_udivmoddi4.o)
                0x0000000008006b24                __exidx_end = .
                0x0000000008006b24                __rodata_region_start = .

initlevel       0x0000000008006b24       0xb0
                0x0000000008006b24                __init_start = .
                0x0000000008006b24                __init_EARLY_start = .
 *(SORT_BY_NAME(SORT_BY_ALIGNMENT(.z_init_EARLY?_*)))
 *(SORT_BY_NAME(SORT_BY_ALIGNMENT(.z_init_EARLY??_*)))
                0x0000000008006b24                __init_PRE_KERNEL_1_start = .
 *(SORT_BY_NAME(SORT_BY_ALIGNMENT(.z_init_PRE_KERNEL_1?_*)))
 .z_init_PRE_KERNEL_10_0_
                0x0000000008006b24        0x8 zephyr/libzephyr.a(soc.c.obj)
 .z_init_PRE_KERNEL_11_00009_
                0x0000000008006b2c        0x8 zephyr/drivers/clock_control/libdrivers__clock_control.a(clock_stm32_ll_common.c.obj)
 .z_init_PRE_KERNEL_11_0_
                0x0000000008006b34        0x8 zephyr/libzephyr.a(soc_config.c.obj)
 *(SORT_BY_NAME(SORT_BY_ALIGNMENT(.z_init_PRE_KERNEL_1??_*)))
 .z_init_PRE_KERNEL_135_00039_
                0x0000000008006b3c        0x8 zephyr/drivers/reset/libdrivers__reset.a(reset_stm32.c.obj)
 .z_init_PRE_KERNEL_140_00045_
                0x0000000008006b44        0x8 zephyr/drivers/gpio/libdrivers__gpio.a(gpio_stm32.c.obj)
 .z_init_PRE_KERNEL_140_00052_
                0x0000000008006b4c        0x8 zephyr/drivers/gpio/libdrivers__gpio.a(gpio_stm32.c.obj)
 .z_init_PRE_KERNEL_140_00074_
                0x0000000008006b54        0x8 zephyr/drivers/interrupt_controller/libdrivers__interrupt_controller.a(intc_exti_stm32.c.obj)
 .z_init_PRE_KERNEL_140_00108_
                0x0000000008006b5c        0x8 zephyr/drivers/gpio/libdrivers__gpio.a(gpio_stm32.c.obj)
 .z_init_PRE_KERNEL_140_00109_
                0x0000000008006b64        0x8 zephyr/drivers/gpio/libdrivers__gpio.a(gpio_stm32.c.obj)
 .z_init_PRE_KERNEL_140_00110_
                0x0000000008006b6c        0x8 zephyr/drivers/gpio/libdrivers__gpio.a(gpio_stm32.c.obj)
 .z_init_PRE_KERNEL_140_00111_
                0x0000000008006b74        0x8 zephyr/drivers/gpio/libdrivers__gpio.a(gpio_stm32.c.obj)
 .z_init_PRE_KERNEL_140_00112_
                0x0000000008006b7c        0x8 zephyr/drivers/gpio/libdrivers__gpio.a(gpio_stm32.c.obj)
 .z_init_PRE_KERNEL_140_00113_
                0x0000000008006b84        0x8 zephyr/drivers/gpio/libdrivers__gpio.a(gpio_stm32.c.obj)
 .z_init_PRE_KERNEL_150_00079_
                0x0000000008006b8c        0x8 zephyr/drivers/serial/libdrivers__serial.a(uart_stm32.c.obj)
 .z_init_PRE_KERNEL_150_00085_
                0x0000000008006b94        0x8 zephyr/drivers/serial/libdrivers__serial.a(uart_stm32.c.obj)
 .z_init_PRE_KERNEL_160_0_
                0x0000000008006b9c        0x8 zephyr/drivers/console/libdrivers__console.a(uart_console.c.obj)
                0x0000000008006ba4                __init_PRE_KERNEL_2_start = .
 *(SORT_BY_NAME(SORT_BY_ALIGNMENT(.z_init_PRE_KERNEL_2?_*)))
 .z_init_PRE_KERNEL_20_0_
                0x0000000008006ba4        0x8 zephyr/drivers/timer/libdrivers__timer.a(cortex_m_systick.c.obj)
 *(SORT_BY_NAME(SORT_BY_ALIGNMENT(.z_init_PRE_KERNEL_2??_*)))
                0x0000000008006bac                __init_POST_KERNEL_start = .
 *(SORT_BY_NAME(SORT_BY_ALIGNMENT(.z_init_POST_KERNEL?_*)))
 .z_init_POST_KERNEL0_0_
                0x0000000008006bac        0x8 zephyr/libzephyr.a(log_core.c.obj)
 *(SORT_BY_NAME(SORT_BY_ALIGNMENT(.z_init_POST_KERNEL??_*)))
 .z_init_POST_KERNEL35_0_
                0x0000000008006bb4        0x8 zephyr/lib/libc/newlib/liblib__libc__newlib.a(libc-hooks.c.obj)
 .z_init_POST_KERNEL50_00012_
                0x0000000008006bbc        0x8 zephyr/drivers/adc/libdrivers__adc.a(adc_stm32.c.obj)
 .z_init_POST_KERNEL50_00042_
                0x0000000008006bc4        0x8 zephyr/drivers/pwm/libdrivers__pwm.a(pwm_stm32.c.obj)
 .z_init_POST_KERNEL50_00057_
                0x0000000008006bcc        0x8 zephyr/drivers/pwm/libdrivers__pwm.a(pwm_stm32.c.obj)
                0x0000000008006bd4                __init_APPLICATION_start = .
 *(SORT_BY_NAME(SORT_BY_ALIGNMENT(.z_init_APPLICATION?_*)))
 *(SORT_BY_NAME(SORT_BY_ALIGNMENT(.z_init_APPLICATION??_*)))
                0x0000000008006bd4                __init_SMP_start = .
 *(SORT_BY_NAME(SORT_BY_ALIGNMENT(.z_init_SMP?_*)))
 *(SORT_BY_NAME(SORT_BY_ALIGNMENT(.z_init_SMP??_*)))
                0x0000000008006bd4                __init_end = .
                0x0000000008006bd4                __deferred_init_list_start = .
 *(SORT_BY_ALIGNMENT(.z_deferred_init*))
                0x0000000008006bd4                __deferred_init_list_end = .

device_area     0x0000000008006bd4      0x140
                0x0000000008006bd4                _device_list_start = .
 *(SORT_BY_NAME(SORT_BY_ALIGNMENT(._device.static.*_?_*)))
 ._device.static.1_1_
                0x0000000008006bd4       0x14 zephyr/drivers/clock_control/libdrivers__clock_control.a(clock_stm32_ll_common.c.obj)
                0x0000000008006bd4                __device_dts_ord_9
 *(SORT_BY_NAME(SORT_BY_ALIGNMENT(._device.static.*_??_*)))
 ._device.static.1_35_
                0x0000000008006be8       0x14 zephyr/drivers/reset/libdrivers__reset.a(reset_stm32.c.obj)
                0x0000000008006be8                __device_dts_ord_39
 ._device.static.1_40_
                0x0000000008006bfc       0x14 zephyr/drivers/interrupt_controller/libdrivers__interrupt_controller.a(intc_exti_stm32.c.obj)
                0x0000000008006bfc                __device_dts_ord_74
 ._device.static.1_40_
                0x0000000008006c10       0xa0 zephyr/drivers/gpio/libdrivers__gpio.a(gpio_stm32.c.obj)
                0x0000000008006c10                __device_dts_ord_113
                0x0000000008006c24                __device_dts_ord_112
                0x0000000008006c38                __device_dts_ord_111
                0x0000000008006c4c                __device_dts_ord_110
                0x0000000008006c60                __device_dts_ord_109
                0x0000000008006c74                __device_dts_ord_45
                0x0000000008006c88                __device_dts_ord_108
                0x0000000008006c9c                __device_dts_ord_52
 ._device.static.1_50_
                0x0000000008006cb0       0x28 zephyr/drivers/serial/libdrivers__serial.a(uart_stm32.c.obj)
                0x0000000008006cb0                __device_dts_ord_79
                0x0000000008006cc4                __device_dts_ord_85
 ._device.static.3_50_
                0x0000000008006cd8       0x14 zephyr/drivers/adc/libdrivers__adc.a(adc_stm32.c.obj)
                0x0000000008006cd8                __device_dts_ord_12
 ._device.static.3_50_
                0x0000000008006cec       0x28 zephyr/drivers/pwm/libdrivers__pwm.a(pwm_stm32.c.obj)
                0x0000000008006cec                __device_dts_ord_57
                0x0000000008006d00                __device_dts_ord_42
                0x0000000008006d14                _device_list_end = .

sw_isr_table    0x0000000008006d14      0x308
                0x0000000008006d14                . = ALIGN (0x4)
 *(SORT_BY_ALIGNMENT(.gnu.linkonce.sw_isr_table*))
 .gnu.linkonce.sw_isr_table
                0x0000000008006d14      0x308 zephyr/CMakeFiles/zephyr_final.dir/isr_tables.c.obj
                0x0000000008006d14                _sw_isr_table

initlevel_error
                0x0000000008006b24        0x0
 *(SORT_BY_NAME(SORT_BY_ALIGNMENT(.z_init_[_A-Z0-9]*)))
                0x0000000000000001                ASSERT ((SIZEOF (initlevel_error) == 0x0), Undefined initialization levels used.)

app_shmem_regions
                0x000000000800701c        0x0
                0x000000000800701c                __app_shmem_regions_start = .
 *(SORT_BY_NAME(SORT_BY_ALIGNMENT(.app_regions.*)))
                0x000000000800701c                __app_shmem_regions_end = .

k_p4wq_initparam_area
                0x000000000800701c        0x0
                0x000000000800701c                _k_p4wq_initparam_list_start = .
 *(SORT_BY_NAME(SORT_BY_ALIGNMENT(._k_p4wq_initparam.static.*)))
                0x000000000800701c                _k_p4wq_initparam_list_end = .

_static_thread_data_area
                0x0000000008007020       0x30
                0x0000000008007020                __static_thread_data_list_start = .
 *(SORT_BY_NAME(SORT_BY_ALIGNMENT(.__static_thread_data.static.*)))
 .__static_thread_data.static._k_thread_data_temp_thread_id_
                0x0000000008007020       0x30 app/libapp.a(heating.c.obj)
                0x0000000008007020                _k_thread_data_temp_thread_id
                0x0000000008007050                __static_thread_data_list_end = .

device_deps     0x0000000008007050        0x0
                0x0000000008007050                __device_deps_start = .
 *(SORT_BY_NAME(SORT_BY_ALIGNMENT(.__device_deps_pass2*)))
                0x0000000008007050                __device_deps_end = .

ztest           0x0000000008007050        0x0
                0x0000000008007050                _ztest_expected_result_entry_list_start = .
 *(SORT_BY_NAME(SORT_BY_ALIGNMENT(._ztest_expected_result_entry.static.*)))
                0x0000000008007050                _ztest_expected_result_entry_list_end = .
                0x0000000008007050                _ztest_suite_node_list_start = .
 *(SORT_BY_NAME(SORT_BY_ALIGNMENT(._ztest_suite_node.static.*)))
                0x0000000008007050                _ztest_suite_node_list_end = .
                0x0000000008007050                _ztest_unit_test_list_start = .
 *(SORT_BY_NAME(SORT_BY_ALIGNMENT(._ztest_unit_test.static.*)))
                0x0000000008007050                _ztest_unit_test_list_end = .
                0x0000000008007050                _ztest_test_rule_list_start = .
 *(SORT_BY_NAME(SORT_BY_ALIGNMENT(._ztest_test_rule.static.*)))
                0x0000000008007050                _ztest_test_rule_list_end = .

init_array      0x0000000008007050        0x0
 *(SORT_BY_NAME(SORT_BY_ALIGNMENT(.ctors*)))
 *(SORT_BY_NAME(SORT_BY_ALIGNMENT(.init_array*)))
                0x0000000000000001                ASSERT ((SIZEOF (init_array) == 0x0), GNU-style constructors required but STATIC_INIT_GNU not enabled)

bt_l2cap_fixed_chan_area
                0x0000000008007050        0x0
                0x0000000008007050                _bt_l2cap_fixed_chan_list_start = .
 *(SORT_BY_NAME(SORT_BY_ALIGNMENT(._bt_l2cap_fixed_chan.static.*)))
                0x0000000008007050                _bt_l2cap_fixed_chan_list_end = .

bt_gatt_service_static_area
                0x0000000008007050        0x0
                0x0000000008007050                _bt_gatt_service_static_list_start = .
 *(SORT_BY_NAME(SORT_BY_ALIGNMENT(._bt_gatt_service_static.static.*)))
                0x0000000008007050                _bt_gatt_service_static_list_end = .

log_strings_area
                0x0000000008007050        0x0
                0x0000000008007050                _log_strings_list_start = .
 *(SORT_BY_NAME(SORT_BY_ALIGNMENT(._log_strings.static.*)))
                0x0000000008007050                _log_strings_list_end = .

log_const_area  0x0000000008007050       0x50
                0x0000000008007050                _log_const_list_start = .
 *(SORT_BY_NAME(SORT_BY_ALIGNMENT(._log_const.static.*)))
 ._log_const.static.log_const_adc_stm32_
                0x0000000008007050        0x8 zephyr/drivers/adc/libdrivers__adc.a(adc_stm32.c.obj)
                0x0000000008007050                log_const_adc_stm32
 ._log_const.static.log_const_cbprintf_package_
                0x0000000008007058        0x8 zephyr/libzephyr.a(cbprintf_packaged.c.obj)
                0x0000000008007058                log_const_cbprintf_package
 ._log_const.static.log_const_log_
                0x0000000008007060        0x8 zephyr/libzephyr.a(log_core.c.obj)
                0x0000000008007060                log_const_log
 ._log_const.static.log_const_log_mgmt_
                0x0000000008007068        0x8 zephyr/libzephyr.a(log_mgmt.c.obj)
                0x0000000008007068                log_const_log_mgmt
 ._log_const.static.log_const_log_uart_
                0x0000000008007070        0x8 zephyr/libzephyr.a(log_backend_uart.c.obj)
                0x0000000008007070                log_const_log_uart
 ._log_const.static.log_const_mpu_
                0x0000000008007078        0x8 zephyr/arch/arch/arm/core/mpu/libarch__arm__core__mpu.a(arm_core_mpu.c.obj)
                0x0000000008007078                log_const_mpu
 ._log_const.static.log_const_os_
                0x0000000008007080        0x8 zephyr/kernel/libkernel.a(init.c.obj)
                0x0000000008007080                log_const_os
 ._log_const.static.log_const_pwm_stm32_
                0x0000000008007088        0x8 zephyr/drivers/pwm/libdrivers__pwm.a(pwm_stm32.c.obj)
                0x0000000008007088                log_const_pwm_stm32
 ._log_const.static.log_const_stm32_
                0x0000000008007090        0x8 zephyr/drivers/gpio/libdrivers__gpio.a(gpio_stm32.c.obj)
                0x0000000008007090                log_const_stm32
 ._log_const.static.log_const_uart_stm32_
                0x0000000008007098        0x8 zephyr/drivers/serial/libdrivers__serial.a(uart_stm32.c.obj)
                0x0000000008007098                log_const_uart_stm32
                0x00000000080070a0                _log_const_list_end = .

log_backend_area
                0x00000000080070a0       0x10
                0x00000000080070a0                _log_backend_list_start = .
 *(SORT_BY_NAME(SORT_BY_ALIGNMENT(._log_backend.static.*)))
 ._log_backend.static.log_backend_uart_
                0x00000000080070a0       0x10 zephyr/libzephyr.a(log_backend_uart.c.obj)
                0x00000000080070b0                _log_backend_list_end = .

log_link_area   0x00000000080070b0        0x0
                0x00000000080070b0                _log_link_list_start = .
 *(SORT_BY_NAME(SORT_BY_ALIGNMENT(._log_link.static.*)))
                0x00000000080070b0                _log_link_list_end = .

tracing_backend_area
                0x00000000080070b0        0x0
                0x00000000080070b0                _tracing_backend_list_start = .
 *(SORT_BY_NAME(SORT_BY_ALIGNMENT(._tracing_backend.static.*)))
                0x00000000080070b0                _tracing_backend_list_end = .

zephyr_dbg_info
 *(SORT_BY_ALIGNMENT(.dbg_thread_info))

intc_table_area
                0x00000000080070b0        0x0
                0x00000000080070b0                _intc_table_list_start = .
 *(SORT_BY_NAME(SORT_BY_ALIGNMENT(._intc_table.static.*)))
                0x00000000080070b0                _intc_table_list_end = .

symbol_to_keep  0x00000000080070b0        0x0
                0x00000000080070b0                __symbol_to_keep_start = .
 *(SORT_BY_NAME(SORT_BY_ALIGNMENT(.symbol_to_keep*)))
                0x00000000080070b0                __symbol_to_keep_end = .

shell_area      0x00000000080070b0        0x0
                0x00000000080070b0                _shell_list_start = .
 *(SORT_BY_NAME(SORT_BY_ALIGNMENT(._shell.static.*)))
                0x00000000080070b0                _shell_list_end = .

shell_root_cmds_area
                0x00000000080070b0        0x0
                0x00000000080070b0                _shell_root_cmds_list_start = .
 *(SORT_BY_NAME(SORT_BY_ALIGNMENT(._shell_root_cmds.static.*)))
                0x00000000080070b0                _shell_root_cmds_list_end = .

shell_subcmds_area
                0x00000000080070b0        0x0
                0x00000000080070b0                _shell_subcmds_list_start = .
 *(SORT_BY_NAME(SORT_BY_ALIGNMENT(._shell_subcmds.static.*)))
                0x00000000080070b0                _shell_subcmds_list_end = .

shell_dynamic_subcmds_area
                0x00000000080070b0        0x0
                0x00000000080070b0                _shell_dynamic_subcmds_list_start = .
 *(SORT_BY_NAME(SORT_BY_ALIGNMENT(._shell_dynamic_subcmds.static.*)))
                0x00000000080070b0                _shell_dynamic_subcmds_list_end = .

cfb_font_area   0x00000000080070b0        0x0
                0x00000000080070b0                _cfb_font_list_start = .
 *(SORT_BY_NAME(SORT_BY_ALIGNMENT(._cfb_font.static.*)))
                0x00000000080070b0                _cfb_font_list_end = .

rodata          0x00000000080070b0     0x1228
 *(SORT_BY_ALIGNMENT(.rodata))
 .rodata        0x00000000080070b0        0x8 zephyr/drivers/gpio/libdrivers__gpio.a(gpio_stm32.c.obj)
 *(SORT_BY_ALIGNMENT(.rodata.*))
 .rodata.adc_channel
                0x00000000080070b8       0x10 app/libapp.a(heating.c.obj)
 .rodata.mpsc_config
                0x00000000080070c8       0x14 zephyr/libzephyr.a(log_core.c.obj)
 .rodata.format_table
                0x00000000080070dc       0x10 zephyr/libzephyr.a(log_core.c.obj)
 .rodata.colors
                0x00000000080070ec       0x14 zephyr/libzephyr.a(log_output.c.obj)
 .rodata.severity
                0x0000000008007100       0x14 zephyr/libzephyr.a(log_output.c.obj)
 .rodata.lbu_cb_ctx
                0x0000000008007114        0x8 zephyr/libzephyr.a(log_backend_uart.c.obj)
 .rodata.lbu_output
                0x000000000800711c       0x10 zephyr/libzephyr.a(log_backend_uart.c.obj)
 .rodata.log_backend_uart_api
                0x000000000800712c       0x1c zephyr/libzephyr.a(log_backend_uart.c.obj)
                0x000000000800712c                log_backend_uart_api
 .rodata.mem_attr_region
                0x0000000008007148        0x0 zephyr/libzephyr.a(mem_attr.c.obj)
 .rodata.static_regions
                0x0000000008007148        0xc zephyr/arch/arch/arm/core/mpu/libarch__arm__core__mpu.a(arm_core_mpu.c.obj)
 .rodata.mpu_config
                0x0000000008007154        0x8 zephyr/arch/arch/arm/core/mpu/libarch__arm__core__mpu.a(arm_mpu_regions.c.obj)
                0x0000000008007154                mpu_config
 .rodata.mpu_regions
                0x000000000800715c       0x18 zephyr/arch/arch/arm/core/mpu/libarch__arm__core__mpu.a(arm_mpu_regions.c.obj)
 .rodata.adc_stm32_cfg_0
                0x0000000008007174       0x3c zephyr/drivers/adc/libdrivers__adc.a(adc_stm32.c.obj)
 .rodata.pclken_0
                0x00000000080071b0        0x8 zephyr/drivers/adc/libdrivers__adc.a(adc_stm32.c.obj)
 .rodata.__pinctrl_dev_config__device_dts_ord_12
                0x00000000080071b8        0x8 zephyr/drivers/adc/libdrivers__adc.a(adc_stm32.c.obj)
 .rodata.__pinctrl_states__device_dts_ord_12
                0x00000000080071c0        0x8 zephyr/drivers/adc/libdrivers__adc.a(adc_stm32.c.obj)
 .rodata.__pinctrl_state_pins_0__device_dts_ord_12
                0x00000000080071c8        0x8 zephyr/drivers/adc/libdrivers__adc.a(adc_stm32.c.obj)
 .rodata.api_stm32_driver_api
                0x00000000080071d0        0xc zephyr/drivers/adc/libdrivers__adc.a(adc_stm32.c.obj)
 .rodata.table_seq_len
                0x00000000080071dc       0x40 zephyr/drivers/adc/libdrivers__adc.a(adc_stm32.c.obj)
 .rodata.table_rank
                0x000000000800721c       0x40 zephyr/drivers/adc/libdrivers__adc.a(adc_stm32.c.obj)
 .rodata.stm32_clock_control_api
                0x000000000800725c       0x1c zephyr/drivers/clock_control/libdrivers__clock_control.a(clock_stm32_ll_common.c.obj)
 .rodata.gpio_stm32_cfg_h
                0x0000000008007278       0x14 zephyr/drivers/gpio/libdrivers__gpio.a(gpio_stm32.c.obj)
 .rodata.gpio_stm32_cfg_g
                0x000000000800728c       0x14 zephyr/drivers/gpio/libdrivers__gpio.a(gpio_stm32.c.obj)
 .rodata.gpio_stm32_cfg_f
                0x00000000080072a0       0x14 zephyr/drivers/gpio/libdrivers__gpio.a(gpio_stm32.c.obj)
 .rodata.gpio_stm32_cfg_e
                0x00000000080072b4       0x14 zephyr/drivers/gpio/libdrivers__gpio.a(gpio_stm32.c.obj)
 .rodata.gpio_stm32_cfg_d
                0x00000000080072c8       0x14 zephyr/drivers/gpio/libdrivers__gpio.a(gpio_stm32.c.obj)
 .rodata.gpio_stm32_cfg_c
                0x00000000080072dc       0x14 zephyr/drivers/gpio/libdrivers__gpio.a(gpio_stm32.c.obj)
 .rodata.gpio_stm32_cfg_b
                0x00000000080072f0       0x14 zephyr/drivers/gpio/libdrivers__gpio.a(gpio_stm32.c.obj)
 .rodata.gpio_stm32_cfg_a
                0x0000000008007304       0x14 zephyr/drivers/gpio/libdrivers__gpio.a(gpio_stm32.c.obj)
 .rodata.gpio_stm32_driver
                0x0000000008007318       0x24 zephyr/drivers/gpio/libdrivers__gpio.a(gpio_stm32.c.obj)
 .rodata.gpio_ports
                0x000000000800733c       0x40 zephyr/drivers/pinctrl/libdrivers__pinctrl.a(pinctrl_stm32.c.obj)
 .rodata.pwm_stm32_config_1
                0x000000000800737c       0x18 zephyr/drivers/pwm/libdrivers__pwm.a(pwm_stm32.c.obj)
 .rodata.__pinctrl_dev_config__device_dts_ord_57
                0x0000000008007394        0x8 zephyr/drivers/pwm/libdrivers__pwm.a(pwm_stm32.c.obj)
 .rodata.__pinctrl_states__device_dts_ord_57
                0x000000000800739c        0x8 zephyr/drivers/pwm/libdrivers__pwm.a(pwm_stm32.c.obj)
 .rodata.__pinctrl_state_pins_0__device_dts_ord_57
                0x00000000080073a4        0x8 zephyr/drivers/pwm/libdrivers__pwm.a(pwm_stm32.c.obj)
 .rodata.pwm_stm32_config_0
                0x00000000080073ac       0x18 zephyr/drivers/pwm/libdrivers__pwm.a(pwm_stm32.c.obj)
 .rodata.__pinctrl_dev_config__device_dts_ord_42
                0x00000000080073c4        0x8 zephyr/drivers/pwm/libdrivers__pwm.a(pwm_stm32.c.obj)
 .rodata.__pinctrl_states__device_dts_ord_42
                0x00000000080073cc        0x8 zephyr/drivers/pwm/libdrivers__pwm.a(pwm_stm32.c.obj)
 .rodata.__pinctrl_state_pins_0__device_dts_ord_42
                0x00000000080073d4        0x8 zephyr/drivers/pwm/libdrivers__pwm.a(pwm_stm32.c.obj)
 .rodata.pwm_stm32_driver_api
                0x00000000080073dc        0x8 zephyr/drivers/pwm/libdrivers__pwm.a(pwm_stm32.c.obj)
 .rodata.set_timer_compare
                0x00000000080073e4       0x10 zephyr/drivers/pwm/libdrivers__pwm.a(pwm_stm32.c.obj)
 .rodata.ch2ll_n
                0x00000000080073f4        0xc zephyr/drivers/pwm/libdrivers__pwm.a(pwm_stm32.c.obj)
 .rodata.ch2ll  0x0000000008007400       0x10 zephyr/drivers/pwm/libdrivers__pwm.a(pwm_stm32.c.obj)
 .rodata.reset_stm32_config
                0x0000000008007410        0x4 zephyr/drivers/reset/libdrivers__reset.a(reset_stm32.c.obj)
 .rodata.reset_stm32_driver_api
                0x0000000008007414       0x10 zephyr/drivers/reset/libdrivers__reset.a(reset_stm32.c.obj)
 .rodata.uart_stm32_cfg_1
                0x0000000008007424       0x24 zephyr/drivers/serial/libdrivers__serial.a(uart_stm32.c.obj)
 .rodata.pclken_1
                0x0000000008007448        0x8 zephyr/drivers/serial/libdrivers__serial.a(uart_stm32.c.obj)
 .rodata.__pinctrl_dev_config__device_dts_ord_79
                0x0000000008007450        0x8 zephyr/drivers/serial/libdrivers__serial.a(uart_stm32.c.obj)
 .rodata.__pinctrl_states__device_dts_ord_79
                0x0000000008007458        0x8 zephyr/drivers/serial/libdrivers__serial.a(uart_stm32.c.obj)
 .rodata.__pinctrl_state_pins_0__device_dts_ord_79
                0x0000000008007460       0x10 zephyr/drivers/serial/libdrivers__serial.a(uart_stm32.c.obj)
 .rodata.uart_stm32_cfg_0
                0x0000000008007470       0x24 zephyr/drivers/serial/libdrivers__serial.a(uart_stm32.c.obj)
 .rodata.pclken_0
                0x0000000008007494        0x8 zephyr/drivers/serial/libdrivers__serial.a(uart_stm32.c.obj)
 .rodata.__pinctrl_dev_config__device_dts_ord_85
                0x000000000800749c        0x8 zephyr/drivers/serial/libdrivers__serial.a(uart_stm32.c.obj)
 .rodata.__pinctrl_states__device_dts_ord_85
                0x00000000080074a4        0x8 zephyr/drivers/serial/libdrivers__serial.a(uart_stm32.c.obj)
 .rodata.__pinctrl_state_pins_0__device_dts_ord_85
                0x00000000080074ac       0x10 zephyr/drivers/serial/libdrivers__serial.a(uart_stm32.c.obj)
 .rodata.uart_stm32_driver_api
                0x00000000080074bc       0x14 zephyr/drivers/serial/libdrivers__serial.a(uart_stm32.c.obj)
 .rodata.CSWTCH.486
                0x00000000080074d0       0x14 zephyr/kernel/libkernel.a(fatal.c.obj)
 .rodata.levels.0
                0x00000000080074e4       0x18 zephyr/kernel/libkernel.a(init.c.obj)
 .rodata._ctype_
                0x00000000080074fc      0x101 /Users/juliafaubus/zephyr-sdk-0.17.4/arm-zephyr-eabi/arm-zephyr-eabi/lib/thumb/v7e-m/nofp/libc.a(lib_a-ctype_.o)
                0x00000000080074fc                _ctype_
 *fill*         0x00000000080075fd        0x1 
 .rodata.CSWTCH.527
                0x00000000080075fe        0x6 zephyr/drivers/serial/libdrivers__serial.a(uart_stm32.c.obj)
 .rodata.read_thermistor_temp.str1.1
                0x0000000008007604       0x5a app/libapp.a(heating.c.obj)
 .rodata.temp_safety_thread.str1.1
                0x000000000800765e       0x1c app/libapp.a(heating.c.obj)
 .rodata.main.str1.1
                0x000000000800767a       0xaf app/libapp.a(heating.c.obj)
 .rodata.str1.1
                0x0000000008007729        0xf app/libapp.a(heating.c.obj)
 .rodata.cbprintf_package_convert.str1.1
                0x0000000008007738       0xa3 zephyr/libzephyr.a(cbprintf_packaged.c.obj)
 .rodata.str1.1
                0x00000000080077db       0x11 zephyr/libzephyr.a(cbprintf_packaged.c.obj)
 .rodata.z_cbvprintf_impl.str1.1
                0x00000000080077ec        0x6 zephyr/libzephyr.a(cbprintf_complete.c.obj)
 .rodata.enable_logger.str1.1
                0x00000000080077f2        0x8 zephyr/libzephyr.a(log_core.c.obj)
 .rodata.str1.1
                0x00000000080077fa        0x4 zephyr/libzephyr.a(log_core.c.obj)
 .rodata.str1.1
                0x00000000080077fe        0x9 zephyr/libzephyr.a(log_mgmt.c.obj)
 .rodata.z_impl_z_log_msg_static_create.str1.1
                0x0000000008007807       0x3f zephyr/libzephyr.a(log_msg.c.obj)
 .rodata.z_log_msg_runtime_vcreate.str1.1
                0x0000000008007846       0x38 zephyr/libzephyr.a(log_msg.c.obj)
 .rodata.newline_print.str1.1
                0x000000000800787e        0x3 zephyr/libzephyr.a(log_output.c.obj)
                                          0x5 (size before relaxing)
 .rodata.log_output_process.str1.1
                0x0000000008007881       0x4f zephyr/libzephyr.a(log_output.c.obj)
                                         0x51 (size before relaxing)
 .rodata.log_output_dropped_process.str1.1
                0x00000000080078d0       0x4f zephyr/libzephyr.a(log_output.c.obj)
                                          0x3 (size before relaxing)
 .rodata.postfix.0
                0x00000000080078d0       0x1c zephyr/libzephyr.a(log_output.c.obj)
 .rodata.prefix.1
                0x00000000080078ec        0xc zephyr/libzephyr.a(log_output.c.obj)
 .rodata.str1.1
                0x00000000080078f8       0x20 zephyr/libzephyr.a(log_output.c.obj)
 .rodata.str1.1
                0x0000000008007918       0x1a zephyr/libzephyr.a(log_backend_uart.c.obj)
 .rodata.z_arm_fatal_error.str1.1
                0x0000000008007932       0xae zephyr/arch/arch/arm/core/libarch__arm__core.a(fatal.c.obj)
 .rodata.bus_fault.constprop.0.str1.1
                0x00000000080079e0       0xca zephyr/arch/arch/arm/core/cortex_m/libarch__arm__core__cortex_m.a(fault.c.obj)
 .rodata.usage_fault.constprop.0.str1.1
                0x0000000008007aaa       0xcd zephyr/arch/arch/arm/core/cortex_m/libarch__arm__core__cortex_m.a(fault.c.obj)
 .rodata.mem_manage_fault.str1.1
                0x0000000008007b77       0x96 zephyr/arch/arch/arm/core/cortex_m/libarch__arm__core__cortex_m.a(fault.c.obj)
 .rodata.z_arm_fault.str1.1
                0x0000000008007c0d      0x111 zephyr/arch/arch/arm/core/cortex_m/libarch__arm__core__cortex_m.a(fault.c.obj)
 .rodata.str1.1
                0x0000000008007d1e        0x4 zephyr/arch/arch/arm/core/mpu/libarch__arm__core__mpu.a(arm_core_mpu.c.obj)
 .rodata.region_allocate_and_init.str1.1
                0x0000000008007d22       0x26 zephyr/arch/arch/arm/core/mpu/libarch__arm__core__mpu.a(arm_mpu.c.obj)
 .rodata.mpu_configure_regions.str1.1
                0x0000000008007d48       0x23 zephyr/arch/arch/arm/core/mpu/libarch__arm__core__mpu.a(arm_mpu.c.obj)
 .rodata.str1.1
                0x0000000008007d6b        0xf zephyr/arch/arch/arm/core/mpu/libarch__arm__core__mpu.a(arm_mpu_regions.c.obj)
 .rodata.line_range_6.0
                0x0000000008007d7a        0x2 zephyr/drivers/interrupt_controller/libdrivers__interrupt_controller.a(intc_exti_stm32.c.obj)
 .rodata.line_range_5.1
                0x0000000008007d7c        0x2 zephyr/drivers/interrupt_controller/libdrivers__interrupt_controller.a(intc_exti_stm32.c.obj)
 .rodata.line_range_4.2
                0x0000000008007d7e        0x2 zephyr/drivers/interrupt_controller/libdrivers__interrupt_controller.a(intc_exti_stm32.c.obj)
 .rodata.line_range_3.3
                0x0000000008007d80        0x2 zephyr/drivers/interrupt_controller/libdrivers__interrupt_controller.a(intc_exti_stm32.c.obj)
 .rodata.line_range_2.4
                0x0000000008007d82        0x2 zephyr/drivers/interrupt_controller/libdrivers__interrupt_controller.a(intc_exti_stm32.c.obj)
 .rodata.line_range_1.5
                0x0000000008007d84        0x2 zephyr/drivers/interrupt_controller/libdrivers__interrupt_controller.a(intc_exti_stm32.c.obj)
 .rodata.line_range_0.6
                0x0000000008007d86        0x2 zephyr/drivers/interrupt_controller/libdrivers__interrupt_controller.a(intc_exti_stm32.c.obj)
 .rodata.str1.1
                0x0000000008007d88       0x1e zephyr/drivers/interrupt_controller/libdrivers__interrupt_controller.a(intc_exti_stm32.c.obj)
 .rodata.gains.0
                0x0000000008007da6       0x28 zephyr/drivers/adc/libdrivers__adc.a(adc_common.c.obj)
 .rodata.adc_stm32_channel_setup.str1.1
                0x0000000008007dce       0xc6 zephyr/drivers/adc/libdrivers__adc.a(adc_stm32.c.obj)
 .rodata.adc_stm32_read.str1.1
                0x0000000008007e94       0xab zephyr/drivers/adc/libdrivers__adc.a(adc_stm32.c.obj)
 .rodata.adc_stm32_init.str1.1
                0x0000000008007f3f       0x3d zephyr/drivers/adc/libdrivers__adc.a(adc_stm32.c.obj)
 .rodata.str1.1
                0x0000000008007f7c       0x17 zephyr/drivers/adc/libdrivers__adc.a(adc_stm32.c.obj)
 .rodata.str1.1
                0x0000000008007f93        0xd zephyr/drivers/clock_control/libdrivers__clock_control.a(clock_stm32_ll_common.c.obj)
 .rodata.str1.1
                0x0000000008007fa0       0x70 zephyr/drivers/gpio/libdrivers__gpio.a(gpio_stm32.c.obj)
                                         0x76 (size before relaxing)
 .rodata.pwm_stm32_set_cycles.str1.1
                0x0000000008008010       0x66 zephyr/drivers/pwm/libdrivers__pwm.a(pwm_stm32.c.obj)
 .rodata.pwm_stm32_init.str1.1
                0x0000000008008076       0x7b zephyr/drivers/pwm/libdrivers__pwm.a(pwm_stm32.c.obj)
                                         0x9a (size before relaxing)
 .rodata.str1.1
                0x00000000080080f1       0x13 zephyr/drivers/pwm/libdrivers__pwm.a(pwm_stm32.c.obj)
 .rodata.SHIFT_TAB_CCxP
                0x0000000008008104        0x7 zephyr/drivers/pwm/libdrivers__pwm.a(pwm_stm32.c.obj)
 .rodata.SHIFT_TAB_OCxx
                0x000000000800810b        0x7 zephyr/drivers/pwm/libdrivers__pwm.a(pwm_stm32.c.obj)
 .rodata.OFFSET_TAB_CCMRx
                0x0000000008008112        0x7 zephyr/drivers/pwm/libdrivers__pwm.a(pwm_stm32.c.obj)
 .rodata.str1.1
                0x0000000008008119       0x11 zephyr/drivers/reset/libdrivers__reset.a(reset_stm32.c.obj)
 .rodata.uart_stm32_set_baudrate.part.0.str1.1
                0x000000000800812a       0x2e zephyr/drivers/serial/libdrivers__serial.a(uart_stm32.c.obj)
 .rodata.uart_stm32_init.str1.1
                0x0000000008008158       0x3b zephyr/drivers/serial/libdrivers__serial.a(uart_stm32.c.obj)
                                         0x5a (size before relaxing)
 .rodata.str1.1
                0x0000000008008193       0x2b zephyr/drivers/serial/libdrivers__serial.a(uart_stm32.c.obj)
 .rodata.APBPrescTable
                0x00000000080081be        0x8 modules/stm32/stm32cube/lib..__modules__hal__stm32__stm32cube.a(system_stm32f4xx.c.obj)
                0x00000000080081be                APBPrescTable
 .rodata.AHBPrescTable
                0x00000000080081c6       0x10 modules/stm32/stm32cube/lib..__modules__hal__stm32__stm32cube.a(system_stm32f4xx.c.obj)
                0x00000000080081c6                AHBPrescTable
 .rodata.k_sys_fatal_error_handler.str1.1
                0x00000000080081d6        0xf zephyr/kernel/libkernel.a(fatal.c.obj)
 .rodata.z_fatal_error.str1.1
                0x00000000080081e5       0x77 zephyr/kernel/libkernel.a(fatal.c.obj)
 .rodata.str1.1
                0x000000000800825c       0x4a zephyr/kernel/libkernel.a(fatal.c.obj)
 .rodata.z_cstart.str1.1
                0x00000000080082a6        0x5 zephyr/kernel/libkernel.a(init.c.obj)
 .rodata.str1.1
                0x00000000080082ab        0x3 zephyr/kernel/libkernel.a(init.c.obj)
 .rodata.boot_banner.str1.1
                0x00000000080082ae       0x28 zephyr/kernel/libkernel.a(banner.c.obj)
 *(SORT_BY_ALIGNMENT(.gnu.linkonce.r.*))
                0x00000000080082d8                . = ALIGN (0x4)
 *fill*         0x00000000080082d6        0x2 
                0x00000000080082d8                __rodata_region_end = .
                0x00000000080082e0                . = ALIGN (_region_min_align)
                0x0000000008010000                . = ALIGN ((0x1 << LOG2CEIL ((__rodata_region_end - ADDR (rom_start)))))
                0x0000000008010000                __rom_region_end = ((__rom_region_start + .) - ADDR (rom_start))

/DISCARD/
 *(SORT_BY_ALIGNMENT(.got.plt))
 *(SORT_BY_ALIGNMENT(.igot.plt))
 *(SORT_BY_ALIGNMENT(.got))
 *(SORT_BY_ALIGNMENT(.igot))
                0x0000000020000000                . = 0x20000000
                0x0000000020000000                . = ALIGN (_region_min_align)
                0x0000000020000000                _image_ram_start = .

.ramfunc        0x0000000020000000        0x0 load address 0x00000000080082d8
                0x0000000020000000                . = ALIGN (_region_min_align)
                0x0000000020000000                . = ALIGN ((0x1 << LOG2CEIL (__ramfunc_size)))
                0x0000000020000000                __ramfunc_start = .
 *(SORT_BY_ALIGNMENT(.ramfunc))
 *(SORT_BY_ALIGNMENT(.ramfunc.*))
                0x0000000020000000                . = ALIGN (_region_min_align)
                0x0000000020000000                . = ALIGN ((0x1 << LOG2CEIL (__ramfunc_size)))
                0x0000000020000000                __ramfunc_end = .
                0x0000000000000000                __ramfunc_size = (__ramfunc_end - __ramfunc_start)
                0x00000000080082d8                __ramfunc_load_start = LOADADDR (.ramfunc)

datas           0x0000000020000000      0x114 load address 0x00000000080082d8
                0x0000000020000000                __data_region_start = .
                0x0000000020000000                __data_start = .
 *(SORT_BY_ALIGNMENT(.data))
 *(SORT_BY_ALIGNMENT(.data.*))
 .data.adc_stm32_data_0
                0x0000000020000000       0xa8 zephyr/drivers/adc/libdrivers__adc.a(adc_stm32.c.obj)
 .data._char_out
                0x00000000200000a8        0x4 zephyr/libzephyr.a(printk.c.obj)
                0x00000000200000a8                _char_out
 .data.timestamp_func
                0x00000000200000ac        0x4 zephyr/libzephyr.a(log_core.c.obj)
 .data.backend_cb_log_backend_uart
                0x00000000200000b0        0x8 zephyr/libzephyr.a(log_backend_uart.c.obj)
 .data.handler  0x00000000200000b8        0x4 zephyr/arch/arch/arm/core/libarch__arm__core.a(nmi.c.obj)
 .data._stdout_hook
                0x00000000200000bc        0x4 zephyr/lib/libc/newlib/liblib__libc__newlib.a(libc-hooks.c.obj)
 .data.pwm_stm32_data_1
                0x00000000200000c0        0xc zephyr/drivers/pwm/libdrivers__pwm.a(pwm_stm32.c.obj)
 .data.pwm_stm32_data_0
                0x00000000200000cc        0xc zephyr/drivers/pwm/libdrivers__pwm.a(pwm_stm32.c.obj)
 .data.uart_stm32_data_1
                0x00000000200000d8        0x8 zephyr/drivers/serial/libdrivers__serial.a(uart_stm32.c.obj)
 .data.uart_cfg_1
                0x00000000200000e0        0x8 zephyr/drivers/serial/libdrivers__serial.a(uart_stm32.c.obj)
 .data.uart_stm32_data_0
                0x00000000200000e8        0x8 zephyr/drivers/serial/libdrivers__serial.a(uart_stm32.c.obj)
 .data.uart_cfg_0
                0x00000000200000f0        0x8 zephyr/drivers/serial/libdrivers__serial.a(uart_stm32.c.obj)
 .data.SystemCoreClock
                0x00000000200000f8        0x4 modules/stm32/stm32cube/lib..__modules__hal__stm32__stm32cube.a(system_stm32f4xx.c.obj)
                0x00000000200000f8                SystemCoreClock
 .data.timeout_list
                0x00000000200000fc        0x8 zephyr/kernel/libkernel.a(timeout.c.obj)
 .data.exti_irq_table
                0x0000000020000104       0x10 zephyr/drivers/interrupt_controller/libdrivers__interrupt_controller.a(intc_exti_stm32.c.obj)
 *(SORT_BY_ALIGNMENT(.kernel.*))
                0x0000000020000114                __data_end = .
                0x0000000000000114                __data_size = (__data_end - __data_start)
                0x00000000080082d8                __data_load_start = LOADADDR (datas)
                0x00000000080082d8                __data_region_load_start = LOADADDR (datas)

device_states   0x0000000020000114       0x20 load address 0x00000000080083ec
                0x0000000020000114                __device_states_start = .
 *(SORT_BY_ALIGNMENT(.z_devstate))
 .z_devstate    0x0000000020000114        0x2 zephyr/drivers/interrupt_controller/libdrivers__interrupt_controller.a(intc_exti_stm32.c.obj)
 .z_devstate    0x0000000020000116        0x2 zephyr/drivers/adc/libdrivers__adc.a(adc_stm32.c.obj)